Archive member included to satisfy reference by file (symbol)

/usr/lib/gcc/arm-none-eabi/9.2.1/../../../arm-none-eabi/lib/thumb/v7e-m+fp/softfp/libc.a(lib_a-itoa.o)
                              lib/ftoa.o (itoa)
/usr/lib/gcc/arm-none-eabi/9.2.1/../../../arm-none-eabi/lib/thumb/v7e-m+fp/softfp/libc.a(lib_a-memcpy.o)
                              chip/stm32/bss_init.o (memcpy)
/usr/lib/gcc/arm-none-eabi/9.2.1/../../../arm-none-eabi/lib/thumb/v7e-m+fp/softfp/libc.a(lib_a-memset.o)
                              bsp/generic-stm32f746/main.o (memset)
/usr/lib/gcc/arm-none-eabi/9.2.1/../../../arm-none-eabi/lib/thumb/v7e-m+fp/softfp/libc.a(lib_a-strcat.o)
                              lib/ftoa.o (strcat)
/usr/lib/gcc/arm-none-eabi/9.2.1/../../../arm-none-eabi/lib/thumb/v7e-m+fp/softfp/libc.a(lib_a-strcpy.o)
                              /usr/lib/gcc/arm-none-eabi/9.2.1/../../../arm-none-eabi/lib/thumb/v7e-m+fp/softfp/libc.a(lib_a-strcat.o) (strcpy)
/usr/lib/gcc/arm-none-eabi/9.2.1/../../../arm-none-eabi/lib/thumb/v7e-m+fp/softfp/libc.a(lib_a-strlen.o)
                              lib/ftoa.o (strlen)
/usr/lib/gcc/arm-none-eabi/9.2.1/../../../arm-none-eabi/lib/thumb/v7e-m+fp/softfp/libc.a(lib_a-utoa.o)
                              /usr/lib/gcc/arm-none-eabi/9.2.1/../../../arm-none-eabi/lib/thumb/v7e-m+fp/softfp/libc.a(lib_a-itoa.o) (__utoa)
/usr/lib/gcc/arm-none-eabi/9.2.1/thumb/v7e-m+fp/softfp/libgcc.a(_arm_addsubdf3.o)
                              lib/ftoa.o (__aeabi_f2d)
/usr/lib/gcc/arm-none-eabi/9.2.1/thumb/v7e-m+fp/softfp/libgcc.a(_arm_fixdfsi.o)
                              lib/ftoa.o (__aeabi_d2iz)
/usr/lib/gcc/arm-none-eabi/9.2.1/thumb/v7e-m+fp/softfp/libgcc.a(_arm_truncdfsf2.o)
                              lib/xprintf.o (__aeabi_d2f)
/usr/lib/gcc/arm-none-eabi/9.2.1/thumb/v7e-m+fp/softfp/libgcc.a(_aeabi_uldivmod.o)
                              lib/xprintf.o (__aeabi_uldivmod)
/usr/lib/gcc/arm-none-eabi/9.2.1/thumb/v7e-m+fp/softfp/libgcc.a(_udivmoddi4.o)
                              /usr/lib/gcc/arm-none-eabi/9.2.1/thumb/v7e-m+fp/softfp/libgcc.a(_aeabi_uldivmod.o) (__udivmoddi4)
/usr/lib/gcc/arm-none-eabi/9.2.1/thumb/v7e-m+fp/softfp/libgcc.a(_dvmd_tls.o)
                              /usr/lib/gcc/arm-none-eabi/9.2.1/thumb/v7e-m+fp/softfp/libgcc.a(_aeabi_uldivmod.o) (__aeabi_ldiv0)
/usr/lib/gcc/arm-none-eabi/9.2.1/../../../arm-none-eabi/lib/thumb/v7e-m+fp/softfp/libm.a(lib_a-s_ceil.o)
                              lib/ftoa.o (ceil)
/usr/lib/gcc/arm-none-eabi/9.2.1/../../../arm-none-eabi/lib/thumb/v7e-m+fp/softfp/libm.a(lib_a-w_log10.o)
                              lib/ftoa.o (log10)
/usr/lib/gcc/arm-none-eabi/9.2.1/../../../arm-none-eabi/lib/thumb/v7e-m+fp/softfp/libm.a(lib_a-e_log10.o)
                              /usr/lib/gcc/arm-none-eabi/9.2.1/../../../arm-none-eabi/lib/thumb/v7e-m+fp/softfp/libm.a(lib_a-w_log10.o) (__ieee754_log10)
/usr/lib/gcc/arm-none-eabi/9.2.1/../../../arm-none-eabi/lib/thumb/v7e-m+fp/softfp/libm.a(lib_a-s_lib_ver.o)
                              /usr/lib/gcc/arm-none-eabi/9.2.1/../../../arm-none-eabi/lib/thumb/v7e-m+fp/softfp/libm.a(lib_a-w_log10.o) (__fdlib_version)
/usr/lib/gcc/arm-none-eabi/9.2.1/../../../arm-none-eabi/lib/thumb/v7e-m+fp/softfp/libm.a(lib_a-s_nan.o)
                              /usr/lib/gcc/arm-none-eabi/9.2.1/../../../arm-none-eabi/lib/thumb/v7e-m+fp/softfp/libm.a(lib_a-w_log10.o) (nan)
/usr/lib/gcc/arm-none-eabi/9.2.1/../../../arm-none-eabi/lib/thumb/v7e-m+fp/softfp/libm.a(lib_a-e_log.o)
                              /usr/lib/gcc/arm-none-eabi/9.2.1/../../../arm-none-eabi/lib/thumb/v7e-m+fp/softfp/libm.a(lib_a-e_log10.o) (__ieee754_log)
briscits/libbrisc.a(cpu.o)    chip/stm32/f7/boot.o (_fpu_init)
briscits/libbrisc.a(brisc_irq.o)
                              chip/stm32/f7/stm32f746xe/vectors.o (SysTick_IRQ_Handler)
briscits/libbrisc.a(brisc_thread.o)
                              bsp/generic-stm32f746/main.o (b_thread_systick)
briscits/libbrisc.a(brisc_sched.o)
                              briscits/libbrisc.a(brisc_irq.o) (b_thread_schedule_next)
/usr/lib/gcc/arm-none-eabi/9.2.1/thumb/v7e-m+fp/softfp/libgcc.a(_arm_muldf3.o)
                              /usr/lib/gcc/arm-none-eabi/9.2.1/../../../arm-none-eabi/lib/thumb/v7e-m+fp/softfp/libm.a(lib_a-e_log10.o) (__aeabi_dmul)
/usr/lib/gcc/arm-none-eabi/9.2.1/thumb/v7e-m+fp/softfp/libgcc.a(_arm_muldivdf3.o)
                              /usr/lib/gcc/arm-none-eabi/9.2.1/../../../arm-none-eabi/lib/thumb/v7e-m+fp/softfp/libm.a(lib_a-e_log10.o) (__aeabi_ddiv)
/usr/lib/gcc/arm-none-eabi/9.2.1/thumb/v7e-m+fp/softfp/libgcc.a(_arm_cmpdf2.o)
                              /usr/lib/gcc/arm-none-eabi/9.2.1/../../../arm-none-eabi/lib/thumb/v7e-m+fp/softfp/libm.a(lib_a-w_log10.o) (__aeabi_dcmpeq)
/usr/lib/gcc/arm-none-eabi/9.2.1/thumb/v7e-m+fp/softfp/libgcc.a(_arm_unorddf2.o)
                              /usr/lib/gcc/arm-none-eabi/9.2.1/../../../arm-none-eabi/lib/thumb/v7e-m+fp/softfp/libm.a(lib_a-w_log10.o) (__aeabi_dcmpun)
/usr/lib/gcc/arm-none-eabi/9.2.1/../../../arm-none-eabi/lib/thumb/v7e-m+fp/softfp/libc.a(lib_a-errno.o)
                              /usr/lib/gcc/arm-none-eabi/9.2.1/../../../arm-none-eabi/lib/thumb/v7e-m+fp/softfp/libm.a(lib_a-w_log10.o) (__errno)
/usr/lib/gcc/arm-none-eabi/9.2.1/../../../arm-none-eabi/lib/thumb/v7e-m+fp/softfp/libc.a(lib_a-impure.o)
                              /usr/lib/gcc/arm-none-eabi/9.2.1/../../../arm-none-eabi/lib/thumb/v7e-m+fp/softfp/libc.a(lib_a-errno.o) (_impure_ptr)
/usr/lib/gcc/arm-none-eabi/9.2.1/../../../arm-none-eabi/lib/thumb/v7e-m+fp/softfp/libc.a(lib_a-strncpy.o)
                              briscits/libbrisc.a(brisc_thread.o) (strncpy)

Allocating common symbols
Common symbol       size              file

xfunc_in            0x4               lib/xprintf.o
xfunc_out           0x4               lib/xprintf.o
brisc_scheduler_state
                    0x90              briscits/libbrisc.a(brisc_sched.o)
app_state           0x10              bsp/generic-stm32f746/main.o

Discarded input sections

 .text          0x0000000000000000        0x0 chip/stm32/f7/stm32f746xe/vectors.o
 .data          0x0000000000000000        0x0 chip/stm32/f7/stm32f746xe/vectors.o
 .bss           0x0000000000000000        0x0 chip/stm32/f7/stm32f746xe/vectors.o
 .text          0x0000000000000000        0x0 chip/stm32/f7/boot.o
 .data          0x0000000000000000        0x0 chip/stm32/f7/boot.o
 .bss           0x0000000000000000        0x0 chip/stm32/f7/boot.o
 .text          0x0000000000000000      0x94c lib/xprintf.o
 .data          0x0000000000000000        0x0 lib/xprintf.o
 .bss           0x0000000000000000        0x4 lib/xprintf.o
 .rodata        0x0000000000000000       0x1f lib/xprintf.o
 .debug_info    0x0000000000000000      0x5cc lib/xprintf.o
 .debug_abbrev  0x0000000000000000      0x1f8 lib/xprintf.o
 .debug_aranges
                0x0000000000000000       0x20 lib/xprintf.o
 .debug_line    0x0000000000000000      0x5b8 lib/xprintf.o
 .debug_str     0x0000000000000000      0x254 lib/xprintf.o
 .comment       0x0000000000000000       0x5a lib/xprintf.o
 .debug_frame   0x0000000000000000      0x208 lib/xprintf.o
 .ARM.attributes
                0x0000000000000000       0x32 lib/xprintf.o
 COMMON         0x0000000000000000        0x8 lib/xprintf.o
 .text          0x0000000000000000      0x298 lib/ftoa.o
 .data          0x0000000000000000        0x0 lib/ftoa.o
 .bss           0x0000000000000000        0x0 lib/ftoa.o
 .rodata        0x0000000000000000        0x2 lib/ftoa.o
 .debug_info    0x0000000000000000      0xa42 lib/ftoa.o
 .debug_abbrev  0x0000000000000000      0x243 lib/ftoa.o
 .debug_aranges
                0x0000000000000000       0x20 lib/ftoa.o
 .debug_line    0x0000000000000000      0x1aa lib/ftoa.o
 .debug_str     0x0000000000000000      0x62e lib/ftoa.o
 .comment       0x0000000000000000       0x5a lib/ftoa.o
 .debug_frame   0x0000000000000000       0x38 lib/ftoa.o
 .ARM.attributes
                0x0000000000000000       0x32 lib/ftoa.o
 .data          0x0000000000000000        0x0 chip/stm32/f7/core_clock.o
 .bss           0x0000000000000000        0x0 chip/stm32/f7/core_clock.o
 .bss           0x0000000000000000        0x0 chip/stm32/f7/system_stm32f7xx.o
 .data          0x0000000000000000        0x0 chip/stm32/f7/systick_init.o
 .bss           0x0000000000000000        0x0 chip/stm32/f7/systick_init.o
 .data          0x0000000000000000        0x0 chip/stm32/bss_init.o
 .bss           0x0000000000000000        0x0 chip/stm32/bss_init.o
 .data          0x0000000000000000        0x0 chip/stm32/cpp_init.o
 .bss           0x0000000000000000        0x0 chip/stm32/cpp_init.o
 .data          0x0000000000000000        0x0 bsp/generic-stm32f746/brisc_board.o
 .bss           0x0000000000000000        0x0 bsp/generic-stm32f746/brisc_board.o
 .text          0x0000000000000000       0x30 /usr/lib/gcc/arm-none-eabi/9.2.1/../../../arm-none-eabi/lib/thumb/v7e-m+fp/softfp/libc.a(lib_a-itoa.o)
 .data          0x0000000000000000        0x0 /usr/lib/gcc/arm-none-eabi/9.2.1/../../../arm-none-eabi/lib/thumb/v7e-m+fp/softfp/libc.a(lib_a-itoa.o)
 .bss           0x0000000000000000        0x0 /usr/lib/gcc/arm-none-eabi/9.2.1/../../../arm-none-eabi/lib/thumb/v7e-m+fp/softfp/libc.a(lib_a-itoa.o)
 .debug_info    0x0000000000000000      0xa1e /usr/lib/gcc/arm-none-eabi/9.2.1/../../../arm-none-eabi/lib/thumb/v7e-m+fp/softfp/libc.a(lib_a-itoa.o)
 .debug_abbrev  0x0000000000000000      0x25b /usr/lib/gcc/arm-none-eabi/9.2.1/../../../arm-none-eabi/lib/thumb/v7e-m+fp/softfp/libc.a(lib_a-itoa.o)
 .debug_loc     0x0000000000000000      0x1ab /usr/lib/gcc/arm-none-eabi/9.2.1/../../../arm-none-eabi/lib/thumb/v7e-m+fp/softfp/libc.a(lib_a-itoa.o)
 .debug_aranges
                0x0000000000000000       0x20 /usr/lib/gcc/arm-none-eabi/9.2.1/../../../arm-none-eabi/lib/thumb/v7e-m+fp/softfp/libc.a(lib_a-itoa.o)
 .debug_line    0x0000000000000000      0x195 /usr/lib/gcc/arm-none-eabi/9.2.1/../../../arm-none-eabi/lib/thumb/v7e-m+fp/softfp/libc.a(lib_a-itoa.o)
 .debug_str     0x0000000000000000      0x5cd /usr/lib/gcc/arm-none-eabi/9.2.1/../../../arm-none-eabi/lib/thumb/v7e-m+fp/softfp/libc.a(lib_a-itoa.o)
 .comment       0x0000000000000000       0x5a /usr/lib/gcc/arm-none-eabi/9.2.1/../../../arm-none-eabi/lib/thumb/v7e-m+fp/softfp/libc.a(lib_a-itoa.o)
 .debug_frame   0x0000000000000000       0x38 /usr/lib/gcc/arm-none-eabi/9.2.1/../../../arm-none-eabi/lib/thumb/v7e-m+fp/softfp/libc.a(lib_a-itoa.o)
 .ARM.attributes
                0x0000000000000000       0x32 /usr/lib/gcc/arm-none-eabi/9.2.1/../../../arm-none-eabi/lib/thumb/v7e-m+fp/softfp/libc.a(lib_a-itoa.o)
 .data          0x0000000000000000        0x0 /usr/lib/gcc/arm-none-eabi/9.2.1/../../../arm-none-eabi/lib/thumb/v7e-m+fp/softfp/libc.a(lib_a-memcpy.o)
 .bss           0x0000000000000000        0x0 /usr/lib/gcc/arm-none-eabi/9.2.1/../../../arm-none-eabi/lib/thumb/v7e-m+fp/softfp/libc.a(lib_a-memcpy.o)
 .data          0x0000000000000000        0x0 /usr/lib/gcc/arm-none-eabi/9.2.1/../../../arm-none-eabi/lib/thumb/v7e-m+fp/softfp/libc.a(lib_a-memset.o)
 .bss           0x0000000000000000        0x0 /usr/lib/gcc/arm-none-eabi/9.2.1/../../../arm-none-eabi/lib/thumb/v7e-m+fp/softfp/libc.a(lib_a-memset.o)
 .text          0x0000000000000000       0x40 /usr/lib/gcc/arm-none-eabi/9.2.1/../../../arm-none-eabi/lib/thumb/v7e-m+fp/softfp/libc.a(lib_a-strcat.o)
 .data          0x0000000000000000        0x0 /usr/lib/gcc/arm-none-eabi/9.2.1/../../../arm-none-eabi/lib/thumb/v7e-m+fp/softfp/libc.a(lib_a-strcat.o)
 .bss           0x0000000000000000        0x0 /usr/lib/gcc/arm-none-eabi/9.2.1/../../../arm-none-eabi/lib/thumb/v7e-m+fp/softfp/libc.a(lib_a-strcat.o)
 .debug_info    0x0000000000000000      0x9a4 /usr/lib/gcc/arm-none-eabi/9.2.1/../../../arm-none-eabi/lib/thumb/v7e-m+fp/softfp/libc.a(lib_a-strcat.o)
 .debug_abbrev  0x0000000000000000      0x22c /usr/lib/gcc/arm-none-eabi/9.2.1/../../../arm-none-eabi/lib/thumb/v7e-m+fp/softfp/libc.a(lib_a-strcat.o)
 .debug_loc     0x0000000000000000       0xc3 /usr/lib/gcc/arm-none-eabi/9.2.1/../../../arm-none-eabi/lib/thumb/v7e-m+fp/softfp/libc.a(lib_a-strcat.o)
 .debug_aranges
                0x0000000000000000       0x20 /usr/lib/gcc/arm-none-eabi/9.2.1/../../../arm-none-eabi/lib/thumb/v7e-m+fp/softfp/libc.a(lib_a-strcat.o)
 .debug_line    0x0000000000000000      0x181 /usr/lib/gcc/arm-none-eabi/9.2.1/../../../arm-none-eabi/lib/thumb/v7e-m+fp/softfp/libc.a(lib_a-strcat.o)
 .debug_str     0x0000000000000000      0x5b9 /usr/lib/gcc/arm-none-eabi/9.2.1/../../../arm-none-eabi/lib/thumb/v7e-m+fp/softfp/libc.a(lib_a-strcat.o)
 .comment       0x0000000000000000       0x5a /usr/lib/gcc/arm-none-eabi/9.2.1/../../../arm-none-eabi/lib/thumb/v7e-m+fp/softfp/libc.a(lib_a-strcat.o)
 .debug_frame   0x0000000000000000       0x28 /usr/lib/gcc/arm-none-eabi/9.2.1/../../../arm-none-eabi/lib/thumb/v7e-m+fp/softfp/libc.a(lib_a-strcat.o)
 .ARM.attributes
                0x0000000000000000       0x32 /usr/lib/gcc/arm-none-eabi/9.2.1/../../../arm-none-eabi/lib/thumb/v7e-m+fp/softfp/libc.a(lib_a-strcat.o)
 .text          0x0000000000000000       0xbc /usr/lib/gcc/arm-none-eabi/9.2.1/../../../arm-none-eabi/lib/thumb/v7e-m+fp/softfp/libc.a(lib_a-strcpy.o)
 .data          0x0000000000000000        0x0 /usr/lib/gcc/arm-none-eabi/9.2.1/../../../arm-none-eabi/lib/thumb/v7e-m+fp/softfp/libc.a(lib_a-strcpy.o)
 .bss           0x0000000000000000        0x0 /usr/lib/gcc/arm-none-eabi/9.2.1/../../../arm-none-eabi/lib/thumb/v7e-m+fp/softfp/libc.a(lib_a-strcpy.o)
 .debug_info    0x0000000000000000      0x943 /usr/lib/gcc/arm-none-eabi/9.2.1/../../../arm-none-eabi/lib/thumb/v7e-m+fp/softfp/libc.a(lib_a-strcpy.o)
 .debug_abbrev  0x0000000000000000      0x1e3 /usr/lib/gcc/arm-none-eabi/9.2.1/../../../arm-none-eabi/lib/thumb/v7e-m+fp/softfp/libc.a(lib_a-strcpy.o)
 .debug_loc     0x0000000000000000       0x25 /usr/lib/gcc/arm-none-eabi/9.2.1/../../../arm-none-eabi/lib/thumb/v7e-m+fp/softfp/libc.a(lib_a-strcpy.o)
 .debug_aranges
                0x0000000000000000       0x20 /usr/lib/gcc/arm-none-eabi/9.2.1/../../../arm-none-eabi/lib/thumb/v7e-m+fp/softfp/libc.a(lib_a-strcpy.o)
 .debug_ranges  0x0000000000000000       0x10 /usr/lib/gcc/arm-none-eabi/9.2.1/../../../arm-none-eabi/lib/thumb/v7e-m+fp/softfp/libc.a(lib_a-strcpy.o)
 .debug_line    0x0000000000000000      0x149 /usr/lib/gcc/arm-none-eabi/9.2.1/../../../arm-none-eabi/lib/thumb/v7e-m+fp/softfp/libc.a(lib_a-strcpy.o)
 .debug_str     0x0000000000000000      0x5b4 /usr/lib/gcc/arm-none-eabi/9.2.1/../../../arm-none-eabi/lib/thumb/v7e-m+fp/softfp/libc.a(lib_a-strcpy.o)
 .comment       0x0000000000000000       0x5a /usr/lib/gcc/arm-none-eabi/9.2.1/../../../arm-none-eabi/lib/thumb/v7e-m+fp/softfp/libc.a(lib_a-strcpy.o)
 .debug_frame   0x0000000000000000       0x20 /usr/lib/gcc/arm-none-eabi/9.2.1/../../../arm-none-eabi/lib/thumb/v7e-m+fp/softfp/libc.a(lib_a-strcpy.o)
 .ARM.attributes
                0x0000000000000000       0x32 /usr/lib/gcc/arm-none-eabi/9.2.1/../../../arm-none-eabi/lib/thumb/v7e-m+fp/softfp/libc.a(lib_a-strcpy.o)
 .text          0x0000000000000000       0xdc /usr/lib/gcc/arm-none-eabi/9.2.1/../../../arm-none-eabi/lib/thumb/v7e-m+fp/softfp/libc.a(lib_a-strlen.o)
 .data          0x0000000000000000        0x0 /usr/lib/gcc/arm-none-eabi/9.2.1/../../../arm-none-eabi/lib/thumb/v7e-m+fp/softfp/libc.a(lib_a-strlen.o)
 .bss           0x0000000000000000        0x0 /usr/lib/gcc/arm-none-eabi/9.2.1/../../../arm-none-eabi/lib/thumb/v7e-m+fp/softfp/libc.a(lib_a-strlen.o)
 .debug_line    0x0000000000000000       0xaf /usr/lib/gcc/arm-none-eabi/9.2.1/../../../arm-none-eabi/lib/thumb/v7e-m+fp/softfp/libc.a(lib_a-strlen.o)
 .debug_info    0x0000000000000000       0x26 /usr/lib/gcc/arm-none-eabi/9.2.1/../../../arm-none-eabi/lib/thumb/v7e-m+fp/softfp/libc.a(lib_a-strlen.o)
 .debug_abbrev  0x0000000000000000       0x14 /usr/lib/gcc/arm-none-eabi/9.2.1/../../../arm-none-eabi/lib/thumb/v7e-m+fp/softfp/libc.a(lib_a-strlen.o)
 .debug_aranges
                0x0000000000000000       0x20 /usr/lib/gcc/arm-none-eabi/9.2.1/../../../arm-none-eabi/lib/thumb/v7e-m+fp/softfp/libc.a(lib_a-strlen.o)
 .debug_str     0x0000000000000000       0xb2 /usr/lib/gcc/arm-none-eabi/9.2.1/../../../arm-none-eabi/lib/thumb/v7e-m+fp/softfp/libc.a(lib_a-strlen.o)
 .ARM.attributes
                0x0000000000000000       0x1c /usr/lib/gcc/arm-none-eabi/9.2.1/../../../arm-none-eabi/lib/thumb/v7e-m+fp/softfp/libc.a(lib_a-strlen.o)
 .text          0x0000000000000000       0x94 /usr/lib/gcc/arm-none-eabi/9.2.1/../../../arm-none-eabi/lib/thumb/v7e-m+fp/softfp/libc.a(lib_a-utoa.o)
 .data          0x0000000000000000        0x0 /usr/lib/gcc/arm-none-eabi/9.2.1/../../../arm-none-eabi/lib/thumb/v7e-m+fp/softfp/libc.a(lib_a-utoa.o)
 .bss           0x0000000000000000        0x0 /usr/lib/gcc/arm-none-eabi/9.2.1/../../../arm-none-eabi/lib/thumb/v7e-m+fp/softfp/libc.a(lib_a-utoa.o)
 .rodata.str1.4
                0x0000000000000000       0x25 /usr/lib/gcc/arm-none-eabi/9.2.1/../../../arm-none-eabi/lib/thumb/v7e-m+fp/softfp/libc.a(lib_a-utoa.o)
 .debug_info    0x0000000000000000      0xa51 /usr/lib/gcc/arm-none-eabi/9.2.1/../../../arm-none-eabi/lib/thumb/v7e-m+fp/softfp/libc.a(lib_a-utoa.o)
 .debug_abbrev  0x0000000000000000      0x24e /usr/lib/gcc/arm-none-eabi/9.2.1/../../../arm-none-eabi/lib/thumb/v7e-m+fp/softfp/libc.a(lib_a-utoa.o)
 .debug_loc     0x0000000000000000      0x2a8 /usr/lib/gcc/arm-none-eabi/9.2.1/../../../arm-none-eabi/lib/thumb/v7e-m+fp/softfp/libc.a(lib_a-utoa.o)
 .debug_aranges
                0x0000000000000000       0x20 /usr/lib/gcc/arm-none-eabi/9.2.1/../../../arm-none-eabi/lib/thumb/v7e-m+fp/softfp/libc.a(lib_a-utoa.o)
 .debug_line    0x0000000000000000      0x261 /usr/lib/gcc/arm-none-eabi/9.2.1/../../../arm-none-eabi/lib/thumb/v7e-m+fp/softfp/libc.a(lib_a-utoa.o)
 .debug_str     0x0000000000000000      0x5d0 /usr/lib/gcc/arm-none-eabi/9.2.1/../../../arm-none-eabi/lib/thumb/v7e-m+fp/softfp/libc.a(lib_a-utoa.o)
 .comment       0x0000000000000000       0x5a /usr/lib/gcc/arm-none-eabi/9.2.1/../../../arm-none-eabi/lib/thumb/v7e-m+fp/softfp/libc.a(lib_a-utoa.o)
 .debug_frame   0x0000000000000000       0x58 /usr/lib/gcc/arm-none-eabi/9.2.1/../../../arm-none-eabi/lib/thumb/v7e-m+fp/softfp/libc.a(lib_a-utoa.o)
 .ARM.attributes
                0x0000000000000000       0x32 /usr/lib/gcc/arm-none-eabi/9.2.1/../../../arm-none-eabi/lib/thumb/v7e-m+fp/softfp/libc.a(lib_a-utoa.o)
 .text          0x0000000000000000      0x378 /usr/lib/gcc/arm-none-eabi/9.2.1/thumb/v7e-m+fp/softfp/libgcc.a(_arm_addsubdf3.o)
 .data          0x0000000000000000        0x0 /usr/lib/gcc/arm-none-eabi/9.2.1/thumb/v7e-m+fp/softfp/libgcc.a(_arm_addsubdf3.o)
 .bss           0x0000000000000000        0x0 /usr/lib/gcc/arm-none-eabi/9.2.1/thumb/v7e-m+fp/softfp/libgcc.a(_arm_addsubdf3.o)
 .debug_line    0x0000000000000000      0x186 /usr/lib/gcc/arm-none-eabi/9.2.1/thumb/v7e-m+fp/softfp/libgcc.a(_arm_addsubdf3.o)
 .debug_info    0x0000000000000000       0x26 /usr/lib/gcc/arm-none-eabi/9.2.1/thumb/v7e-m+fp/softfp/libgcc.a(_arm_addsubdf3.o)
 .debug_abbrev  0x0000000000000000       0x14 /usr/lib/gcc/arm-none-eabi/9.2.1/thumb/v7e-m+fp/softfp/libgcc.a(_arm_addsubdf3.o)
 .debug_aranges
                0x0000000000000000       0x20 /usr/lib/gcc/arm-none-eabi/9.2.1/thumb/v7e-m+fp/softfp/libgcc.a(_arm_addsubdf3.o)
 .debug_str     0x0000000000000000       0xaa /usr/lib/gcc/arm-none-eabi/9.2.1/thumb/v7e-m+fp/softfp/libgcc.a(_arm_addsubdf3.o)
 .debug_frame   0x0000000000000000       0xac /usr/lib/gcc/arm-none-eabi/9.2.1/thumb/v7e-m+fp/softfp/libgcc.a(_arm_addsubdf3.o)
 .ARM.attributes
                0x0000000000000000       0x1e /usr/lib/gcc/arm-none-eabi/9.2.1/thumb/v7e-m+fp/softfp/libgcc.a(_arm_addsubdf3.o)
 .text          0x0000000000000000       0x50 /usr/lib/gcc/arm-none-eabi/9.2.1/thumb/v7e-m+fp/softfp/libgcc.a(_arm_fixdfsi.o)
 .data          0x0000000000000000        0x0 /usr/lib/gcc/arm-none-eabi/9.2.1/thumb/v7e-m+fp/softfp/libgcc.a(_arm_fixdfsi.o)
 .bss           0x0000000000000000        0x0 /usr/lib/gcc/arm-none-eabi/9.2.1/thumb/v7e-m+fp/softfp/libgcc.a(_arm_fixdfsi.o)
 .debug_line    0x0000000000000000       0x79 /usr/lib/gcc/arm-none-eabi/9.2.1/thumb/v7e-m+fp/softfp/libgcc.a(_arm_fixdfsi.o)
 .debug_info    0x0000000000000000       0x26 /usr/lib/gcc/arm-none-eabi/9.2.1/thumb/v7e-m+fp/softfp/libgcc.a(_arm_fixdfsi.o)
 .debug_abbrev  0x0000000000000000       0x14 /usr/lib/gcc/arm-none-eabi/9.2.1/thumb/v7e-m+fp/softfp/libgcc.a(_arm_fixdfsi.o)
 .debug_aranges
                0x0000000000000000       0x20 /usr/lib/gcc/arm-none-eabi/9.2.1/thumb/v7e-m+fp/softfp/libgcc.a(_arm_fixdfsi.o)
 .debug_str     0x0000000000000000       0xaa /usr/lib/gcc/arm-none-eabi/9.2.1/thumb/v7e-m+fp/softfp/libgcc.a(_arm_fixdfsi.o)
 .debug_frame   0x0000000000000000       0x24 /usr/lib/gcc/arm-none-eabi/9.2.1/thumb/v7e-m+fp/softfp/libgcc.a(_arm_fixdfsi.o)
 .ARM.attributes
                0x0000000000000000       0x1e /usr/lib/gcc/arm-none-eabi/9.2.1/thumb/v7e-m+fp/softfp/libgcc.a(_arm_fixdfsi.o)
 .text          0x0000000000000000       0xa0 /usr/lib/gcc/arm-none-eabi/9.2.1/thumb/v7e-m+fp/softfp/libgcc.a(_arm_truncdfsf2.o)
 .data          0x0000000000000000        0x0 /usr/lib/gcc/arm-none-eabi/9.2.1/thumb/v7e-m+fp/softfp/libgcc.a(_arm_truncdfsf2.o)
 .bss           0x0000000000000000        0x0 /usr/lib/gcc/arm-none-eabi/9.2.1/thumb/v7e-m+fp/softfp/libgcc.a(_arm_truncdfsf2.o)
 .debug_line    0x0000000000000000       0x8d /usr/lib/gcc/arm-none-eabi/9.2.1/thumb/v7e-m+fp/softfp/libgcc.a(_arm_truncdfsf2.o)
 .debug_info    0x0000000000000000       0x26 /usr/lib/gcc/arm-none-eabi/9.2.1/thumb/v7e-m+fp/softfp/libgcc.a(_arm_truncdfsf2.o)
 .debug_abbrev  0x0000000000000000       0x14 /usr/lib/gcc/arm-none-eabi/9.2.1/thumb/v7e-m+fp/softfp/libgcc.a(_arm_truncdfsf2.o)
 .debug_aranges
                0x0000000000000000       0x20 /usr/lib/gcc/arm-none-eabi/9.2.1/thumb/v7e-m+fp/softfp/libgcc.a(_arm_truncdfsf2.o)
 .debug_str     0x0000000000000000       0xaa /usr/lib/gcc/arm-none-eabi/9.2.1/thumb/v7e-m+fp/softfp/libgcc.a(_arm_truncdfsf2.o)
 .debug_frame   0x0000000000000000       0x24 /usr/lib/gcc/arm-none-eabi/9.2.1/thumb/v7e-m+fp/softfp/libgcc.a(_arm_truncdfsf2.o)
 .ARM.attributes
                0x0000000000000000       0x1e /usr/lib/gcc/arm-none-eabi/9.2.1/thumb/v7e-m+fp/softfp/libgcc.a(_arm_truncdfsf2.o)
 .text          0x0000000000000000       0x30 /usr/lib/gcc/arm-none-eabi/9.2.1/thumb/v7e-m+fp/softfp/libgcc.a(_aeabi_uldivmod.o)
 .data          0x0000000000000000        0x0 /usr/lib/gcc/arm-none-eabi/9.2.1/thumb/v7e-m+fp/softfp/libgcc.a(_aeabi_uldivmod.o)
 .bss           0x0000000000000000        0x0 /usr/lib/gcc/arm-none-eabi/9.2.1/thumb/v7e-m+fp/softfp/libgcc.a(_aeabi_uldivmod.o)
 .debug_line    0x0000000000000000       0x60 /usr/lib/gcc/arm-none-eabi/9.2.1/thumb/v7e-m+fp/softfp/libgcc.a(_aeabi_uldivmod.o)
 .debug_info    0x0000000000000000       0x26 /usr/lib/gcc/arm-none-eabi/9.2.1/thumb/v7e-m+fp/softfp/libgcc.a(_aeabi_uldivmod.o)
 .debug_abbrev  0x0000000000000000       0x14 /usr/lib/gcc/arm-none-eabi/9.2.1/thumb/v7e-m+fp/softfp/libgcc.a(_aeabi_uldivmod.o)
 .debug_aranges
                0x0000000000000000       0x20 /usr/lib/gcc/arm-none-eabi/9.2.1/thumb/v7e-m+fp/softfp/libgcc.a(_aeabi_uldivmod.o)
 .debug_str     0x0000000000000000       0xa5 /usr/lib/gcc/arm-none-eabi/9.2.1/thumb/v7e-m+fp/softfp/libgcc.a(_aeabi_uldivmod.o)
 .debug_frame   0x0000000000000000       0x2c /usr/lib/gcc/arm-none-eabi/9.2.1/thumb/v7e-m+fp/softfp/libgcc.a(_aeabi_uldivmod.o)
 .ARM.attributes
                0x0000000000000000       0x1e /usr/lib/gcc/arm-none-eabi/9.2.1/thumb/v7e-m+fp/softfp/libgcc.a(_aeabi_uldivmod.o)
 .text          0x0000000000000000      0x2c4 /usr/lib/gcc/arm-none-eabi/9.2.1/thumb/v7e-m+fp/softfp/libgcc.a(_udivmoddi4.o)
 .data          0x0000000000000000        0x0 /usr/lib/gcc/arm-none-eabi/9.2.1/thumb/v7e-m+fp/softfp/libgcc.a(_udivmoddi4.o)
 .bss           0x0000000000000000        0x0 /usr/lib/gcc/arm-none-eabi/9.2.1/thumb/v7e-m+fp/softfp/libgcc.a(_udivmoddi4.o)
 .ARM.extab     0x0000000000000000        0x0 /usr/lib/gcc/arm-none-eabi/9.2.1/thumb/v7e-m+fp/softfp/libgcc.a(_udivmoddi4.o)
 .ARM.exidx     0x0000000000000000        0x8 /usr/lib/gcc/arm-none-eabi/9.2.1/thumb/v7e-m+fp/softfp/libgcc.a(_udivmoddi4.o)
 .debug_info    0x0000000000000000      0xd7c /usr/lib/gcc/arm-none-eabi/9.2.1/thumb/v7e-m+fp/softfp/libgcc.a(_udivmoddi4.o)
 .debug_abbrev  0x0000000000000000      0x1c2 /usr/lib/gcc/arm-none-eabi/9.2.1/thumb/v7e-m+fp/softfp/libgcc.a(_udivmoddi4.o)
 .debug_loc     0x0000000000000000      0xfa2 /usr/lib/gcc/arm-none-eabi/9.2.1/thumb/v7e-m+fp/softfp/libgcc.a(_udivmoddi4.o)
 .debug_aranges
                0x0000000000000000       0x20 /usr/lib/gcc/arm-none-eabi/9.2.1/thumb/v7e-m+fp/softfp/libgcc.a(_udivmoddi4.o)
 .debug_ranges  0x0000000000000000       0xc8 /usr/lib/gcc/arm-none-eabi/9.2.1/thumb/v7e-m+fp/softfp/libgcc.a(_udivmoddi4.o)
 .debug_line    0x0000000000000000      0x61a /usr/lib/gcc/arm-none-eabi/9.2.1/thumb/v7e-m+fp/softfp/libgcc.a(_udivmoddi4.o)
 .debug_str     0x0000000000000000     0x11ea /usr/lib/gcc/arm-none-eabi/9.2.1/thumb/v7e-m+fp/softfp/libgcc.a(_udivmoddi4.o)
 .comment       0x0000000000000000       0x5a /usr/lib/gcc/arm-none-eabi/9.2.1/thumb/v7e-m+fp/softfp/libgcc.a(_udivmoddi4.o)
 .debug_frame   0x0000000000000000       0x34 /usr/lib/gcc/arm-none-eabi/9.2.1/thumb/v7e-m+fp/softfp/libgcc.a(_udivmoddi4.o)
 .ARM.attributes
                0x0000000000000000       0x32 /usr/lib/gcc/arm-none-eabi/9.2.1/thumb/v7e-m+fp/softfp/libgcc.a(_udivmoddi4.o)
 .text          0x0000000000000000        0x4 /usr/lib/gcc/arm-none-eabi/9.2.1/thumb/v7e-m+fp/softfp/libgcc.a(_dvmd_tls.o)
 .data          0x0000000000000000        0x0 /usr/lib/gcc/arm-none-eabi/9.2.1/thumb/v7e-m+fp/softfp/libgcc.a(_dvmd_tls.o)
 .bss           0x0000000000000000        0x0 /usr/lib/gcc/arm-none-eabi/9.2.1/thumb/v7e-m+fp/softfp/libgcc.a(_dvmd_tls.o)
 .debug_line    0x0000000000000000       0x60 /usr/lib/gcc/arm-none-eabi/9.2.1/thumb/v7e-m+fp/softfp/libgcc.a(_dvmd_tls.o)
 .debug_info    0x0000000000000000       0x26 /usr/lib/gcc/arm-none-eabi/9.2.1/thumb/v7e-m+fp/softfp/libgcc.a(_dvmd_tls.o)
 .debug_abbrev  0x0000000000000000       0x14 /usr/lib/gcc/arm-none-eabi/9.2.1/thumb/v7e-m+fp/softfp/libgcc.a(_dvmd_tls.o)
 .debug_aranges
                0x0000000000000000       0x20 /usr/lib/gcc/arm-none-eabi/9.2.1/thumb/v7e-m+fp/softfp/libgcc.a(_dvmd_tls.o)
 .debug_str     0x0000000000000000       0xa9 /usr/lib/gcc/arm-none-eabi/9.2.1/thumb/v7e-m+fp/softfp/libgcc.a(_dvmd_tls.o)
 .ARM.attributes
                0x0000000000000000       0x1e /usr/lib/gcc/arm-none-eabi/9.2.1/thumb/v7e-m+fp/softfp/libgcc.a(_dvmd_tls.o)
 .text          0x0000000000000000       0xf8 /usr/lib/gcc/arm-none-eabi/9.2.1/../../../arm-none-eabi/lib/thumb/v7e-m+fp/softfp/libm.a(lib_a-s_ceil.o)
 .data          0x0000000000000000        0x0 /usr/lib/gcc/arm-none-eabi/9.2.1/../../../arm-none-eabi/lib/thumb/v7e-m+fp/softfp/libm.a(lib_a-s_ceil.o)
 .bss           0x0000000000000000        0x0 /usr/lib/gcc/arm-none-eabi/9.2.1/../../../arm-none-eabi/lib/thumb/v7e-m+fp/softfp/libm.a(lib_a-s_ceil.o)
 .debug_info    0x0000000000000000      0xa8a /usr/lib/gcc/arm-none-eabi/9.2.1/../../../arm-none-eabi/lib/thumb/v7e-m+fp/softfp/libm.a(lib_a-s_ceil.o)
 .debug_abbrev  0x0000000000000000      0x264 /usr/lib/gcc/arm-none-eabi/9.2.1/../../../arm-none-eabi/lib/thumb/v7e-m+fp/softfp/libm.a(lib_a-s_ceil.o)
 .debug_loc     0x0000000000000000      0x247 /usr/lib/gcc/arm-none-eabi/9.2.1/../../../arm-none-eabi/lib/thumb/v7e-m+fp/softfp/libm.a(lib_a-s_ceil.o)
 .debug_aranges
                0x0000000000000000       0x20 /usr/lib/gcc/arm-none-eabi/9.2.1/../../../arm-none-eabi/lib/thumb/v7e-m+fp/softfp/libm.a(lib_a-s_ceil.o)
 .debug_ranges  0x0000000000000000       0x18 /usr/lib/gcc/arm-none-eabi/9.2.1/../../../arm-none-eabi/lib/thumb/v7e-m+fp/softfp/libm.a(lib_a-s_ceil.o)
 .debug_line    0x0000000000000000      0x34e /usr/lib/gcc/arm-none-eabi/9.2.1/../../../arm-none-eabi/lib/thumb/v7e-m+fp/softfp/libm.a(lib_a-s_ceil.o)
 .debug_str     0x0000000000000000      0x644 /usr/lib/gcc/arm-none-eabi/9.2.1/../../../arm-none-eabi/lib/thumb/v7e-m+fp/softfp/libm.a(lib_a-s_ceil.o)
 .comment       0x0000000000000000       0x5a /usr/lib/gcc/arm-none-eabi/9.2.1/../../../arm-none-eabi/lib/thumb/v7e-m+fp/softfp/libm.a(lib_a-s_ceil.o)
 .debug_frame   0x0000000000000000       0x30 /usr/lib/gcc/arm-none-eabi/9.2.1/../../../arm-none-eabi/lib/thumb/v7e-m+fp/softfp/libm.a(lib_a-s_ceil.o)
 .ARM.attributes
                0x0000000000000000       0x32 /usr/lib/gcc/arm-none-eabi/9.2.1/../../../arm-none-eabi/lib/thumb/v7e-m+fp/softfp/libm.a(lib_a-s_ceil.o)
 .text          0x0000000000000000       0x74 /usr/lib/gcc/arm-none-eabi/9.2.1/../../../arm-none-eabi/lib/thumb/v7e-m+fp/softfp/libm.a(lib_a-w_log10.o)
 .data          0x0000000000000000        0x0 /usr/lib/gcc/arm-none-eabi/9.2.1/../../../arm-none-eabi/lib/thumb/v7e-m+fp/softfp/libm.a(lib_a-w_log10.o)
 .bss           0x0000000000000000        0x0 /usr/lib/gcc/arm-none-eabi/9.2.1/../../../arm-none-eabi/lib/thumb/v7e-m+fp/softfp/libm.a(lib_a-w_log10.o)
 .rodata.str1.4
                0x0000000000000000        0x1 /usr/lib/gcc/arm-none-eabi/9.2.1/../../../arm-none-eabi/lib/thumb/v7e-m+fp/softfp/libm.a(lib_a-w_log10.o)
 .debug_info    0x0000000000000000      0xa17 /usr/lib/gcc/arm-none-eabi/9.2.1/../../../arm-none-eabi/lib/thumb/v7e-m+fp/softfp/libm.a(lib_a-w_log10.o)
 .debug_abbrev  0x0000000000000000      0x27f /usr/lib/gcc/arm-none-eabi/9.2.1/../../../arm-none-eabi/lib/thumb/v7e-m+fp/softfp/libm.a(lib_a-w_log10.o)
 .debug_loc     0x0000000000000000       0x58 /usr/lib/gcc/arm-none-eabi/9.2.1/../../../arm-none-eabi/lib/thumb/v7e-m+fp/softfp/libm.a(lib_a-w_log10.o)
 .debug_aranges
                0x0000000000000000       0x20 /usr/lib/gcc/arm-none-eabi/9.2.1/../../../arm-none-eabi/lib/thumb/v7e-m+fp/softfp/libm.a(lib_a-w_log10.o)
 .debug_line    0x0000000000000000      0x1df /usr/lib/gcc/arm-none-eabi/9.2.1/../../../arm-none-eabi/lib/thumb/v7e-m+fp/softfp/libm.a(lib_a-w_log10.o)
 .debug_str     0x0000000000000000      0x61d /usr/lib/gcc/arm-none-eabi/9.2.1/../../../arm-none-eabi/lib/thumb/v7e-m+fp/softfp/libm.a(lib_a-w_log10.o)
 .comment       0x0000000000000000       0x5a /usr/lib/gcc/arm-none-eabi/9.2.1/../../../arm-none-eabi/lib/thumb/v7e-m+fp/softfp/libm.a(lib_a-w_log10.o)
 .debug_frame   0x0000000000000000       0x38 /usr/lib/gcc/arm-none-eabi/9.2.1/../../../arm-none-eabi/lib/thumb/v7e-m+fp/softfp/libm.a(lib_a-w_log10.o)
 .ARM.attributes
                0x0000000000000000       0x32 /usr/lib/gcc/arm-none-eabi/9.2.1/../../../arm-none-eabi/lib/thumb/v7e-m+fp/softfp/libm.a(lib_a-w_log10.o)
 .text          0x0000000000000000      0x114 /usr/lib/gcc/arm-none-eabi/9.2.1/../../../arm-none-eabi/lib/thumb/v7e-m+fp/softfp/libm.a(lib_a-e_log10.o)
 .data          0x0000000000000000        0x0 /usr/lib/gcc/arm-none-eabi/9.2.1/../../../arm-none-eabi/lib/thumb/v7e-m+fp/softfp/libm.a(lib_a-e_log10.o)
 .bss           0x0000000000000000        0x0 /usr/lib/gcc/arm-none-eabi/9.2.1/../../../arm-none-eabi/lib/thumb/v7e-m+fp/softfp/libm.a(lib_a-e_log10.o)
 .debug_info    0x0000000000000000      0xb16 /usr/lib/gcc/arm-none-eabi/9.2.1/../../../arm-none-eabi/lib/thumb/v7e-m+fp/softfp/libm.a(lib_a-e_log10.o)
 .debug_abbrev  0x0000000000000000      0x28a /usr/lib/gcc/arm-none-eabi/9.2.1/../../../arm-none-eabi/lib/thumb/v7e-m+fp/softfp/libm.a(lib_a-e_log10.o)
 .debug_loc     0x0000000000000000      0x256 /usr/lib/gcc/arm-none-eabi/9.2.1/../../../arm-none-eabi/lib/thumb/v7e-m+fp/softfp/libm.a(lib_a-e_log10.o)
 .debug_aranges
                0x0000000000000000       0x20 /usr/lib/gcc/arm-none-eabi/9.2.1/../../../arm-none-eabi/lib/thumb/v7e-m+fp/softfp/libm.a(lib_a-e_log10.o)
 .debug_ranges  0x0000000000000000       0x48 /usr/lib/gcc/arm-none-eabi/9.2.1/../../../arm-none-eabi/lib/thumb/v7e-m+fp/softfp/libm.a(lib_a-e_log10.o)
 .debug_line    0x0000000000000000      0x2fb /usr/lib/gcc/arm-none-eabi/9.2.1/../../../arm-none-eabi/lib/thumb/v7e-m+fp/softfp/libm.a(lib_a-e_log10.o)
 .debug_str     0x0000000000000000      0x673 /usr/lib/gcc/arm-none-eabi/9.2.1/../../../arm-none-eabi/lib/thumb/v7e-m+fp/softfp/libm.a(lib_a-e_log10.o)
 .comment       0x0000000000000000       0x5a /usr/lib/gcc/arm-none-eabi/9.2.1/../../../arm-none-eabi/lib/thumb/v7e-m+fp/softfp/libm.a(lib_a-e_log10.o)
 .debug_frame   0x0000000000000000       0x34 /usr/lib/gcc/arm-none-eabi/9.2.1/../../../arm-none-eabi/lib/thumb/v7e-m+fp/softfp/libm.a(lib_a-e_log10.o)
 .ARM.attributes
                0x0000000000000000       0x32 /usr/lib/gcc/arm-none-eabi/9.2.1/../../../arm-none-eabi/lib/thumb/v7e-m+fp/softfp/libm.a(lib_a-e_log10.o)
 .text          0x0000000000000000        0x0 /usr/lib/gcc/arm-none-eabi/9.2.1/../../../arm-none-eabi/lib/thumb/v7e-m+fp/softfp/libm.a(lib_a-s_lib_ver.o)
 .data          0x0000000000000000        0x1 /usr/lib/gcc/arm-none-eabi/9.2.1/../../../arm-none-eabi/lib/thumb/v7e-m+fp/softfp/libm.a(lib_a-s_lib_ver.o)
 .bss           0x0000000000000000        0x0 /usr/lib/gcc/arm-none-eabi/9.2.1/../../../arm-none-eabi/lib/thumb/v7e-m+fp/softfp/libm.a(lib_a-s_lib_ver.o)
 .debug_info    0x0000000000000000      0x94b /usr/lib/gcc/arm-none-eabi/9.2.1/../../../arm-none-eabi/lib/thumb/v7e-m+fp/softfp/libm.a(lib_a-s_lib_ver.o)
 .debug_abbrev  0x0000000000000000      0x1d4 /usr/lib/gcc/arm-none-eabi/9.2.1/../../../arm-none-eabi/lib/thumb/v7e-m+fp/softfp/libm.a(lib_a-s_lib_ver.o)
 .debug_aranges
                0x0000000000000000       0x18 /usr/lib/gcc/arm-none-eabi/9.2.1/../../../arm-none-eabi/lib/thumb/v7e-m+fp/softfp/libm.a(lib_a-s_lib_ver.o)
 .debug_line    0x0000000000000000      0x127 /usr/lib/gcc/arm-none-eabi/9.2.1/../../../arm-none-eabi/lib/thumb/v7e-m+fp/softfp/libm.a(lib_a-s_lib_ver.o)
 .debug_str     0x0000000000000000      0x5fb /usr/lib/gcc/arm-none-eabi/9.2.1/../../../arm-none-eabi/lib/thumb/v7e-m+fp/softfp/libm.a(lib_a-s_lib_ver.o)
 .comment       0x0000000000000000       0x5a /usr/lib/gcc/arm-none-eabi/9.2.1/../../../arm-none-eabi/lib/thumb/v7e-m+fp/softfp/libm.a(lib_a-s_lib_ver.o)
 .ARM.attributes
                0x0000000000000000       0x30 /usr/lib/gcc/arm-none-eabi/9.2.1/../../../arm-none-eabi/lib/thumb/v7e-m+fp/softfp/libm.a(lib_a-s_lib_ver.o)
 .text          0x0000000000000000        0xc /usr/lib/gcc/arm-none-eabi/9.2.1/../../../arm-none-eabi/lib/thumb/v7e-m+fp/softfp/libm.a(lib_a-s_nan.o)
 .data          0x0000000000000000        0x0 /usr/lib/gcc/arm-none-eabi/9.2.1/../../../arm-none-eabi/lib/thumb/v7e-m+fp/softfp/libm.a(lib_a-s_nan.o)
 .bss           0x0000000000000000        0x0 /usr/lib/gcc/arm-none-eabi/9.2.1/../../../arm-none-eabi/lib/thumb/v7e-m+fp/softfp/libm.a(lib_a-s_nan.o)
 .debug_info    0x0000000000000000      0x984 /usr/lib/gcc/arm-none-eabi/9.2.1/../../../arm-none-eabi/lib/thumb/v7e-m+fp/softfp/libm.a(lib_a-s_nan.o)
 .debug_abbrev  0x0000000000000000      0x20a /usr/lib/gcc/arm-none-eabi/9.2.1/../../../arm-none-eabi/lib/thumb/v7e-m+fp/softfp/libm.a(lib_a-s_nan.o)
 .debug_loc     0x0000000000000000       0x25 /usr/lib/gcc/arm-none-eabi/9.2.1/../../../arm-none-eabi/lib/thumb/v7e-m+fp/softfp/libm.a(lib_a-s_nan.o)
 .debug_aranges
                0x0000000000000000       0x20 /usr/lib/gcc/arm-none-eabi/9.2.1/../../../arm-none-eabi/lib/thumb/v7e-m+fp/softfp/libm.a(lib_a-s_nan.o)
 .debug_line    0x0000000000000000      0x13e /usr/lib/gcc/arm-none-eabi/9.2.1/../../../arm-none-eabi/lib/thumb/v7e-m+fp/softfp/libm.a(lib_a-s_nan.o)
 .debug_str     0x0000000000000000      0x5fe /usr/lib/gcc/arm-none-eabi/9.2.1/../../../arm-none-eabi/lib/thumb/v7e-m+fp/softfp/libm.a(lib_a-s_nan.o)
 .comment       0x0000000000000000       0x5a /usr/lib/gcc/arm-none-eabi/9.2.1/../../../arm-none-eabi/lib/thumb/v7e-m+fp/softfp/libm.a(lib_a-s_nan.o)
 .debug_frame   0x0000000000000000       0x20 /usr/lib/gcc/arm-none-eabi/9.2.1/../../../arm-none-eabi/lib/thumb/v7e-m+fp/softfp/libm.a(lib_a-s_nan.o)
 .ARM.attributes
                0x0000000000000000       0x32 /usr/lib/gcc/arm-none-eabi/9.2.1/../../../arm-none-eabi/lib/thumb/v7e-m+fp/softfp/libm.a(lib_a-s_nan.o)
 .text          0x0000000000000000      0x3f8 /usr/lib/gcc/arm-none-eabi/9.2.1/../../../arm-none-eabi/lib/thumb/v7e-m+fp/softfp/libm.a(lib_a-e_log.o)
 .data          0x0000000000000000        0x0 /usr/lib/gcc/arm-none-eabi/9.2.1/../../../arm-none-eabi/lib/thumb/v7e-m+fp/softfp/libm.a(lib_a-e_log.o)
 .bss           0x0000000000000000        0x0 /usr/lib/gcc/arm-none-eabi/9.2.1/../../../arm-none-eabi/lib/thumb/v7e-m+fp/softfp/libm.a(lib_a-e_log.o)
 .debug_info    0x0000000000000000      0xc04 /usr/lib/gcc/arm-none-eabi/9.2.1/../../../arm-none-eabi/lib/thumb/v7e-m+fp/softfp/libm.a(lib_a-e_log.o)
 .debug_abbrev  0x0000000000000000      0x282 /usr/lib/gcc/arm-none-eabi/9.2.1/../../../arm-none-eabi/lib/thumb/v7e-m+fp/softfp/libm.a(lib_a-e_log.o)
 .debug_loc     0x0000000000000000      0x622 /usr/lib/gcc/arm-none-eabi/9.2.1/../../../arm-none-eabi/lib/thumb/v7e-m+fp/softfp/libm.a(lib_a-e_log.o)
 .debug_aranges
                0x0000000000000000       0x20 /usr/lib/gcc/arm-none-eabi/9.2.1/../../../arm-none-eabi/lib/thumb/v7e-m+fp/softfp/libm.a(lib_a-e_log.o)
 .debug_ranges  0x0000000000000000       0x50 /usr/lib/gcc/arm-none-eabi/9.2.1/../../../arm-none-eabi/lib/thumb/v7e-m+fp/softfp/libm.a(lib_a-e_log.o)
 .debug_line    0x0000000000000000      0x50c /usr/lib/gcc/arm-none-eabi/9.2.1/../../../arm-none-eabi/lib/thumb/v7e-m+fp/softfp/libm.a(lib_a-e_log.o)
 .debug_str     0x0000000000000000      0x659 /usr/lib/gcc/arm-none-eabi/9.2.1/../../../arm-none-eabi/lib/thumb/v7e-m+fp/softfp/libm.a(lib_a-e_log.o)
 .comment       0x0000000000000000       0x5a /usr/lib/gcc/arm-none-eabi/9.2.1/../../../arm-none-eabi/lib/thumb/v7e-m+fp/softfp/libm.a(lib_a-e_log.o)
 .debug_frame   0x0000000000000000       0x78 /usr/lib/gcc/arm-none-eabi/9.2.1/../../../arm-none-eabi/lib/thumb/v7e-m+fp/softfp/libm.a(lib_a-e_log.o)
 .ARM.attributes
                0x0000000000000000       0x32 /usr/lib/gcc/arm-none-eabi/9.2.1/../../../arm-none-eabi/lib/thumb/v7e-m+fp/softfp/libm.a(lib_a-e_log.o)
 .data          0x0000000000000000        0x0 briscits/libbrisc.a(cpu.o)
 .bss           0x0000000000000000        0x0 briscits/libbrisc.a(cpu.o)
 .data          0x0000000000000000        0x0 briscits/libbrisc.a(brisc_irq.o)
 .bss           0x0000000000000000        0x0 briscits/libbrisc.a(brisc_irq.o)
 .data          0x0000000000000000        0x0 briscits/libbrisc.a(brisc_thread.o)
 .bss           0x0000000000000000        0x0 briscits/libbrisc.a(brisc_thread.o)
 .data          0x0000000000000000        0x0 briscits/libbrisc.a(brisc_sched.o)
 .bss           0x0000000000000000        0x0 briscits/libbrisc.a(brisc_sched.o)
 .text          0x0000000000000000      0x254 /usr/lib/gcc/arm-none-eabi/9.2.1/thumb/v7e-m+fp/softfp/libgcc.a(_arm_muldf3.o)
 .data          0x0000000000000000        0x0 /usr/lib/gcc/arm-none-eabi/9.2.1/thumb/v7e-m+fp/softfp/libgcc.a(_arm_muldf3.o)
 .bss           0x0000000000000000        0x0 /usr/lib/gcc/arm-none-eabi/9.2.1/thumb/v7e-m+fp/softfp/libgcc.a(_arm_muldf3.o)
 .debug_line    0x0000000000000000      0x10c /usr/lib/gcc/arm-none-eabi/9.2.1/thumb/v7e-m+fp/softfp/libgcc.a(_arm_muldf3.o)
 .debug_info    0x0000000000000000       0x26 /usr/lib/gcc/arm-none-eabi/9.2.1/thumb/v7e-m+fp/softfp/libgcc.a(_arm_muldf3.o)
 .debug_abbrev  0x0000000000000000       0x14 /usr/lib/gcc/arm-none-eabi/9.2.1/thumb/v7e-m+fp/softfp/libgcc.a(_arm_muldf3.o)
 .debug_aranges
                0x0000000000000000       0x20 /usr/lib/gcc/arm-none-eabi/9.2.1/thumb/v7e-m+fp/softfp/libgcc.a(_arm_muldf3.o)
 .debug_str     0x0000000000000000       0xaa /usr/lib/gcc/arm-none-eabi/9.2.1/thumb/v7e-m+fp/softfp/libgcc.a(_arm_muldf3.o)
 .debug_frame   0x0000000000000000       0x30 /usr/lib/gcc/arm-none-eabi/9.2.1/thumb/v7e-m+fp/softfp/libgcc.a(_arm_muldf3.o)
 .ARM.attributes
                0x0000000000000000       0x1e /usr/lib/gcc/arm-none-eabi/9.2.1/thumb/v7e-m+fp/softfp/libgcc.a(_arm_muldf3.o)
 .text          0x0000000000000000      0x424 /usr/lib/gcc/arm-none-eabi/9.2.1/thumb/v7e-m+fp/softfp/libgcc.a(_arm_muldivdf3.o)
 .data          0x0000000000000000        0x0 /usr/lib/gcc/arm-none-eabi/9.2.1/thumb/v7e-m+fp/softfp/libgcc.a(_arm_muldivdf3.o)
 .bss           0x0000000000000000        0x0 /usr/lib/gcc/arm-none-eabi/9.2.1/thumb/v7e-m+fp/softfp/libgcc.a(_arm_muldivdf3.o)
 .debug_line    0x0000000000000000      0x19b /usr/lib/gcc/arm-none-eabi/9.2.1/thumb/v7e-m+fp/softfp/libgcc.a(_arm_muldivdf3.o)
 .debug_info    0x0000000000000000       0x26 /usr/lib/gcc/arm-none-eabi/9.2.1/thumb/v7e-m+fp/softfp/libgcc.a(_arm_muldivdf3.o)
 .debug_abbrev  0x0000000000000000       0x14 /usr/lib/gcc/arm-none-eabi/9.2.1/thumb/v7e-m+fp/softfp/libgcc.a(_arm_muldivdf3.o)
 .debug_aranges
                0x0000000000000000       0x20 /usr/lib/gcc/arm-none-eabi/9.2.1/thumb/v7e-m+fp/softfp/libgcc.a(_arm_muldivdf3.o)
 .debug_str     0x0000000000000000       0xaa /usr/lib/gcc/arm-none-eabi/9.2.1/thumb/v7e-m+fp/softfp/libgcc.a(_arm_muldivdf3.o)
 .debug_frame   0x0000000000000000       0x50 /usr/lib/gcc/arm-none-eabi/9.2.1/thumb/v7e-m+fp/softfp/libgcc.a(_arm_muldivdf3.o)
 .ARM.attributes
                0x0000000000000000       0x1e /usr/lib/gcc/arm-none-eabi/9.2.1/thumb/v7e-m+fp/softfp/libgcc.a(_arm_muldivdf3.o)
 .text          0x0000000000000000      0x110 /usr/lib/gcc/arm-none-eabi/9.2.1/thumb/v7e-m+fp/softfp/libgcc.a(_arm_cmpdf2.o)
 .data          0x0000000000000000        0x0 /usr/lib/gcc/arm-none-eabi/9.2.1/thumb/v7e-m+fp/softfp/libgcc.a(_arm_cmpdf2.o)
 .bss           0x0000000000000000        0x0 /usr/lib/gcc/arm-none-eabi/9.2.1/thumb/v7e-m+fp/softfp/libgcc.a(_arm_cmpdf2.o)
 .debug_line    0x0000000000000000       0xbd /usr/lib/gcc/arm-none-eabi/9.2.1/thumb/v7e-m+fp/softfp/libgcc.a(_arm_cmpdf2.o)
 .debug_info    0x0000000000000000       0x26 /usr/lib/gcc/arm-none-eabi/9.2.1/thumb/v7e-m+fp/softfp/libgcc.a(_arm_cmpdf2.o)
 .debug_abbrev  0x0000000000000000       0x14 /usr/lib/gcc/arm-none-eabi/9.2.1/thumb/v7e-m+fp/softfp/libgcc.a(_arm_cmpdf2.o)
 .debug_aranges
                0x0000000000000000       0x20 /usr/lib/gcc/arm-none-eabi/9.2.1/thumb/v7e-m+fp/softfp/libgcc.a(_arm_cmpdf2.o)
 .debug_str     0x0000000000000000       0xaa /usr/lib/gcc/arm-none-eabi/9.2.1/thumb/v7e-m+fp/softfp/libgcc.a(_arm_cmpdf2.o)
 .debug_frame   0x0000000000000000       0xc4 /usr/lib/gcc/arm-none-eabi/9.2.1/thumb/v7e-m+fp/softfp/libgcc.a(_arm_cmpdf2.o)
 .ARM.attributes
                0x0000000000000000       0x1e /usr/lib/gcc/arm-none-eabi/9.2.1/thumb/v7e-m+fp/softfp/libgcc.a(_arm_cmpdf2.o)
 .text          0x0000000000000000       0x2c /usr/lib/gcc/arm-none-eabi/9.2.1/thumb/v7e-m+fp/softfp/libgcc.a(_arm_unorddf2.o)
 .data          0x0000000000000000        0x0 /usr/lib/gcc/arm-none-eabi/9.2.1/thumb/v7e-m+fp/softfp/libgcc.a(_arm_unorddf2.o)
 .bss           0x0000000000000000        0x0 /usr/lib/gcc/arm-none-eabi/9.2.1/thumb/v7e-m+fp/softfp/libgcc.a(_arm_unorddf2.o)
 .debug_line    0x0000000000000000       0x6e /usr/lib/gcc/arm-none-eabi/9.2.1/thumb/v7e-m+fp/softfp/libgcc.a(_arm_unorddf2.o)
 .debug_info    0x0000000000000000       0x26 /usr/lib/gcc/arm-none-eabi/9.2.1/thumb/v7e-m+fp/softfp/libgcc.a(_arm_unorddf2.o)
 .debug_abbrev  0x0000000000000000       0x14 /usr/lib/gcc/arm-none-eabi/9.2.1/thumb/v7e-m+fp/softfp/libgcc.a(_arm_unorddf2.o)
 .debug_aranges
                0x0000000000000000       0x20 /usr/lib/gcc/arm-none-eabi/9.2.1/thumb/v7e-m+fp/softfp/libgcc.a(_arm_unorddf2.o)
 .debug_str     0x0000000000000000       0xaa /usr/lib/gcc/arm-none-eabi/9.2.1/thumb/v7e-m+fp/softfp/libgcc.a(_arm_unorddf2.o)
 .debug_frame   0x0000000000000000       0x20 /usr/lib/gcc/arm-none-eabi/9.2.1/thumb/v7e-m+fp/softfp/libgcc.a(_arm_unorddf2.o)
 .ARM.attributes
                0x0000000000000000       0x1e /usr/lib/gcc/arm-none-eabi/9.2.1/thumb/v7e-m+fp/softfp/libgcc.a(_arm_unorddf2.o)
 .text          0x0000000000000000        0xc /usr/lib/gcc/arm-none-eabi/9.2.1/../../../arm-none-eabi/lib/thumb/v7e-m+fp/softfp/libc.a(lib_a-errno.o)
 .data          0x0000000000000000        0x0 /usr/lib/gcc/arm-none-eabi/9.2.1/../../../arm-none-eabi/lib/thumb/v7e-m+fp/softfp/libc.a(lib_a-errno.o)
 .bss           0x0000000000000000        0x0 /usr/lib/gcc/arm-none-eabi/9.2.1/../../../arm-none-eabi/lib/thumb/v7e-m+fp/softfp/libc.a(lib_a-errno.o)
 .debug_info    0x0000000000000000      0x953 /usr/lib/gcc/arm-none-eabi/9.2.1/../../../arm-none-eabi/lib/thumb/v7e-m+fp/softfp/libc.a(lib_a-errno.o)
 .debug_abbrev  0x0000000000000000      0x1d6 /usr/lib/gcc/arm-none-eabi/9.2.1/../../../arm-none-eabi/lib/thumb/v7e-m+fp/softfp/libc.a(lib_a-errno.o)
 .debug_aranges
                0x0000000000000000       0x20 /usr/lib/gcc/arm-none-eabi/9.2.1/../../../arm-none-eabi/lib/thumb/v7e-m+fp/softfp/libc.a(lib_a-errno.o)
 .debug_line    0x0000000000000000      0x108 /usr/lib/gcc/arm-none-eabi/9.2.1/../../../arm-none-eabi/lib/thumb/v7e-m+fp/softfp/libc.a(lib_a-errno.o)
 .debug_str     0x0000000000000000      0x5bc /usr/lib/gcc/arm-none-eabi/9.2.1/../../../arm-none-eabi/lib/thumb/v7e-m+fp/softfp/libc.a(lib_a-errno.o)
 .comment       0x0000000000000000       0x5a /usr/lib/gcc/arm-none-eabi/9.2.1/../../../arm-none-eabi/lib/thumb/v7e-m+fp/softfp/libc.a(lib_a-errno.o)
 .debug_frame   0x0000000000000000       0x20 /usr/lib/gcc/arm-none-eabi/9.2.1/../../../arm-none-eabi/lib/thumb/v7e-m+fp/softfp/libc.a(lib_a-errno.o)
 .ARM.attributes
                0x0000000000000000       0x32 /usr/lib/gcc/arm-none-eabi/9.2.1/../../../arm-none-eabi/lib/thumb/v7e-m+fp/softfp/libc.a(lib_a-errno.o)
 .text          0x0000000000000000        0x0 /usr/lib/gcc/arm-none-eabi/9.2.1/../../../arm-none-eabi/lib/thumb/v7e-m+fp/softfp/libc.a(lib_a-impure.o)
 .data          0x0000000000000000      0x430 /usr/lib/gcc/arm-none-eabi/9.2.1/../../../arm-none-eabi/lib/thumb/v7e-m+fp/softfp/libc.a(lib_a-impure.o)
 .bss           0x0000000000000000        0x0 /usr/lib/gcc/arm-none-eabi/9.2.1/../../../arm-none-eabi/lib/thumb/v7e-m+fp/softfp/libc.a(lib_a-impure.o)
 .rodata        0x0000000000000000        0x4 /usr/lib/gcc/arm-none-eabi/9.2.1/../../../arm-none-eabi/lib/thumb/v7e-m+fp/softfp/libc.a(lib_a-impure.o)
 .debug_info    0x0000000000000000      0x92a /usr/lib/gcc/arm-none-eabi/9.2.1/../../../arm-none-eabi/lib/thumb/v7e-m+fp/softfp/libc.a(lib_a-impure.o)
 .debug_abbrev  0x0000000000000000      0x1b8 /usr/lib/gcc/arm-none-eabi/9.2.1/../../../arm-none-eabi/lib/thumb/v7e-m+fp/softfp/libc.a(lib_a-impure.o)
 .debug_aranges
                0x0000000000000000       0x18 /usr/lib/gcc/arm-none-eabi/9.2.1/../../../arm-none-eabi/lib/thumb/v7e-m+fp/softfp/libc.a(lib_a-impure.o)
 .debug_line    0x0000000000000000       0xe3 /usr/lib/gcc/arm-none-eabi/9.2.1/../../../arm-none-eabi/lib/thumb/v7e-m+fp/softfp/libc.a(lib_a-impure.o)
 .debug_str     0x0000000000000000      0x5aa /usr/lib/gcc/arm-none-eabi/9.2.1/../../../arm-none-eabi/lib/thumb/v7e-m+fp/softfp/libc.a(lib_a-impure.o)
 .comment       0x0000000000000000       0x5a /usr/lib/gcc/arm-none-eabi/9.2.1/../../../arm-none-eabi/lib/thumb/v7e-m+fp/softfp/libc.a(lib_a-impure.o)
 .ARM.attributes
                0x0000000000000000       0x30 /usr/lib/gcc/arm-none-eabi/9.2.1/../../../arm-none-eabi/lib/thumb/v7e-m+fp/softfp/libc.a(lib_a-impure.o)
 .data          0x0000000000000000        0x0 /usr/lib/gcc/arm-none-eabi/9.2.1/../../../arm-none-eabi/lib/thumb/v7e-m+fp/softfp/libc.a(lib_a-strncpy.o)
 .bss           0x0000000000000000        0x0 /usr/lib/gcc/arm-none-eabi/9.2.1/../../../arm-none-eabi/lib/thumb/v7e-m+fp/softfp/libc.a(lib_a-strncpy.o)

Memory Configuration

Name             Origin             Length             Attributes
flash            0x0000000008000000 0x0000000000080000
ram              0x0000000020000000 0x0000000000050000
*default*        0x0000000000000000 0xffffffffffffffff

Linker script and memory map

LOAD bsp/generic-stm32f746/main.o
LOAD chip/stm32/f7/stm32f746xe/vectors.o
LOAD chip/stm32/f7/boot.o
LOAD lib/xprintf.o
LOAD lib/ftoa.o
LOAD chip/stm32/f7/core_clock.o
LOAD chip/stm32/f7/system_stm32f7xx.o
LOAD chip/stm32/f7/systick_init.o
LOAD chip/stm32/bss_init.o
LOAD chip/stm32/cpp_init.o
LOAD bsp/generic-stm32f746/brisc_board.o
LOAD /usr/lib/gcc/arm-none-eabi/9.2.1/../../../arm-none-eabi/lib/thumb/v7e-m+fp/softfp/libc.a
LOAD /usr/lib/gcc/arm-none-eabi/9.2.1/thumb/v7e-m+fp/softfp/libgcc.a
LOAD /usr/lib/gcc/arm-none-eabi/9.2.1/../../../arm-none-eabi/lib/thumb/v7e-m+fp/softfp/libm.a
LOAD briscits/libbrisc.a
START GROUP
LOAD /usr/lib/gcc/arm-none-eabi/9.2.1/thumb/v7e-m+fp/softfp/libgcc.a
LOAD /usr/lib/gcc/arm-none-eabi/9.2.1/../../../arm-none-eabi/lib/thumb/v7e-m+fp/softfp/libc.a
END GROUP
START GROUP
LOAD /usr/lib/gcc/arm-none-eabi/9.2.1/thumb/v7e-m+fp/softfp/libgcc.a
LOAD /usr/lib/gcc/arm-none-eabi/9.2.1/../../../arm-none-eabi/lib/thumb/v7e-m+fp/softfp/libc.a
LOAD /usr/lib/gcc/arm-none-eabi/9.2.1/../../../arm-none-eabi/lib/thumb/v7e-m+fp/softfp/libnosys.a
END GROUP
                0x0000000000000600                __main_stack_size__ = 0x600
                0x0000000000000600                __process_stack_size__ = 0x600
                0x0000000020000000                __ram_start__ = ORIGIN (ram)
                0x0000000000050000                __ram_size__ = LENGTH (ram)
                0x0000000020050000                __ram_end__ = (__ram_start__ + __ram_size__)
                0x0000000000000000                . = 0x0
                0x0000000000000000                _text = .

startup         0x0000000008000000      0x1c4
 *(.vectors)
 .vectors       0x0000000008000000      0x1c4 chip/stm32/f7/stm32f746xe/vectors.o
                0x0000000008000000                _vectors

constructors    0x00000000080001c4        0x0
                0x00000000080001c4                PROVIDE (__init_array_start = .)
 *(SORT_BY_NAME(.init_array.*))
 *(.init_array)
                0x00000000080001c4                PROVIDE (__init_array_end = .)

destructors     0x00000000080001c4        0x0
                0x00000000080001c4                PROVIDE (__fini_array_start = .)
 *(.fini_array)
 *(SORT_BY_NAME(.fini_array.*))
                0x00000000080001c4                PROVIDE (__fini_array_end = .)

.text           0x00000000080001d0      0xd30
 *(.text.startup.*)
 *(.init)
 .init          0x00000000080001d0       0x6c chip/stm32/f7/boot.o
                0x00000000080001d0                briscits_reset_handler
                0x000000000800020e                default_interrupt_handler
                0x000000000800020e                BusFault_IRQ_Handler
                0x000000000800020e                UsageFault_IRQ_Handler
                0x0000000008000210                _hard_fault
 *(.text)
 *fill*         0x000000000800023c        0x4 
 .text          0x0000000008000240      0x204 bsp/generic-stm32f746/main.o
                0x0000000008000358                main
 *fill*         0x0000000008000444        0xc 
 .text          0x0000000008000450      0x214 chip/stm32/f7/core_clock.o
                0x0000000008000450                _core_clock_init
 *fill*         0x0000000008000664        0xc 
 .text          0x0000000008000670      0x16c chip/stm32/f7/system_stm32f7xx.o
                0x0000000008000670                SystemInit
                0x00000000080006dc                SystemCoreClockUpdate
 *fill*         0x00000000080007dc        0x4 
 .text          0x00000000080007e0       0x4c chip/stm32/f7/systick_init.o
                0x00000000080007e0                _systick_init
 *fill*         0x000000000800082c        0x4 
 .text          0x0000000008000830       0x3c chip/stm32/bss_init.o
                0x0000000008000830                _bss_init
 *fill*         0x000000000800086c        0x4 
 .text          0x0000000008000870       0x60 chip/stm32/cpp_init.o
                0x0000000008000870                _cpp_init
                0x00000000080008a0                _cpp_deinit
 .text          0x00000000080008d0       0x8c bsp/generic-stm32f746/brisc_board.o
                0x00000000080008d0                board_init
                0x0000000008000944                board_clkfreq
 *fill*         0x000000000800095c        0x4 
 .text          0x0000000008000960      0x134 /usr/lib/gcc/arm-none-eabi/9.2.1/../../../arm-none-eabi/lib/thumb/v7e-m+fp/softfp/libc.a(lib_a-memcpy.o)
                0x0000000008000960                memcpy
 *fill*         0x0000000008000a94        0xc 
 .text          0x0000000008000aa0       0xa0 /usr/lib/gcc/arm-none-eabi/9.2.1/../../../arm-none-eabi/lib/thumb/v7e-m+fp/softfp/libc.a(lib_a-memset.o)
                0x0000000008000aa0                memset
 .text          0x0000000008000b40       0xac briscits/libbrisc.a(cpu.o)
                0x0000000008000b40                _fpu_init
                0x0000000008000b42                cpu_int_enable
                0x0000000008000b4a                cpu_int_disable
                0x0000000008000b56                cpu_int_enabled
                0x0000000008000b60                cpu_int_set
                0x0000000008000b70                cpu_rd_sp
                0x0000000008000b78                cpu_wfi
                0x0000000008000b80                cpu_atomic_acquire
                0x0000000008000b98                cpu_atomic_release
                0x0000000008000ba2                cpu_systick_clear
                0x0000000008000bb4                cpu_yield_clear
                0x0000000008000bc4                cpu_yield
                0x0000000008000bd8                cpu_set_initial_state
                0x0000000008000be0                cpu_swi
 *fill*         0x0000000008000bec        0x4 
 .text          0x0000000008000bf0       0x98 briscits/libbrisc.a(brisc_irq.o)
                0x0000000008000bf0                SysTick_IRQ_Handler
                0x0000000008000c3c                PendSV_IRQ_Handler
 *fill*         0x0000000008000c88        0x8 
 .text          0x0000000008000c90      0x14c briscits/libbrisc.a(brisc_thread.o)
                0x0000000008000c92                b_thread_set_systick_fn
                0x0000000008000c9c                b_thread_set_yield_fn
                0x0000000008000ca8                b_thread_systick
                0x0000000008000cb4                b_thread_lock
                0x0000000008000cc4                b_thread_unlock
                0x0000000008000cd4                b_thread_yield
                0x0000000008000cd8                b_thread_create
                0x0000000008000d5c                b_thread_init
                0x0000000008000da4                b_thread_set_prio
                0x0000000008000dbe                b_thread_stop
                0x0000000008000dc4                b_thread_start
                0x0000000008000dca                b_thread_current
 *fill*         0x0000000008000ddc        0x4 
 .text          0x0000000008000de0       0x78 briscits/libbrisc.a(brisc_sched.o)
                0x0000000008000de0                b_thread_schedule_next
                0x0000000008000e44                b_thread_state
 *fill*         0x0000000008000e58        0x8 
 .text          0x0000000008000e60       0x68 /usr/lib/gcc/arm-none-eabi/9.2.1/../../../arm-none-eabi/lib/thumb/v7e-m+fp/softfp/libc.a(lib_a-strncpy.o)
                0x0000000008000e60                strncpy
 *(.text.*)
 *(.rodata)
 *fill*         0x0000000008000ec8        0x8 
 .rodata        0x0000000008000ed0       0x19 bsp/generic-stm32f746/main.o
 *fill*         0x0000000008000ee9        0x7 
 .rodata        0x0000000008000ef0       0x10 chip/stm32/f7/system_stm32f7xx.o
                0x0000000008000ef0                AHBPrescTable
 *(.rodata.*)
 *(.glue_7t)
 .glue_7t       0x0000000008000f00        0x0 linker stubs
 *(.glue_7)
 .glue_7        0x0000000008000f00        0x0 linker stubs
 *(.gcc*)

.vfp11_veneer   0x0000000008000f00        0x0
 .vfp11_veneer  0x0000000008000f00        0x0 linker stubs

.v4_bx          0x0000000008000f00        0x0
 .v4_bx         0x0000000008000f00        0x0 linker stubs

.iplt           0x0000000008000f00        0x0
 .iplt          0x0000000008000f00        0x0 bsp/generic-stm32f746/main.o

.rel.dyn        0x0000000008000f00        0x0
 .rel.iplt      0x0000000008000f00        0x0 bsp/generic-stm32f746/main.o

.ARM.extab
 *(.ARM.extab* .gnu.linkonce.armextab.*)

.ARM.exidx      0x0000000008000f00        0x0
                [!provide]                        PROVIDE (__exidx_start = .)
 *(.ARM.exidx* .gnu.linkonce.armexidx.*)
                [!provide]                        PROVIDE (__exidx_end = .)

.eh_frame_hdr
 *(.eh_frame_hdr)

.eh_frame
 *(.eh_frame)

.textalign      0x0000000008000f00        0x0
                0x0000000008000f00                . = ALIGN (0x8)
                0x0000000008000f00                _etext = .

.stacks         0x0000000020000000      0xc00
                0x0000000020000000                . = ALIGN (0x8)
                0x0000000020000000                __main_stack_base__ = .
                0x0000000020000600                . = (. + __main_stack_size__)
 *fill*         0x0000000020000000      0x600 
                0x0000000020000600                . = ALIGN (0x8)
                0x0000000020000600                __main_stack_end__ = .
                0x0000000020000600                _sstack = .
                0x0000000020000600                __main_thread_stack_base__ = .
                0x0000000020000c00                . = (. + __process_stack_size__)
 *fill*         0x0000000020000600      0x600 
                0x0000000020000c00                . = ALIGN (0x8)
                0x0000000020000c00                _estack = .
                0x0000000020000c00                __main_thread_stack_end__ = .

.data           0x0000000020000c00       0x14 load address 0x0000000008000f00
                0x0000000020000c00                . = ALIGN (0x4)
                0x0000000020000c00                PROVIDE (_sdata = .)
 *(.data)
 .data          0x0000000020000c00       0x10 bsp/generic-stm32f746/main.o
 .data          0x0000000020000c10        0x4 chip/stm32/f7/system_stm32f7xx.o
                0x0000000020000c10                SystemCoreClock
                0x0000000020000c14                . = ALIGN (0x4)
 *(.data.*)
                0x0000000020000c14                . = ALIGN (0x4)
 *(.ramtext)
                0x0000000020000c14                . = ALIGN (0x4)
                0x0000000020000c14                PROVIDE (_edata = .)

.igot.plt       0x0000000020000c14        0x0 load address 0x0000000008000f14
 .igot.plt      0x0000000020000c14        0x0 bsp/generic-stm32f746/main.o

.bss            0x0000000020000c18      0xca0 load address 0x0000000008000f14
                0x0000000020000c18                . = ALIGN (0x4)
                0x0000000020000c18                PROVIDE (_sbss = .)
 *(.bss)
 .bss           0x0000000020000c18      0xc00 bsp/generic-stm32f746/main.o
                0x0000000020001818                . = ALIGN (0x4)
 *(.bss.*)
                0x0000000020001818                . = ALIGN (0x4)
 *(COMMON)
 COMMON         0x0000000020001818       0x10 bsp/generic-stm32f746/main.o
                0x0000000020001818                app_state
 COMMON         0x0000000020001828       0x90 briscits/libbrisc.a(brisc_sched.o)
                0x0000000020001828                brisc_scheduler_state
                0x00000000200018b8                . = ALIGN (0x4)
                0x00000000200018b8                PROVIDE (_ebss = .)
                [!provide]                        PROVIDE (end = .)
                0x00000000200018b8                _end = .
                0x00000000200018b8                __heap_start__ = _end
                0x0000000020050000                __heap_end__ = __ram_end__
OUTPUT(generic-stm32f746.elf elf32-littlearm)
LOAD linker stubs

.debug_info     0x0000000000000000     0x461d
 .debug_info    0x0000000000000000      0xafd bsp/generic-stm32f746/main.o
 .debug_info    0x0000000000000afd      0x370 chip/stm32/f7/core_clock.o
 .debug_info    0x0000000000000e6d      0x6f0 chip/stm32/f7/system_stm32f7xx.o
 .debug_info    0x000000000000155d      0x143 chip/stm32/f7/systick_init.o
 .debug_info    0x00000000000016a0      0x98e chip/stm32/bss_init.o
 .debug_info    0x000000000000202e      0x9c4 chip/stm32/cpp_init.o
 .debug_info    0x00000000000029f2      0x318 bsp/generic-stm32f746/brisc_board.o
 .debug_info    0x0000000000002d0a       0x26 /usr/lib/gcc/arm-none-eabi/9.2.1/../../../arm-none-eabi/lib/thumb/v7e-m+fp/softfp/libc.a(lib_a-memcpy.o)
 .debug_info    0x0000000000002d30      0xf1b /usr/lib/gcc/arm-none-eabi/9.2.1/../../../arm-none-eabi/lib/thumb/v7e-m+fp/softfp/libc.a(lib_a-memset.o)
 .debug_info    0x0000000000003c4b      0x9d2 /usr/lib/gcc/arm-none-eabi/9.2.1/../../../arm-none-eabi/lib/thumb/v7e-m+fp/softfp/libc.a(lib_a-strncpy.o)

.debug_abbrev   0x0000000000000000      0xed1
 .debug_abbrev  0x0000000000000000      0x225 bsp/generic-stm32f746/main.o
 .debug_abbrev  0x0000000000000225      0x117 chip/stm32/f7/core_clock.o
 .debug_abbrev  0x000000000000033c      0x159 chip/stm32/f7/system_stm32f7xx.o
 .debug_abbrev  0x0000000000000495       0xfc chip/stm32/f7/systick_init.o
 .debug_abbrev  0x0000000000000591      0x1d6 chip/stm32/bss_init.o
 .debug_abbrev  0x0000000000000767      0x203 chip/stm32/cpp_init.o
 .debug_abbrev  0x000000000000096a      0x128 bsp/generic-stm32f746/brisc_board.o
 .debug_abbrev  0x0000000000000a92       0x14 /usr/lib/gcc/arm-none-eabi/9.2.1/../../../arm-none-eabi/lib/thumb/v7e-m+fp/softfp/libc.a(lib_a-memcpy.o)
 .debug_abbrev  0x0000000000000aa6      0x217 /usr/lib/gcc/arm-none-eabi/9.2.1/../../../arm-none-eabi/lib/thumb/v7e-m+fp/softfp/libc.a(lib_a-memset.o)
 .debug_abbrev  0x0000000000000cbd      0x214 /usr/lib/gcc/arm-none-eabi/9.2.1/../../../arm-none-eabi/lib/thumb/v7e-m+fp/softfp/libc.a(lib_a-strncpy.o)

.debug_aranges  0x0000000000000000      0x140
 .debug_aranges
                0x0000000000000000       0x20 bsp/generic-stm32f746/main.o
 .debug_aranges
                0x0000000000000020       0x20 chip/stm32/f7/core_clock.o
 .debug_aranges
                0x0000000000000040       0x20 chip/stm32/f7/system_stm32f7xx.o
 .debug_aranges
                0x0000000000000060       0x20 chip/stm32/f7/systick_init.o
 .debug_aranges
                0x0000000000000080       0x20 chip/stm32/bss_init.o
 .debug_aranges
                0x00000000000000a0       0x20 chip/stm32/cpp_init.o
 .debug_aranges
                0x00000000000000c0       0x20 bsp/generic-stm32f746/brisc_board.o
 .debug_aranges
                0x00000000000000e0       0x20 /usr/lib/gcc/arm-none-eabi/9.2.1/../../../arm-none-eabi/lib/thumb/v7e-m+fp/softfp/libc.a(lib_a-memcpy.o)
 .debug_aranges
                0x0000000000000100       0x20 /usr/lib/gcc/arm-none-eabi/9.2.1/../../../arm-none-eabi/lib/thumb/v7e-m+fp/softfp/libc.a(lib_a-memset.o)
 .debug_aranges
                0x0000000000000120       0x20 /usr/lib/gcc/arm-none-eabi/9.2.1/../../../arm-none-eabi/lib/thumb/v7e-m+fp/softfp/libc.a(lib_a-strncpy.o)

.debug_line     0x0000000000000000      0xdc9
 .debug_line    0x0000000000000000      0x196 bsp/generic-stm32f746/main.o
 .debug_line    0x0000000000000196      0x192 chip/stm32/f7/core_clock.o
 .debug_line    0x0000000000000328      0x162 chip/stm32/f7/system_stm32f7xx.o
 .debug_line    0x000000000000048a      0x103 chip/stm32/f7/systick_init.o
 .debug_line    0x000000000000058d      0x102 chip/stm32/bss_init.o
 .debug_line    0x000000000000068f      0x124 chip/stm32/cpp_init.o
 .debug_line    0x00000000000007b3       0xfe bsp/generic-stm32f746/brisc_board.o
 .debug_line    0x00000000000008b1       0xbe /usr/lib/gcc/arm-none-eabi/9.2.1/../../../arm-none-eabi/lib/thumb/v7e-m+fp/softfp/libc.a(lib_a-memcpy.o)
 .debug_line    0x000000000000096f      0x27a /usr/lib/gcc/arm-none-eabi/9.2.1/../../../arm-none-eabi/lib/thumb/v7e-m+fp/softfp/libc.a(lib_a-memset.o)
 .debug_line    0x0000000000000be9      0x1e0 /usr/lib/gcc/arm-none-eabi/9.2.1/../../../arm-none-eabi/lib/thumb/v7e-m+fp/softfp/libc.a(lib_a-strncpy.o)

.debug_str      0x0000000000000000      0xfe2
 .debug_str     0x0000000000000000      0x63a bsp/generic-stm32f746/main.o
                                        0x69f (size before relaxing)
 .debug_str     0x000000000000063a      0x1b5 chip/stm32/f7/core_clock.o
                                        0x363 (size before relaxing)
 .debug_str     0x00000000000007ef      0x190 chip/stm32/f7/system_stm32f7xx.o
                                        0x45e (size before relaxing)
 .debug_str     0x000000000000097f       0x54 chip/stm32/f7/systick_init.o
                                        0x215 (size before relaxing)
 .debug_str     0x00000000000009d3       0x41 chip/stm32/bss_init.o
                                        0x5e6 (size before relaxing)
 .debug_str     0x0000000000000a14       0x92 chip/stm32/cpp_init.o
                                        0x637 (size before relaxing)
 .debug_str     0x0000000000000aa6       0x67 bsp/generic-stm32f746/brisc_board.o
                                        0x346 (size before relaxing)
 .debug_str     0x0000000000000b0d       0xb3 /usr/lib/gcc/arm-none-eabi/9.2.1/../../../arm-none-eabi/lib/thumb/v7e-m+fp/softfp/libc.a(lib_a-memcpy.o)
 .debug_str     0x0000000000000bc0      0x3c3 /usr/lib/gcc/arm-none-eabi/9.2.1/../../../arm-none-eabi/lib/thumb/v7e-m+fp/softfp/libc.a(lib_a-memset.o)
                                        0x8d7 (size before relaxing)
 .debug_str     0x0000000000000f83       0x5f /usr/lib/gcc/arm-none-eabi/9.2.1/../../../arm-none-eabi/lib/thumb/v7e-m+fp/softfp/libc.a(lib_a-strncpy.o)
                                        0x5d8 (size before relaxing)

.comment        0x0000000000000000       0x59
 .comment       0x0000000000000000       0x59 bsp/generic-stm32f746/main.o
                                         0x5a (size before relaxing)
 .comment       0x0000000000000059       0x5a chip/stm32/f7/core_clock.o
 .comment       0x0000000000000059       0x5a chip/stm32/f7/system_stm32f7xx.o
 .comment       0x0000000000000059       0x5a chip/stm32/f7/systick_init.o
 .comment       0x0000000000000059       0x5a chip/stm32/bss_init.o
 .comment       0x0000000000000059       0x5a chip/stm32/cpp_init.o
 .comment       0x0000000000000059       0x5a bsp/generic-stm32f746/brisc_board.o
 .comment       0x0000000000000059       0x5a /usr/lib/gcc/arm-none-eabi/9.2.1/../../../arm-none-eabi/lib/thumb/v7e-m+fp/softfp/libc.a(lib_a-memset.o)
 .comment       0x0000000000000059       0x5a briscits/libbrisc.a(cpu.o)
 .comment       0x0000000000000059       0x5a briscits/libbrisc.a(brisc_irq.o)
 .comment       0x0000000000000059       0x5a briscits/libbrisc.a(brisc_thread.o)
 .comment       0x0000000000000059       0x5a briscits/libbrisc.a(brisc_sched.o)
 .comment       0x0000000000000059       0x5a /usr/lib/gcc/arm-none-eabi/9.2.1/../../../arm-none-eabi/lib/thumb/v7e-m+fp/softfp/libc.a(lib_a-strncpy.o)

.ARM.attributes
                0x0000000000000000       0x30
 .ARM.attributes
                0x0000000000000000       0x32 bsp/generic-stm32f746/main.o
 .ARM.attributes
                0x0000000000000032       0x20 chip/stm32/f7/stm32f746xe/vectors.o
 .ARM.attributes
                0x0000000000000052       0x20 chip/stm32/f7/boot.o
 .ARM.attributes
                0x0000000000000072       0x32 chip/stm32/f7/core_clock.o
 .ARM.attributes
                0x00000000000000a4       0x32 chip/stm32/f7/system_stm32f7xx.o
 .ARM.attributes
                0x00000000000000d6       0x32 chip/stm32/f7/systick_init.o
 .ARM.attributes
                0x0000000000000108       0x32 chip/stm32/bss_init.o
 .ARM.attributes
                0x000000000000013a       0x32 chip/stm32/cpp_init.o
 .ARM.attributes
                0x000000000000016c       0x32 bsp/generic-stm32f746/brisc_board.o
 .ARM.attributes
                0x000000000000019e       0x1c /usr/lib/gcc/arm-none-eabi/9.2.1/../../../arm-none-eabi/lib/thumb/v7e-m+fp/softfp/libc.a(lib_a-memcpy.o)
 .ARM.attributes
                0x00000000000001ba       0x32 /usr/lib/gcc/arm-none-eabi/9.2.1/../../../arm-none-eabi/lib/thumb/v7e-m+fp/softfp/libc.a(lib_a-memset.o)
 .ARM.attributes
                0x00000000000001ec       0x32 briscits/libbrisc.a(cpu.o)
 .ARM.attributes
                0x000000000000021e       0x32 briscits/libbrisc.a(brisc_irq.o)
 .ARM.attributes
                0x0000000000000250       0x32 briscits/libbrisc.a(brisc_thread.o)
 .ARM.attributes
                0x0000000000000282       0x32 briscits/libbrisc.a(brisc_sched.o)
 .ARM.attributes
                0x00000000000002b4       0x32 /usr/lib/gcc/arm-none-eabi/9.2.1/../../../arm-none-eabi/lib/thumb/v7e-m+fp/softfp/libc.a(lib_a-strncpy.o)

.debug_frame    0x0000000000000000      0x318
 .debug_frame   0x0000000000000000       0xb4 bsp/generic-stm32f746/main.o
 .debug_frame   0x00000000000000b4       0x74 chip/stm32/f7/core_clock.o
 .debug_frame   0x0000000000000128       0x58 chip/stm32/f7/system_stm32f7xx.o
 .debug_frame   0x0000000000000180       0x38 chip/stm32/f7/systick_init.o
 .debug_frame   0x00000000000001b8       0x2c chip/stm32/bss_init.o
 .debug_frame   0x00000000000001e4       0x58 chip/stm32/cpp_init.o
 .debug_frame   0x000000000000023c       0x6c bsp/generic-stm32f746/brisc_board.o
 .debug_frame   0x00000000000002a8       0x38 /usr/lib/gcc/arm-none-eabi/9.2.1/../../../arm-none-eabi/lib/thumb/v7e-m+fp/softfp/libc.a(lib_a-memset.o)
 .debug_frame   0x00000000000002e0       0x38 /usr/lib/gcc/arm-none-eabi/9.2.1/../../../arm-none-eabi/lib/thumb/v7e-m+fp/softfp/libc.a(lib_a-strncpy.o)

.debug_loc      0x0000000000000000      0x3e1
 .debug_loc     0x0000000000000000      0x22c /usr/lib/gcc/arm-none-eabi/9.2.1/../../../arm-none-eabi/lib/thumb/v7e-m+fp/softfp/libc.a(lib_a-memset.o)
 .debug_loc     0x000000000000022c      0x1b5 /usr/lib/gcc/arm-none-eabi/9.2.1/../../../arm-none-eabi/lib/thumb/v7e-m+fp/softfp/libc.a(lib_a-strncpy.o)
