Archive member included to satisfy reference by file (symbol)

/opt/riscv-gcc/lib/gcc/riscv32-unknown-elf/10.1.0/../../../../riscv32-unknown-elf/lib/libc.a(lib_a-itoa.o)
                              lib/ftoa.o (itoa)
/opt/riscv-gcc/lib/gcc/riscv32-unknown-elf/10.1.0/../../../../riscv32-unknown-elf/lib/libc.a(lib_a-memcpy.o)
                              chip/gd32/bss_init.o (memcpy)
/opt/riscv-gcc/lib/gcc/riscv32-unknown-elf/10.1.0/../../../../riscv32-unknown-elf/lib/libc.a(lib_a-memset.o)
                              lib/ftoa.o (memset)
/opt/riscv-gcc/lib/gcc/riscv32-unknown-elf/10.1.0/../../../../riscv32-unknown-elf/lib/libc.a(lib_a-strcat.o)
                              lib/ftoa.o (strcat)
/opt/riscv-gcc/lib/gcc/riscv32-unknown-elf/10.1.0/../../../../riscv32-unknown-elf/lib/libc.a(lib_a-strcpy.o)
                              /opt/riscv-gcc/lib/gcc/riscv32-unknown-elf/10.1.0/../../../../riscv32-unknown-elf/lib/libc.a(lib_a-strcat.o) (strcpy)
/opt/riscv-gcc/lib/gcc/riscv32-unknown-elf/10.1.0/../../../../riscv32-unknown-elf/lib/libc.a(lib_a-utoa.o)
                              /opt/riscv-gcc/lib/gcc/riscv32-unknown-elf/10.1.0/../../../../riscv32-unknown-elf/lib/libc.a(lib_a-itoa.o) (__utoa)
/opt/riscv-gcc/lib/gcc/riscv32-unknown-elf/10.1.0/libgcc.a(_udivdi3.o)
                              lib/xprintf.o (__udivdi3)
/opt/riscv-gcc/lib/gcc/riscv32-unknown-elf/10.1.0/libgcc.a(_umoddi3.o)
                              lib/xprintf.o (__umoddi3)
/opt/riscv-gcc/lib/gcc/riscv32-unknown-elf/10.1.0/libgcc.a(fixdfsi.o)
                              lib/ftoa.o (__fixdfsi)
/opt/riscv-gcc/lib/gcc/riscv32-unknown-elf/10.1.0/libgcc.a(addsf3.o)
                              lib/ftoa.o (__addsf3)
/opt/riscv-gcc/lib/gcc/riscv32-unknown-elf/10.1.0/libgcc.a(divsf3.o)
                              lib/ftoa.o (__divsf3)
/opt/riscv-gcc/lib/gcc/riscv32-unknown-elf/10.1.0/libgcc.a(lesf2.o)
                              lib/ftoa.o (__ltsf2)
/opt/riscv-gcc/lib/gcc/riscv32-unknown-elf/10.1.0/libgcc.a(mulsf3.o)
                              lib/ftoa.o (__mulsf3)
/opt/riscv-gcc/lib/gcc/riscv32-unknown-elf/10.1.0/libgcc.a(subsf3.o)
                              lib/ftoa.o (__subsf3)
/opt/riscv-gcc/lib/gcc/riscv32-unknown-elf/10.1.0/libgcc.a(fixsfsi.o)
                              lib/ftoa.o (__fixsfsi)
/opt/riscv-gcc/lib/gcc/riscv32-unknown-elf/10.1.0/libgcc.a(floatsisf.o)
                              lib/ftoa.o (__floatsisf)
/opt/riscv-gcc/lib/gcc/riscv32-unknown-elf/10.1.0/libgcc.a(floatunsisf.o)
                              bsp/sipeed-longan-nano/main.o (__floatunsisf)
/opt/riscv-gcc/lib/gcc/riscv32-unknown-elf/10.1.0/libgcc.a(extendsfdf2.o)
                              lib/ftoa.o (__extendsfdf2)
/opt/riscv-gcc/lib/gcc/riscv32-unknown-elf/10.1.0/libgcc.a(truncdfsf2.o)
                              lib/xprintf.o (__truncdfsf2)
/opt/riscv-gcc/lib/gcc/riscv32-unknown-elf/10.1.0/libgcc.a(_clz.o)
                              /opt/riscv-gcc/lib/gcc/riscv32-unknown-elf/10.1.0/libgcc.a(_udivdi3.o) (__clz_tab)
/opt/riscv-gcc/lib/gcc/riscv32-unknown-elf/10.1.0/libgcc.a(_clzsi2.o)
                              /opt/riscv-gcc/lib/gcc/riscv32-unknown-elf/10.1.0/libgcc.a(addsf3.o) (__clzsi2)
/opt/riscv-gcc/lib/gcc/riscv32-unknown-elf/10.1.0/../../../../riscv32-unknown-elf/lib/libm.a(lib_a-s_ceil.o)
                              lib/ftoa.o (ceil)
/opt/riscv-gcc/lib/gcc/riscv32-unknown-elf/10.1.0/../../../../riscv32-unknown-elf/lib/libm.a(lib_a-w_log10.o)
                              lib/ftoa.o (log10)
/opt/riscv-gcc/lib/gcc/riscv32-unknown-elf/10.1.0/../../../../riscv32-unknown-elf/lib/libm.a(lib_a-e_log10.o)
                              /opt/riscv-gcc/lib/gcc/riscv32-unknown-elf/10.1.0/../../../../riscv32-unknown-elf/lib/libm.a(lib_a-w_log10.o) (__ieee754_log10)
/opt/riscv-gcc/lib/gcc/riscv32-unknown-elf/10.1.0/../../../../riscv32-unknown-elf/lib/libm.a(lib_a-e_log.o)
                              /opt/riscv-gcc/lib/gcc/riscv32-unknown-elf/10.1.0/../../../../riscv32-unknown-elf/lib/libm.a(lib_a-e_log10.o) (__ieee754_log)
/opt/riscv-gcc/lib/gcc/riscv32-unknown-elf/10.1.0/../../../../riscv32-unknown-elf/lib/libm.a(lib_a-s_lib_ver.o)
                              /opt/riscv-gcc/lib/gcc/riscv32-unknown-elf/10.1.0/../../../../riscv32-unknown-elf/lib/libm.a(lib_a-w_log10.o) (__fdlib_version)
/opt/riscv-gcc/lib/gcc/riscv32-unknown-elf/10.1.0/../../../../riscv32-unknown-elf/lib/libm.a(lib_a-s_nan.o)
                              /opt/riscv-gcc/lib/gcc/riscv32-unknown-elf/10.1.0/../../../../riscv32-unknown-elf/lib/libm.a(lib_a-w_log10.o) (nan)
briscits/libbrisc.a(brisc_irq.o)
                              briscits/cpu/riscv/RV32IMAC/cpu.o (brisc_isr_systick)
briscits/libbrisc.a(brisc_thread.o)
                              bsp/sipeed-longan-nano/brisc_board.o (b_thread_yield)
briscits/libbrisc.a(brisc_delay.o)
                              bsp/sipeed-longan-nano/main.o (b_delay_ms)
briscits/libbrisc.a(brisc_sched.o)
                              briscits/libbrisc.a(brisc_irq.o) (b_thread_schedule_next)
/opt/riscv-gcc/lib/gcc/riscv32-unknown-elf/10.1.0/libgcc.a(adddf3.o)
                              /opt/riscv-gcc/lib/gcc/riscv32-unknown-elf/10.1.0/../../../../riscv32-unknown-elf/lib/libm.a(lib_a-s_ceil.o) (__adddf3)
/opt/riscv-gcc/lib/gcc/riscv32-unknown-elf/10.1.0/libgcc.a(divdf3.o)
                              /opt/riscv-gcc/lib/gcc/riscv32-unknown-elf/10.1.0/../../../../riscv32-unknown-elf/lib/libm.a(lib_a-e_log10.o) (__divdf3)
/opt/riscv-gcc/lib/gcc/riscv32-unknown-elf/10.1.0/libgcc.a(eqdf2.o)
                              /opt/riscv-gcc/lib/gcc/riscv32-unknown-elf/10.1.0/../../../../riscv32-unknown-elf/lib/libm.a(lib_a-w_log10.o) (__eqdf2)
/opt/riscv-gcc/lib/gcc/riscv32-unknown-elf/10.1.0/libgcc.a(gedf2.o)
                              /opt/riscv-gcc/lib/gcc/riscv32-unknown-elf/10.1.0/../../../../riscv32-unknown-elf/lib/libm.a(lib_a-s_ceil.o) (__gtdf2)
/opt/riscv-gcc/lib/gcc/riscv32-unknown-elf/10.1.0/libgcc.a(ledf2.o)
                              /opt/riscv-gcc/lib/gcc/riscv32-unknown-elf/10.1.0/../../../../riscv32-unknown-elf/lib/libm.a(lib_a-w_log10.o) (__ledf2)
/opt/riscv-gcc/lib/gcc/riscv32-unknown-elf/10.1.0/libgcc.a(muldf3.o)
                              /opt/riscv-gcc/lib/gcc/riscv32-unknown-elf/10.1.0/../../../../riscv32-unknown-elf/lib/libm.a(lib_a-e_log10.o) (__muldf3)
/opt/riscv-gcc/lib/gcc/riscv32-unknown-elf/10.1.0/libgcc.a(subdf3.o)
                              /opt/riscv-gcc/lib/gcc/riscv32-unknown-elf/10.1.0/../../../../riscv32-unknown-elf/lib/libm.a(lib_a-e_log10.o) (__subdf3)
/opt/riscv-gcc/lib/gcc/riscv32-unknown-elf/10.1.0/libgcc.a(unorddf2.o)
                              /opt/riscv-gcc/lib/gcc/riscv32-unknown-elf/10.1.0/../../../../riscv32-unknown-elf/lib/libm.a(lib_a-w_log10.o) (__unorddf2)
/opt/riscv-gcc/lib/gcc/riscv32-unknown-elf/10.1.0/libgcc.a(floatsidf.o)
                              /opt/riscv-gcc/lib/gcc/riscv32-unknown-elf/10.1.0/../../../../riscv32-unknown-elf/lib/libm.a(lib_a-e_log10.o) (__floatsidf)
/opt/riscv-gcc/lib/gcc/riscv32-unknown-elf/10.1.0/../../../../riscv32-unknown-elf/lib/libc.a(lib_a-errno.o)
                              /opt/riscv-gcc/lib/gcc/riscv32-unknown-elf/10.1.0/../../../../riscv32-unknown-elf/lib/libm.a(lib_a-w_log10.o) (__errno)
/opt/riscv-gcc/lib/gcc/riscv32-unknown-elf/10.1.0/../../../../riscv32-unknown-elf/lib/libc.a(lib_a-impure.o)
                              /opt/riscv-gcc/lib/gcc/riscv32-unknown-elf/10.1.0/../../../../riscv32-unknown-elf/lib/libc.a(lib_a-errno.o) (_impure_ptr)
/opt/riscv-gcc/lib/gcc/riscv32-unknown-elf/10.1.0/../../../../riscv32-unknown-elf/lib/libc.a(lib_a-strncpy.o)
                              briscits/libbrisc.a(brisc_thread.o) (strncpy)

Discarded input sections

 .text          0x0000000000000000        0x0 chip/gd32/gd32vf103xb/vectors.o
 .data          0x0000000000000000        0x0 chip/gd32/gd32vf103xb/vectors.o
 .bss           0x0000000000000000        0x0 chip/gd32/gd32vf103xb/vectors.o
 .text          0x0000000000000000        0x0 chip/gd32/boot.o
 .data          0x0000000000000000        0x0 chip/gd32/boot.o
 .bss           0x0000000000000000        0x0 chip/gd32/boot.o
 .data          0x0000000000000000        0x0 lib/xprintf.o
 .bss           0x0000000000000000        0x0 lib/xprintf.o
 .data          0x0000000000000000        0x0 lib/ftoa.o
 .bss           0x0000000000000000        0x0 lib/ftoa.o
 .data          0x0000000000000000        0x0 chip/gd32/bss_init.o
 .bss           0x0000000000000000        0x0 chip/gd32/bss_init.o
 .data          0x0000000000000000        0x0 chip/gd32/n200_func.o
 .bss           0x0000000000000000        0x0 chip/gd32/n200_func.o
 .data          0x0000000000000000        0x0 chip/gd32/system_gd32vf103.o
 .bss           0x0000000000000000        0x0 chip/gd32/system_gd32vf103.o
 .data          0x0000000000000000        0x0 chip/gd32/gd32vf103_gpio.o
 .bss           0x0000000000000000        0x0 chip/gd32/gd32vf103_gpio.o
 .data          0x0000000000000000        0x0 chip/gd32/gd32vf103_rcu.o
 .bss           0x0000000000000000        0x0 chip/gd32/gd32vf103_rcu.o
 .data          0x0000000000000000        0x0 chip/gd32/gd32vf103_spi.o
 .bss           0x0000000000000000        0x0 chip/gd32/gd32vf103_spi.o
 .data          0x0000000000000000        0x0 chip/gd32/gd32vf103_usart.o
 .bss           0x0000000000000000        0x0 chip/gd32/gd32vf103_usart.o
 .data          0x0000000000000000        0x0 briscits/cpu/riscv/RV32IMAC/cpu.o
 .bss           0x0000000000000000        0x0 briscits/cpu/riscv/RV32IMAC/cpu.o
 .data          0x0000000000000000        0x0 bsp/sipeed-longan-nano/main.o
 .data          0x0000000000000000        0x0 bsp/sipeed-longan-nano/brisc_board.o
 .bss           0x0000000000000000        0x0 bsp/sipeed-longan-nano/brisc_board.o
 .data          0x0000000000000000        0x0 bsp/sipeed-longan-nano/brisc_timer.o
 .bss           0x0000000000000000        0x0 bsp/sipeed-longan-nano/brisc_timer.o
 .data          0x0000000000000000        0x0 bsp/sipeed-longan-nano/rgb_led.o
 .bss           0x0000000000000000        0x0 bsp/sipeed-longan-nano/rgb_led.o
 .data          0x0000000000000000        0x0 /opt/riscv-gcc/lib/gcc/riscv32-unknown-elf/10.1.0/../../../../riscv32-unknown-elf/lib/libc.a(lib_a-itoa.o)
 .bss           0x0000000000000000        0x0 /opt/riscv-gcc/lib/gcc/riscv32-unknown-elf/10.1.0/../../../../riscv32-unknown-elf/lib/libc.a(lib_a-itoa.o)
 .data          0x0000000000000000        0x0 /opt/riscv-gcc/lib/gcc/riscv32-unknown-elf/10.1.0/../../../../riscv32-unknown-elf/lib/libc.a(lib_a-memcpy.o)
 .bss           0x0000000000000000        0x0 /opt/riscv-gcc/lib/gcc/riscv32-unknown-elf/10.1.0/../../../../riscv32-unknown-elf/lib/libc.a(lib_a-memcpy.o)
 .data          0x0000000000000000        0x0 /opt/riscv-gcc/lib/gcc/riscv32-unknown-elf/10.1.0/../../../../riscv32-unknown-elf/lib/libc.a(lib_a-memset.o)
 .bss           0x0000000000000000        0x0 /opt/riscv-gcc/lib/gcc/riscv32-unknown-elf/10.1.0/../../../../riscv32-unknown-elf/lib/libc.a(lib_a-memset.o)
 .data          0x0000000000000000        0x0 /opt/riscv-gcc/lib/gcc/riscv32-unknown-elf/10.1.0/../../../../riscv32-unknown-elf/lib/libc.a(lib_a-strcat.o)
 .bss           0x0000000000000000        0x0 /opt/riscv-gcc/lib/gcc/riscv32-unknown-elf/10.1.0/../../../../riscv32-unknown-elf/lib/libc.a(lib_a-strcat.o)
 .data          0x0000000000000000        0x0 /opt/riscv-gcc/lib/gcc/riscv32-unknown-elf/10.1.0/../../../../riscv32-unknown-elf/lib/libc.a(lib_a-strcpy.o)
 .bss           0x0000000000000000        0x0 /opt/riscv-gcc/lib/gcc/riscv32-unknown-elf/10.1.0/../../../../riscv32-unknown-elf/lib/libc.a(lib_a-strcpy.o)
 .data          0x0000000000000000        0x0 /opt/riscv-gcc/lib/gcc/riscv32-unknown-elf/10.1.0/../../../../riscv32-unknown-elf/lib/libc.a(lib_a-utoa.o)
 .bss           0x0000000000000000        0x0 /opt/riscv-gcc/lib/gcc/riscv32-unknown-elf/10.1.0/../../../../riscv32-unknown-elf/lib/libc.a(lib_a-utoa.o)
 .data          0x0000000000000000        0x0 /opt/riscv-gcc/lib/gcc/riscv32-unknown-elf/10.1.0/libgcc.a(_udivdi3.o)
 .bss           0x0000000000000000        0x0 /opt/riscv-gcc/lib/gcc/riscv32-unknown-elf/10.1.0/libgcc.a(_udivdi3.o)
 .eh_frame      0x0000000000000000       0x28 /opt/riscv-gcc/lib/gcc/riscv32-unknown-elf/10.1.0/libgcc.a(_udivdi3.o)
 .data          0x0000000000000000        0x0 /opt/riscv-gcc/lib/gcc/riscv32-unknown-elf/10.1.0/libgcc.a(_umoddi3.o)
 .bss           0x0000000000000000        0x0 /opt/riscv-gcc/lib/gcc/riscv32-unknown-elf/10.1.0/libgcc.a(_umoddi3.o)
 .eh_frame      0x0000000000000000       0x28 /opt/riscv-gcc/lib/gcc/riscv32-unknown-elf/10.1.0/libgcc.a(_umoddi3.o)
 .data          0x0000000000000000        0x0 /opt/riscv-gcc/lib/gcc/riscv32-unknown-elf/10.1.0/libgcc.a(fixdfsi.o)
 .bss           0x0000000000000000        0x0 /opt/riscv-gcc/lib/gcc/riscv32-unknown-elf/10.1.0/libgcc.a(fixdfsi.o)
 .data          0x0000000000000000        0x0 /opt/riscv-gcc/lib/gcc/riscv32-unknown-elf/10.1.0/libgcc.a(addsf3.o)
 .bss           0x0000000000000000        0x0 /opt/riscv-gcc/lib/gcc/riscv32-unknown-elf/10.1.0/libgcc.a(addsf3.o)
 .data          0x0000000000000000        0x0 /opt/riscv-gcc/lib/gcc/riscv32-unknown-elf/10.1.0/libgcc.a(divsf3.o)
 .bss           0x0000000000000000        0x0 /opt/riscv-gcc/lib/gcc/riscv32-unknown-elf/10.1.0/libgcc.a(divsf3.o)
 .data          0x0000000000000000        0x0 /opt/riscv-gcc/lib/gcc/riscv32-unknown-elf/10.1.0/libgcc.a(lesf2.o)
 .bss           0x0000000000000000        0x0 /opt/riscv-gcc/lib/gcc/riscv32-unknown-elf/10.1.0/libgcc.a(lesf2.o)
 .data          0x0000000000000000        0x0 /opt/riscv-gcc/lib/gcc/riscv32-unknown-elf/10.1.0/libgcc.a(mulsf3.o)
 .bss           0x0000000000000000        0x0 /opt/riscv-gcc/lib/gcc/riscv32-unknown-elf/10.1.0/libgcc.a(mulsf3.o)
 .data          0x0000000000000000        0x0 /opt/riscv-gcc/lib/gcc/riscv32-unknown-elf/10.1.0/libgcc.a(subsf3.o)
 .bss           0x0000000000000000        0x0 /opt/riscv-gcc/lib/gcc/riscv32-unknown-elf/10.1.0/libgcc.a(subsf3.o)
 .data          0x0000000000000000        0x0 /opt/riscv-gcc/lib/gcc/riscv32-unknown-elf/10.1.0/libgcc.a(fixsfsi.o)
 .bss           0x0000000000000000        0x0 /opt/riscv-gcc/lib/gcc/riscv32-unknown-elf/10.1.0/libgcc.a(fixsfsi.o)
 .data          0x0000000000000000        0x0 /opt/riscv-gcc/lib/gcc/riscv32-unknown-elf/10.1.0/libgcc.a(floatsisf.o)
 .bss           0x0000000000000000        0x0 /opt/riscv-gcc/lib/gcc/riscv32-unknown-elf/10.1.0/libgcc.a(floatsisf.o)
 .data          0x0000000000000000        0x0 /opt/riscv-gcc/lib/gcc/riscv32-unknown-elf/10.1.0/libgcc.a(floatunsisf.o)
 .bss           0x0000000000000000        0x0 /opt/riscv-gcc/lib/gcc/riscv32-unknown-elf/10.1.0/libgcc.a(floatunsisf.o)
 .data          0x0000000000000000        0x0 /opt/riscv-gcc/lib/gcc/riscv32-unknown-elf/10.1.0/libgcc.a(extendsfdf2.o)
 .bss           0x0000000000000000        0x0 /opt/riscv-gcc/lib/gcc/riscv32-unknown-elf/10.1.0/libgcc.a(extendsfdf2.o)
 .data          0x0000000000000000        0x0 /opt/riscv-gcc/lib/gcc/riscv32-unknown-elf/10.1.0/libgcc.a(truncdfsf2.o)
 .bss           0x0000000000000000        0x0 /opt/riscv-gcc/lib/gcc/riscv32-unknown-elf/10.1.0/libgcc.a(truncdfsf2.o)
 .text          0x0000000000000000        0x0 /opt/riscv-gcc/lib/gcc/riscv32-unknown-elf/10.1.0/libgcc.a(_clz.o)
 .data          0x0000000000000000        0x0 /opt/riscv-gcc/lib/gcc/riscv32-unknown-elf/10.1.0/libgcc.a(_clz.o)
 .bss           0x0000000000000000        0x0 /opt/riscv-gcc/lib/gcc/riscv32-unknown-elf/10.1.0/libgcc.a(_clz.o)
 .data          0x0000000000000000        0x0 /opt/riscv-gcc/lib/gcc/riscv32-unknown-elf/10.1.0/libgcc.a(_clzsi2.o)
 .bss           0x0000000000000000        0x0 /opt/riscv-gcc/lib/gcc/riscv32-unknown-elf/10.1.0/libgcc.a(_clzsi2.o)
 .data          0x0000000000000000        0x0 /opt/riscv-gcc/lib/gcc/riscv32-unknown-elf/10.1.0/../../../../riscv32-unknown-elf/lib/libm.a(lib_a-s_ceil.o)
 .bss           0x0000000000000000        0x0 /opt/riscv-gcc/lib/gcc/riscv32-unknown-elf/10.1.0/../../../../riscv32-unknown-elf/lib/libm.a(lib_a-s_ceil.o)
 .data          0x0000000000000000        0x0 /opt/riscv-gcc/lib/gcc/riscv32-unknown-elf/10.1.0/../../../../riscv32-unknown-elf/lib/libm.a(lib_a-w_log10.o)
 .bss           0x0000000000000000        0x0 /opt/riscv-gcc/lib/gcc/riscv32-unknown-elf/10.1.0/../../../../riscv32-unknown-elf/lib/libm.a(lib_a-w_log10.o)
 .data          0x0000000000000000        0x0 /opt/riscv-gcc/lib/gcc/riscv32-unknown-elf/10.1.0/../../../../riscv32-unknown-elf/lib/libm.a(lib_a-e_log10.o)
 .bss           0x0000000000000000        0x0 /opt/riscv-gcc/lib/gcc/riscv32-unknown-elf/10.1.0/../../../../riscv32-unknown-elf/lib/libm.a(lib_a-e_log10.o)
 .data          0x0000000000000000        0x0 /opt/riscv-gcc/lib/gcc/riscv32-unknown-elf/10.1.0/../../../../riscv32-unknown-elf/lib/libm.a(lib_a-e_log.o)
 .bss           0x0000000000000000        0x0 /opt/riscv-gcc/lib/gcc/riscv32-unknown-elf/10.1.0/../../../../riscv32-unknown-elf/lib/libm.a(lib_a-e_log.o)
 .text          0x0000000000000000        0x0 /opt/riscv-gcc/lib/gcc/riscv32-unknown-elf/10.1.0/../../../../riscv32-unknown-elf/lib/libm.a(lib_a-s_lib_ver.o)
 .data          0x0000000000000000        0x0 /opt/riscv-gcc/lib/gcc/riscv32-unknown-elf/10.1.0/../../../../riscv32-unknown-elf/lib/libm.a(lib_a-s_lib_ver.o)
 .bss           0x0000000000000000        0x0 /opt/riscv-gcc/lib/gcc/riscv32-unknown-elf/10.1.0/../../../../riscv32-unknown-elf/lib/libm.a(lib_a-s_lib_ver.o)
 .data          0x0000000000000000        0x0 /opt/riscv-gcc/lib/gcc/riscv32-unknown-elf/10.1.0/../../../../riscv32-unknown-elf/lib/libm.a(lib_a-s_nan.o)
 .bss           0x0000000000000000        0x0 /opt/riscv-gcc/lib/gcc/riscv32-unknown-elf/10.1.0/../../../../riscv32-unknown-elf/lib/libm.a(lib_a-s_nan.o)
 .data          0x0000000000000000        0x0 briscits/libbrisc.a(brisc_irq.o)
 .bss           0x0000000000000000        0x0 briscits/libbrisc.a(brisc_irq.o)
 .data          0x0000000000000000        0x0 briscits/libbrisc.a(brisc_thread.o)
 .bss           0x0000000000000000        0x0 briscits/libbrisc.a(brisc_thread.o)
 .data          0x0000000000000000        0x0 briscits/libbrisc.a(brisc_delay.o)
 .bss           0x0000000000000000        0x0 briscits/libbrisc.a(brisc_delay.o)
 .data          0x0000000000000000        0x0 briscits/libbrisc.a(brisc_sched.o)
 .data          0x0000000000000000        0x0 /opt/riscv-gcc/lib/gcc/riscv32-unknown-elf/10.1.0/libgcc.a(adddf3.o)
 .bss           0x0000000000000000        0x0 /opt/riscv-gcc/lib/gcc/riscv32-unknown-elf/10.1.0/libgcc.a(adddf3.o)
 .data          0x0000000000000000        0x0 /opt/riscv-gcc/lib/gcc/riscv32-unknown-elf/10.1.0/libgcc.a(divdf3.o)
 .bss           0x0000000000000000        0x0 /opt/riscv-gcc/lib/gcc/riscv32-unknown-elf/10.1.0/libgcc.a(divdf3.o)
 .data          0x0000000000000000        0x0 /opt/riscv-gcc/lib/gcc/riscv32-unknown-elf/10.1.0/libgcc.a(eqdf2.o)
 .bss           0x0000000000000000        0x0 /opt/riscv-gcc/lib/gcc/riscv32-unknown-elf/10.1.0/libgcc.a(eqdf2.o)
 .data          0x0000000000000000        0x0 /opt/riscv-gcc/lib/gcc/riscv32-unknown-elf/10.1.0/libgcc.a(gedf2.o)
 .bss           0x0000000000000000        0x0 /opt/riscv-gcc/lib/gcc/riscv32-unknown-elf/10.1.0/libgcc.a(gedf2.o)
 .data          0x0000000000000000        0x0 /opt/riscv-gcc/lib/gcc/riscv32-unknown-elf/10.1.0/libgcc.a(ledf2.o)
 .bss           0x0000000000000000        0x0 /opt/riscv-gcc/lib/gcc/riscv32-unknown-elf/10.1.0/libgcc.a(ledf2.o)
 .data          0x0000000000000000        0x0 /opt/riscv-gcc/lib/gcc/riscv32-unknown-elf/10.1.0/libgcc.a(muldf3.o)
 .bss           0x0000000000000000        0x0 /opt/riscv-gcc/lib/gcc/riscv32-unknown-elf/10.1.0/libgcc.a(muldf3.o)
 .data          0x0000000000000000        0x0 /opt/riscv-gcc/lib/gcc/riscv32-unknown-elf/10.1.0/libgcc.a(subdf3.o)
 .bss           0x0000000000000000        0x0 /opt/riscv-gcc/lib/gcc/riscv32-unknown-elf/10.1.0/libgcc.a(subdf3.o)
 .data          0x0000000000000000        0x0 /opt/riscv-gcc/lib/gcc/riscv32-unknown-elf/10.1.0/libgcc.a(unorddf2.o)
 .bss           0x0000000000000000        0x0 /opt/riscv-gcc/lib/gcc/riscv32-unknown-elf/10.1.0/libgcc.a(unorddf2.o)
 .data          0x0000000000000000        0x0 /opt/riscv-gcc/lib/gcc/riscv32-unknown-elf/10.1.0/libgcc.a(floatsidf.o)
 .bss           0x0000000000000000        0x0 /opt/riscv-gcc/lib/gcc/riscv32-unknown-elf/10.1.0/libgcc.a(floatsidf.o)
 .data          0x0000000000000000        0x0 /opt/riscv-gcc/lib/gcc/riscv32-unknown-elf/10.1.0/../../../../riscv32-unknown-elf/lib/libc.a(lib_a-errno.o)
 .bss           0x0000000000000000        0x0 /opt/riscv-gcc/lib/gcc/riscv32-unknown-elf/10.1.0/../../../../riscv32-unknown-elf/lib/libc.a(lib_a-errno.o)
 .text          0x0000000000000000        0x0 /opt/riscv-gcc/lib/gcc/riscv32-unknown-elf/10.1.0/../../../../riscv32-unknown-elf/lib/libc.a(lib_a-impure.o)
 .bss           0x0000000000000000        0x0 /opt/riscv-gcc/lib/gcc/riscv32-unknown-elf/10.1.0/../../../../riscv32-unknown-elf/lib/libc.a(lib_a-impure.o)
 .srodata       0x0000000000000000        0x4 /opt/riscv-gcc/lib/gcc/riscv32-unknown-elf/10.1.0/../../../../riscv32-unknown-elf/lib/libc.a(lib_a-impure.o)
 .data          0x0000000000000000        0x0 /opt/riscv-gcc/lib/gcc/riscv32-unknown-elf/10.1.0/../../../../riscv32-unknown-elf/lib/libc.a(lib_a-strncpy.o)
 .bss           0x0000000000000000        0x0 /opt/riscv-gcc/lib/gcc/riscv32-unknown-elf/10.1.0/../../../../riscv32-unknown-elf/lib/libc.a(lib_a-strncpy.o)

Memory Configuration

Name             Origin             Length             Attributes
FLASH            0x0000000008000000 0x0000000000020000 xr
RAM              0x0000000020000000 0x0000000000008000 xrw
*default*        0x0000000000000000 0xffffffffffffffff

Linker script and memory map

LOAD chip/gd32/gd32vf103xb/vectors.o
LOAD chip/gd32/boot.o
LOAD lib/xprintf.o
LOAD lib/ftoa.o
LOAD chip/gd32/bss_init.o
LOAD chip/gd32/n200_func.o
LOAD chip/gd32/system_gd32vf103.o
LOAD chip/gd32/gd32vf103_gpio.o
LOAD chip/gd32/gd32vf103_rcu.o
LOAD chip/gd32/gd32vf103_spi.o
LOAD chip/gd32/gd32vf103_usart.o
LOAD briscits/cpu/riscv/RV32IMAC/cpu.o
LOAD bsp/sipeed-longan-nano/main.o
LOAD bsp/sipeed-longan-nano/brisc_board.o
LOAD bsp/sipeed-longan-nano/brisc_timer.o
LOAD bsp/sipeed-longan-nano/rgb_led.o
LOAD /opt/riscv-gcc/lib/gcc/riscv32-unknown-elf/10.1.0/../../../../riscv32-unknown-elf/lib/libc.a
LOAD /opt/riscv-gcc/lib/gcc/riscv32-unknown-elf/10.1.0/libgcc.a
LOAD /opt/riscv-gcc/lib/gcc/riscv32-unknown-elf/10.1.0/../../../../riscv32-unknown-elf/lib/libm.a
LOAD briscits/libbrisc.a
LOAD /opt/riscv-gcc/lib/gcc/riscv32-unknown-elf/10.1.0/libgcc.a
START GROUP
LOAD /opt/riscv-gcc/lib/gcc/riscv32-unknown-elf/10.1.0/../../../../riscv32-unknown-elf/lib/libc.a
END GROUP
LOAD /opt/riscv-gcc/lib/gcc/riscv32-unknown-elf/10.1.0/libgcc.a
START GROUP
LOAD /opt/riscv-gcc/lib/gcc/riscv32-unknown-elf/10.1.0/libgcc.a
LOAD /opt/riscv-gcc/lib/gcc/riscv32-unknown-elf/10.1.0/../../../../riscv32-unknown-elf/lib/libc.a
LOAD /opt/riscv-gcc/lib/gcc/riscv32-unknown-elf/10.1.0/../../../../riscv32-unknown-elf/lib/libnosys.a
END GROUP
                0x0000000000000400                __stack_size = DEFINED (__stack_size)?__stack_size:0x400

.vector_table   0x0000000008000000      0x15c
 *(SORT_NONE(.vector_table))
 .vector_table  0x0000000008000000      0x15c chip/gd32/gd32vf103xb/vectors.o
                0x0000000008000000                vtable

.text           0x0000000008000160     0x7d58
 *(.text .text.*)
 .text.default_interrupt_handler
                0x0000000008000160       0x60 chip/gd32/boot.o
                0x0000000008000160                default_interrupt_handler
                0x0000000008000162                briscits_reset_handler
 .text          0x00000000080001c0      0x75a lib/xprintf.o
                0x00000000080001c0                xputc
                0x000000000800020a                xfputc
                0x0000000008000236                xputs
                0x00000000080005a0                xfputs
                0x00000000080005dc                xprintf
                0x0000000008000600                xsprintf
                0x000000000800063e                xfprintf
                0x000000000800067c                put_dump
                0x0000000008000758                xgets
                0x00000000080007f2                xfgets
                0x0000000008000822                xatoi
 .text          0x000000000800091a      0x222 lib/ftoa.o
                0x000000000800091a                ftoa
 .text          0x0000000008000b3c       0x52 chip/gd32/bss_init.o
                0x0000000008000b3c                _bss_init
 .text          0x0000000008000b8e      0x476 chip/gd32/n200_func.o
                0x0000000008000b8e                pmp_open_all_space
                0x0000000008000ba0                switch_m2u_mode
                0x0000000008000bbc                mtime_lo
                0x0000000008000bc4                mtime_hi
                0x0000000008000bcc                get_timer_value
                0x0000000008000bdc                get_timer_freq
                0x0000000008000be8                get_instret_value
                0x0000000008000bfa                get_cycle_value
                0x0000000008000c0c                measure_cpu_freq
                0x0000000008000c5c                get_cpu_freq
                0x0000000008000c7a                eclic_init
                0x0000000008000ca2                eclic_enable_interrupt
                0x0000000008000cb4                eclic_disable_interrupt
                0x0000000008000cc4                eclic_set_pending
                0x0000000008000cd8                eclic_clear_pending
                0x0000000008000cea                eclic_set_intctrl
                0x0000000008000cfa                eclic_get_intctrl
                0x0000000008000d0e                eclic_set_intattr
                0x0000000008000d1e                eclic_get_intattr
                0x0000000008000d32                eclic_set_cliccfg
                0x0000000008000d3c                eclic_get_cliccfg
                0x0000000008000d4a                eclic_set_mth
                0x0000000008000d54                eclic_get_mth
                0x0000000008000d62                eclic_set_nlbits
                0x0000000008000d7a                eclic_get_nlbits
                0x0000000008000d88                eclic_set_irq_lvl
                0x0000000008000dea                eclic_get_irq_lvl
                0x0000000008000e32                eclic_set_irq_lvl_abs
                0x0000000008000e90                eclic_get_irq_lvl_abs
                0x0000000008000ed4                eclic_set_irq_priority
                0x0000000008000f2c                eclic_get_irq_priority
                0x0000000008000f72                eclic_mode_enable
                0x0000000008000f84                eclic_set_vmode
                0x0000000008000fa0                eclic_set_nonvmode
                0x0000000008000fb8                eclic_set_level_trig
                0x0000000008000fd0                eclic_set_posedge_trig
                0x0000000008000fe8                eclic_set_negedge_trig
 .text          0x0000000008001004      0x1d8 chip/gd32/system_gd32vf103.o
                0x0000000008001004                SystemInit
                0x0000000008001120                SystemCoreClockUpdate
 .text          0x00000000080011dc      0x2d4 chip/gd32/gd32vf103_gpio.o
                0x00000000080011dc                gpio_deinit
                0x000000000800127a                gpio_afio_deinit
                0x000000000800129a                gpio_init
                0x0000000008001342                gpio_bit_set
                0x0000000008001346                gpio_bit_reset
                0x000000000800134a                gpio_bit_write
                0x0000000008001354                gpio_port_write
                0x0000000008001358                gpio_input_bit_get
                0x0000000008001362                gpio_input_port_get
                0x000000000800136a                gpio_output_bit_get
                0x0000000008001374                gpio_output_port_get
                0x000000000800137c                gpio_pin_remap_config
                0x0000000008001402                gpio_exti_source_select
                0x0000000008001470                gpio_event_output_config
                0x0000000008001484                gpio_event_output_enable
                0x0000000008001492                gpio_event_output_disable
                0x00000000080014a0                gpio_pin_lock
 .text          0x00000000080014b0      0x57c chip/gd32/gd32vf103_rcu.o
                0x00000000080014b0                rcu_periph_clock_enable
                0x00000000080014c8                rcu_periph_clock_disable
                0x00000000080014e4                rcu_periph_clock_sleep_enable
                0x00000000080014ec                rcu_periph_clock_sleep_disable
                0x00000000080014f4                rcu_periph_reset_enable
                0x00000000080014fc                rcu_periph_reset_disable
                0x0000000008001504                rcu_bkp_reset_enable
                0x0000000008001512                rcu_bkp_reset_disable
                0x0000000008001522                rcu_system_clock_source_config
                0x0000000008001530                rcu_system_clock_source_get
                0x000000000800153a                rcu_ahb_clock_config
                0x000000000800154a                rcu_apb1_clock_config
                0x000000000800155a                rcu_apb2_clock_config
                0x000000000800156e                rcu_ckout0_config
                0x0000000008001582                rcu_pll_config
                0x0000000008001598                rcu_predv0_config
                0x00000000080015ac                rcu_predv1_config
                0x00000000080015bc                rcu_pll1_config
                0x00000000080015d4                rcu_pll2_config
                0x00000000080015ea                rcu_adc_clock_config
                0x000000000800162c                rcu_usb_clock_config
                0x0000000008001640                rcu_rtc_clock_config
                0x0000000008001650                rcu_i2s1_clock_config
                0x0000000008001662                rcu_i2s2_clock_config
                0x0000000008001676                rcu_flag_get
                0x000000000800168a                rcu_all_reset_flag_clear
                0x000000000800169a                rcu_interrupt_flag_get
                0x00000000080016a2                rcu_interrupt_flag_clear
                0x00000000080016aa                rcu_interrupt_enable
                0x00000000080016b2                rcu_interrupt_disable
                0x00000000080016ba                rcu_osci_stab_wait
                0x00000000080017cc                rcu_deinit
                0x0000000008001830                rcu_osci_on
                0x0000000008001838                rcu_osci_off
                0x0000000008001840                rcu_osci_bypass_mode_enable
                0x000000000800187c                rcu_osci_bypass_mode_disable
                0x00000000080018b8                rcu_hxtal_clock_monitor_enable
                0x00000000080018c8                rcu_hxtal_clock_monitor_disable
                0x00000000080018da                rcu_irc8m_adjust_value_set
                0x00000000080018f0                rcu_deepsleep_voltage_set
                0x00000000080018fa                rcu_clock_freq_get
 .text          0x0000000008001a2c      0x37e chip/gd32/gd32vf103_spi.o
                0x0000000008001a2c                spi_i2s_deinit
                0x0000000008001a92                spi_struct_para_init
                0x0000000008001aac                spi_init
                0x0000000008001ae2                spi_enable
                0x0000000008001aec                spi_disable
                0x0000000008001af6                i2s_init
                0x0000000008001b12                i2s_psc_config
                0x0000000008001bfe                i2s_enable
                0x0000000008001c08                i2s_disable
                0x0000000008001c12                spi_nss_output_enable
                0x0000000008001c1c                spi_nss_output_disable
                0x0000000008001c24                spi_nss_internal_high
                0x0000000008001c2e                spi_nss_internal_low
                0x0000000008001c38                spi_dma_enable
                0x0000000008001c4a                spi_dma_disable
                0x0000000008001c58                spi_i2s_data_frame_format_config
                0x0000000008001c6c                spi_i2s_data_transmit
                0x0000000008001c70                spi_i2s_data_receive
                0x0000000008001c78                spi_bidirectional_transfer_config
                0x0000000008001c92                spi_crc_polynomial_set
                0x0000000008001c9e                spi_crc_polynomial_get
                0x0000000008001ca6                spi_crc_on
                0x0000000008001cb0                spi_crc_off
                0x0000000008001cbc                spi_crc_next
                0x0000000008001cc6                spi_crc_get
                0x0000000008001cd4                spi_ti_mode_enable
                0x0000000008001cde                spi_ti_mode_disable
                0x0000000008001ce6                spi_nssp_mode_enable
                0x0000000008001cf0                spi_nssp_mode_disable
                0x0000000008001cf8                spi_i2s_interrupt_enable
                0x0000000008001d20                spi_i2s_interrupt_disable
                0x0000000008001d48                spi_i2s_interrupt_flag_get
                0x0000000008001d98                spi_i2s_flag_get
                0x0000000008001da2                spi_crc_error_clear
 .text          0x0000000008001daa      0x37c chip/gd32/gd32vf103_usart.o
                0x0000000008001daa                usart_deinit
                0x0000000008001e4c                usart_baudrate_set
                0x0000000008001eb4                usart_parity_config
                0x0000000008001ec4                usart_word_length_set
                0x0000000008001ed6                usart_stop_bit_set
                0x0000000008001ee8                usart_enable
                0x0000000008001ef2                usart_disable
                0x0000000008001efe                usart_transmit_config
                0x0000000008001f08                usart_receive_config
                0x0000000008001f12                usart_data_transmit
                0x0000000008001f1a                usart_data_receive
                0x0000000008001f22                usart_address_config
                0x0000000008001f32                usart_mute_mode_enable
                0x0000000008001f3c                usart_mute_mode_disable
                0x0000000008001f44                usart_mute_mode_wakeup_config
                0x0000000008001f58                usart_lin_mode_enable
                0x0000000008001f62                usart_lin_mode_disable
                0x0000000008001f6e                usart_lin_break_detection_length_config
                0x0000000008001f82                usart_send_break
                0x0000000008001f8c                usart_halfduplex_enable
                0x0000000008001f96                usart_halfduplex_disable
                0x0000000008001f9e                usart_synchronous_clock_enable
                0x0000000008001fac                usart_synchronous_clock_disable
                0x0000000008001fba                usart_synchronous_clock_config
                0x0000000008001fd6                usart_guard_time_config
                0x0000000008001ff2                usart_smartcard_mode_enable
                0x0000000008001ffc                usart_smartcard_mode_disable
                0x0000000008002006                usart_smartcard_mode_nack_enable
                0x0000000008002010                usart_smartcard_mode_nack_disable
                0x0000000008002018                usart_irda_mode_enable
                0x0000000008002022                usart_irda_mode_disable
                0x000000000800202a                usart_prescaler_config
                0x000000000800203a                usart_irda_lowpower_config
                0x000000000800204a                usart_hardware_flow_rts_config
                0x0000000008002056                usart_hardware_flow_cts_config
                0x0000000008002062                usart_dma_receive_config
                0x000000000800206e                usart_dma_transmit_config
                0x000000000800207a                usart_flag_get
                0x000000000800208e                usart_flag_clear
                0x00000000080020aa                usart_interrupt_enable
                0x00000000080020c2                usart_interrupt_disable
                0x00000000080020de                usart_interrupt_flag_get
                0x000000000800210c                usart_interrupt_flag_clear
 .text          0x0000000008002126       0x60 briscits/cpu/riscv/RV32IMAC/cpu.o
                0x0000000008002126                cpu_rd_sp
                0x000000000800212c                cpu_atomic_acquire
                0x000000000800213e                cpu_atomic_release
                0x0000000008002148                cpu_int_enable
                0x000000000800214e                cpu_int_disable
                0x000000000800215a                cpu_int_enabled
                0x0000000008002162                cpu_int_set
                0x0000000008002172                eclic_mtip_handler
                0x000000000800217a                eclic_msip_handler
                0x0000000008002182                cpu_set_initial_state
 .text          0x0000000008002186       0x9a bsp/sipeed-longan-nano/main.o
 .text.startup  0x0000000008002220      0x17e bsp/sipeed-longan-nano/main.o
                0x0000000008002220                main
 .text          0x000000000800239e      0x292 bsp/sipeed-longan-nano/brisc_board.o
                0x0000000008002418                spi_config
                0x0000000008002460                board_init
                0x0000000008002626                board_clkfreq
 .text          0x0000000008002630       0xba bsp/sipeed-longan-nano/brisc_timer.o
                0x0000000008002630                brisc_timer_init
 .text          0x00000000080026ea       0x38 bsp/sipeed-longan-nano/rgb_led.o
                0x00000000080026ea                rgb_led_r
                0x00000000080026fa                rgb_led_g
                0x000000000800270e                rgb_led_b
 *fill*         0x0000000008002722        0x2 
 .text          0x0000000008002724       0xe8 /opt/riscv-gcc/lib/gcc/riscv32-unknown-elf/10.1.0/../../../../riscv32-unknown-elf/lib/libc.a(lib_a-itoa.o)
                0x0000000008002724                __itoa
                0x0000000008002798                itoa
 .text          0x000000000800280c      0x11c /opt/riscv-gcc/lib/gcc/riscv32-unknown-elf/10.1.0/../../../../riscv32-unknown-elf/lib/libc.a(lib_a-memcpy.o)
                0x000000000800280c                memcpy
 .text          0x0000000008002928       0xdc /opt/riscv-gcc/lib/gcc/riscv32-unknown-elf/10.1.0/../../../../riscv32-unknown-elf/lib/libc.a(lib_a-memset.o)
                0x0000000008002928                memset
 .text          0x0000000008002a04       0x8c /opt/riscv-gcc/lib/gcc/riscv32-unknown-elf/10.1.0/../../../../riscv32-unknown-elf/lib/libc.a(lib_a-strcat.o)
                0x0000000008002a04                strcat
 .text          0x0000000008002a90       0xb0 /opt/riscv-gcc/lib/gcc/riscv32-unknown-elf/10.1.0/../../../../riscv32-unknown-elf/lib/libc.a(lib_a-strcpy.o)
                0x0000000008002a90                strcpy
 .text          0x0000000008002b40       0xf4 /opt/riscv-gcc/lib/gcc/riscv32-unknown-elf/10.1.0/../../../../riscv32-unknown-elf/lib/libc.a(lib_a-utoa.o)
                0x0000000008002b40                __utoa
                0x0000000008002c2c                utoa
 .text          0x0000000008002c34      0x434 /opt/riscv-gcc/lib/gcc/riscv32-unknown-elf/10.1.0/libgcc.a(_udivdi3.o)
                0x0000000008002c34                __udivdi3
 .text          0x0000000008003068      0x404 /opt/riscv-gcc/lib/gcc/riscv32-unknown-elf/10.1.0/libgcc.a(_umoddi3.o)
                0x0000000008003068                __umoddi3
 .text          0x000000000800346c       0x80 /opt/riscv-gcc/lib/gcc/riscv32-unknown-elf/10.1.0/libgcc.a(fixdfsi.o)
                0x000000000800346c                __fixdfsi
 .text          0x00000000080034ec      0x460 /opt/riscv-gcc/lib/gcc/riscv32-unknown-elf/10.1.0/libgcc.a(addsf3.o)
                0x00000000080034ec                __addsf3
 .text          0x000000000800394c      0x33c /opt/riscv-gcc/lib/gcc/riscv32-unknown-elf/10.1.0/libgcc.a(divsf3.o)
                0x000000000800394c                __divsf3
 .text          0x0000000008003c88       0xb4 /opt/riscv-gcc/lib/gcc/riscv32-unknown-elf/10.1.0/libgcc.a(lesf2.o)
                0x0000000008003c88                __lesf2
                0x0000000008003c88                __ltsf2
 .text          0x0000000008003d3c      0x30c /opt/riscv-gcc/lib/gcc/riscv32-unknown-elf/10.1.0/libgcc.a(mulsf3.o)
                0x0000000008003d3c                __mulsf3
 .text          0x0000000008004048      0x470 /opt/riscv-gcc/lib/gcc/riscv32-unknown-elf/10.1.0/libgcc.a(subsf3.o)
                0x0000000008004048                __subsf3
 .text          0x00000000080044b8       0x70 /opt/riscv-gcc/lib/gcc/riscv32-unknown-elf/10.1.0/libgcc.a(fixsfsi.o)
                0x00000000080044b8                __fixsfsi
 .text          0x0000000008004528      0x10c /opt/riscv-gcc/lib/gcc/riscv32-unknown-elf/10.1.0/libgcc.a(floatsisf.o)
                0x0000000008004528                __floatsisf
 .text          0x0000000008004634       0xe0 /opt/riscv-gcc/lib/gcc/riscv32-unknown-elf/10.1.0/libgcc.a(floatunsisf.o)
                0x0000000008004634                __floatunsisf
 .text          0x0000000008004714       0xe0 /opt/riscv-gcc/lib/gcc/riscv32-unknown-elf/10.1.0/libgcc.a(extendsfdf2.o)
                0x0000000008004714                __extendsfdf2
 .text          0x00000000080047f4      0x184 /opt/riscv-gcc/lib/gcc/riscv32-unknown-elf/10.1.0/libgcc.a(truncdfsf2.o)
                0x00000000080047f4                __truncdfsf2
 .text          0x0000000008004978       0x4c /opt/riscv-gcc/lib/gcc/riscv32-unknown-elf/10.1.0/libgcc.a(_clzsi2.o)
                0x0000000008004978                __clzsi2
 .text          0x00000000080049c4      0x1f4 /opt/riscv-gcc/lib/gcc/riscv32-unknown-elf/10.1.0/../../../../riscv32-unknown-elf/lib/libm.a(lib_a-s_ceil.o)
                0x00000000080049c4                ceil
 .text          0x0000000008004bb8      0x10c /opt/riscv-gcc/lib/gcc/riscv32-unknown-elf/10.1.0/../../../../riscv32-unknown-elf/lib/libm.a(lib_a-w_log10.o)
                0x0000000008004bb8                log10
 .text          0x0000000008004cc4      0x20c /opt/riscv-gcc/lib/gcc/riscv32-unknown-elf/10.1.0/../../../../riscv32-unknown-elf/lib/libm.a(lib_a-e_log10.o)
                0x0000000008004cc4                __ieee754_log10
 .text          0x0000000008004ed0      0x6f4 /opt/riscv-gcc/lib/gcc/riscv32-unknown-elf/10.1.0/../../../../riscv32-unknown-elf/lib/libm.a(lib_a-e_log.o)
                0x0000000008004ed0                __ieee754_log
 .text          0x00000000080055c4       0x10 /opt/riscv-gcc/lib/gcc/riscv32-unknown-elf/10.1.0/../../../../riscv32-unknown-elf/lib/libm.a(lib_a-s_nan.o)
                0x00000000080055c4                nan
 .text          0x00000000080055d4      0x1ba briscits/libbrisc.a(brisc_irq.o)
                0x00000000080055d4                brisc_isr_systick
                0x00000000080056b4                brisc_isr_yield
 .text          0x000000000800578e      0x1e6 briscits/libbrisc.a(brisc_thread.o)
                0x0000000008005790                b_thread_set_systick_fn
                0x000000000800579c                b_thread_set_yield_fn
                0x00000000080057a8                b_thread_systick
                0x00000000080057b4                b_thread_lock
                0x00000000080057cc                b_thread_unlock
                0x00000000080057e4                b_thread_yield
                0x00000000080057f0                b_thread_create
                0x00000000080058ba                b_thread_init
                0x000000000800591a                b_thread_set_prio
                0x0000000008005948                b_thread_stop
                0x0000000008005952                b_thread_start
                0x000000000800595c                b_thread_current
 .text          0x0000000008005974       0x38 briscits/libbrisc.a(brisc_delay.o)
                0x0000000008005974                b_delay_ms
 .text          0x00000000080059ac       0xae briscits/libbrisc.a(brisc_sched.o)
                0x00000000080059ac                b_thread_schedule_next
                0x0000000008005a3c                b_thread_state
 *fill*         0x0000000008005a5a        0x2 
 .text          0x0000000008005a5c      0x7e0 /opt/riscv-gcc/lib/gcc/riscv32-unknown-elf/10.1.0/libgcc.a(adddf3.o)
                0x0000000008005a5c                __adddf3
 .text          0x000000000800623c      0x6f0 /opt/riscv-gcc/lib/gcc/riscv32-unknown-elf/10.1.0/libgcc.a(divdf3.o)
                0x000000000800623c                __divdf3
 .text          0x000000000800692c       0x8c /opt/riscv-gcc/lib/gcc/riscv32-unknown-elf/10.1.0/libgcc.a(eqdf2.o)
                0x000000000800692c                __eqdf2
                0x000000000800692c                __nedf2
 .text          0x00000000080069b8       0xe4 /opt/riscv-gcc/lib/gcc/riscv32-unknown-elf/10.1.0/libgcc.a(gedf2.o)
                0x00000000080069b8                __gtdf2
                0x00000000080069b8                __gedf2
 .text          0x0000000008006a9c       0xe4 /opt/riscv-gcc/lib/gcc/riscv32-unknown-elf/10.1.0/libgcc.a(ledf2.o)
                0x0000000008006a9c                __ltdf2
                0x0000000008006a9c                __ledf2
 .text          0x0000000008006b80      0x5d8 /opt/riscv-gcc/lib/gcc/riscv32-unknown-elf/10.1.0/libgcc.a(muldf3.o)
                0x0000000008006b80                __muldf3
 .text          0x0000000008007158      0x7f4 /opt/riscv-gcc/lib/gcc/riscv32-unknown-elf/10.1.0/libgcc.a(subdf3.o)
                0x0000000008007158                __subdf3
 .text          0x000000000800794c       0x4c /opt/riscv-gcc/lib/gcc/riscv32-unknown-elf/10.1.0/libgcc.a(unorddf2.o)
                0x000000000800794c                __unorddf2
 .text          0x0000000008007998       0xac /opt/riscv-gcc/lib/gcc/riscv32-unknown-elf/10.1.0/libgcc.a(floatsidf.o)
                0x0000000008007998                __floatsidf
 .text          0x0000000008007a44        0xc /opt/riscv-gcc/lib/gcc/riscv32-unknown-elf/10.1.0/../../../../riscv32-unknown-elf/lib/libc.a(lib_a-errno.o)
                0x0000000008007a44                __errno
 .text          0x0000000008007a50       0xa8 /opt/riscv-gcc/lib/gcc/riscv32-unknown-elf/10.1.0/../../../../riscv32-unknown-elf/lib/libc.a(lib_a-strncpy.o)
                0x0000000008007a50                strncpy
 *(.rodata .rodata.*)
 .rodata        0x0000000008007af8       0x5c lib/xprintf.o
 .rodata.str1.4
                0x0000000008007b54       0x1f lib/xprintf.o
 *fill*         0x0000000008007b73        0x1 
 .rodata.str1.4
                0x0000000008007b74        0x2 lib/ftoa.o
 *fill*         0x0000000008007b76        0x2 
 .rodata        0x0000000008007b78       0x10 chip/gd32/gd32vf103_rcu.o
 .rodata        0x0000000008007b88       0x1c chip/gd32/gd32vf103_spi.o
 .rodata.str1.4
                0x0000000008007ba4       0x48 bsp/sipeed-longan-nano/main.o
 .rodata.str1.4
                0x0000000008007bec       0x25 /opt/riscv-gcc/lib/gcc/riscv32-unknown-elf/10.1.0/../../../../riscv32-unknown-elf/lib/libc.a(lib_a-utoa.o)
 *fill*         0x0000000008007c11        0x3 
 .rodata        0x0000000008007c14       0x3c /opt/riscv-gcc/lib/gcc/riscv32-unknown-elf/10.1.0/libgcc.a(divsf3.o)
 .rodata        0x0000000008007c50       0x3c /opt/riscv-gcc/lib/gcc/riscv32-unknown-elf/10.1.0/libgcc.a(mulsf3.o)
 .rodata        0x0000000008007c8c      0x100 /opt/riscv-gcc/lib/gcc/riscv32-unknown-elf/10.1.0/libgcc.a(_clz.o)
                0x0000000008007c8c                __clz_tab
 .rodata.str1.4
                0x0000000008007d8c       0x25 /opt/riscv-gcc/lib/gcc/riscv32-unknown-elf/10.1.0/../../../../riscv32-unknown-elf/lib/libm.a(lib_a-w_log10.o)
                                          0x1 (size before relaxing)
 .rodata        0x0000000008007d8c       0x3c /opt/riscv-gcc/lib/gcc/riscv32-unknown-elf/10.1.0/libgcc.a(divdf3.o)
 .rodata        0x0000000008007dc8       0x3c /opt/riscv-gcc/lib/gcc/riscv32-unknown-elf/10.1.0/libgcc.a(muldf3.o)
 *(.srodata .srodata.*)
 .srodata.cst4  0x0000000008007e04        0x8 lib/ftoa.o
 .srodata.cst4  0x0000000008007e0c        0x4 bsp/sipeed-longan-nano/main.o
 .srodata.cst8  0x0000000008007e10        0x8 /opt/riscv-gcc/lib/gcc/riscv32-unknown-elf/10.1.0/../../../../riscv32-unknown-elf/lib/libm.a(lib_a-s_ceil.o)
 .srodata.cst8  0x0000000008007e18        0x8 /opt/riscv-gcc/lib/gcc/riscv32-unknown-elf/10.1.0/../../../../riscv32-unknown-elf/lib/libm.a(lib_a-w_log10.o)
 .srodata.cst8  0x0000000008007e20       0x28 /opt/riscv-gcc/lib/gcc/riscv32-unknown-elf/10.1.0/../../../../riscv32-unknown-elf/lib/libm.a(lib_a-e_log10.o)
 .srodata.cst8  0x0000000008007e48       0x68 /opt/riscv-gcc/lib/gcc/riscv32-unknown-elf/10.1.0/../../../../riscv32-unknown-elf/lib/libm.a(lib_a-e_log.o)
                                         0x78 (size before relaxing)
 .srodata.cst8  0x0000000008007eb0        0x8 /opt/riscv-gcc/lib/gcc/riscv32-unknown-elf/10.1.0/../../../../riscv32-unknown-elf/lib/libm.a(lib_a-s_nan.o)

.rela.dyn       0x0000000008007eb8        0x0
 .rela.text.default_interrupt_handler
                0x0000000008007eb8        0x0 chip/gd32/gd32vf103xb/vectors.o
 .rela.text     0x0000000008007eb8        0x0 chip/gd32/gd32vf103xb/vectors.o
                0x0000000008007eb8                . = ALIGN (0x4)
                [!provide]                        PROVIDE (__etext = .)
                [!provide]                        PROVIDE (_etext = .)
                [!provide]                        PROVIDE (etext = .)
                0x0000000008007eb8                _sidata = .

.data           0x0000000020000000      0x43c load address 0x0000000008007eb8
                0x0000000020000000                _sdata = .
 *(.rdata)
 *(.data .data.*)
 .data          0x0000000020000000      0x428 /opt/riscv-gcc/lib/gcc/riscv32-unknown-elf/10.1.0/../../../../riscv32-unknown-elf/lib/libc.a(lib_a-impure.o)
 *(.sdata .sdata.*)
 .sdata         0x0000000020000428        0x4 chip/gd32/system_gd32vf103.o
                0x0000000020000428                SystemCoreClock
 .sdata         0x000000002000042c        0xc bsp/sipeed-longan-nano/main.o
 .sdata         0x0000000020000438        0x4 /opt/riscv-gcc/lib/gcc/riscv32-unknown-elf/10.1.0/../../../../riscv32-unknown-elf/lib/libc.a(lib_a-impure.o)
                0x0000000020000438                _impure_ptr
                0x000000002000043c                . = ALIGN (0x4)
                0x000000002000043c                _edata = .
                [!provide]                        PROVIDE (_edata = .)
                [!provide]                        PROVIDE (edata = .)
                [!provide]                        PROVIDE (_fbss = .)
                [!provide]                        PROVIDE (__bss_start = .)

.bss            0x0000000020000440      0xca8 load address 0x00000000080082f8
                0x0000000020000440                _sbss = .
 *(.sbss*)
 .sbss          0x0000000020000440        0xc lib/xprintf.o
                0x0000000020000440                xfunc_in
                0x0000000020000448                xfunc_out
 .sbss          0x000000002000044c        0x1 bsp/sipeed-longan-nano/main.o
 *fill*         0x000000002000044d        0x3 
 .sbss          0x0000000020000450        0x4 /opt/riscv-gcc/lib/gcc/riscv32-unknown-elf/10.1.0/../../../../riscv32-unknown-elf/lib/libm.a(lib_a-s_lib_ver.o)
                0x0000000020000450                __fdlib_version
 *(.bss .bss.*)
 .bss           0x0000000020000454      0xc00 bsp/sipeed-longan-nano/main.o
 *fill*         0x0000000020001054        0x4 
 .bss           0x0000000020001058       0x90 briscits/libbrisc.a(brisc_sched.o)
                0x0000000020001058                brisc_scheduler_state
 *(COMMON)
                0x00000000200010e8                . = ALIGN (0x4)
                0x00000000200010e8                _ebss = .
                0x00000000200010e8                . = ALIGN (0x8)
                [!provide]                        PROVIDE (_end = .)
                [!provide]                        PROVIDE (end = .)

.stack          0x0000000020007c00      0x400 load address 0x000000000800fab8
                [!provide]                        PROVIDE (_heap_end = .)
                0x0000000000000400                . = __stack_size
 *fill*         0x0000000020007c00      0x400 
                0x0000000020008000                PROVIDE (_sp = .)
OUTPUT(sipeed-longan-nano.elf elf32-littleriscv)

.riscv.attributes
                0x0000000000000000       0x2b
 .riscv.attributes
                0x0000000000000000       0x29 chip/gd32/gd32vf103xb/vectors.o
 .riscv.attributes
                0x0000000000000029       0x29 chip/gd32/boot.o
 .riscv.attributes
                0x0000000000000052       0x2b lib/xprintf.o
 .riscv.attributes
                0x000000000000007d       0x2b lib/ftoa.o
 .riscv.attributes
                0x00000000000000a8       0x2b chip/gd32/bss_init.o
 .riscv.attributes
                0x00000000000000d3       0x2b chip/gd32/n200_func.o
 .riscv.attributes
                0x00000000000000fe       0x2b chip/gd32/system_gd32vf103.o
 .riscv.attributes
                0x0000000000000129       0x2b chip/gd32/gd32vf103_gpio.o
 .riscv.attributes
                0x0000000000000154       0x2b chip/gd32/gd32vf103_rcu.o
 .riscv.attributes
                0x000000000000017f       0x2b chip/gd32/gd32vf103_spi.o
 .riscv.attributes
                0x00000000000001aa       0x2b chip/gd32/gd32vf103_usart.o
 .riscv.attributes
                0x00000000000001d5       0x2b briscits/cpu/riscv/RV32IMAC/cpu.o
 .riscv.attributes
                0x0000000000000200       0x2b bsp/sipeed-longan-nano/main.o
 .riscv.attributes
                0x000000000000022b       0x2b bsp/sipeed-longan-nano/brisc_board.o
 .riscv.attributes
                0x0000000000000256       0x2b bsp/sipeed-longan-nano/brisc_timer.o
 .riscv.attributes
                0x0000000000000281       0x2b bsp/sipeed-longan-nano/rgb_led.o
 .riscv.attributes
                0x00000000000002ac       0x21 /opt/riscv-gcc/lib/gcc/riscv32-unknown-elf/10.1.0/../../../../riscv32-unknown-elf/lib/libc.a(lib_a-itoa.o)
 .riscv.attributes
                0x00000000000002cd       0x21 /opt/riscv-gcc/lib/gcc/riscv32-unknown-elf/10.1.0/../../../../riscv32-unknown-elf/lib/libc.a(lib_a-memcpy.o)
 .riscv.attributes
                0x00000000000002ee       0x1f /opt/riscv-gcc/lib/gcc/riscv32-unknown-elf/10.1.0/../../../../riscv32-unknown-elf/lib/libc.a(lib_a-memset.o)
 .riscv.attributes
                0x000000000000030d       0x21 /opt/riscv-gcc/lib/gcc/riscv32-unknown-elf/10.1.0/../../../../riscv32-unknown-elf/lib/libc.a(lib_a-strcat.o)
 .riscv.attributes
                0x000000000000032e       0x21 /opt/riscv-gcc/lib/gcc/riscv32-unknown-elf/10.1.0/../../../../riscv32-unknown-elf/lib/libc.a(lib_a-strcpy.o)
 .riscv.attributes
                0x000000000000034f       0x21 /opt/riscv-gcc/lib/gcc/riscv32-unknown-elf/10.1.0/../../../../riscv32-unknown-elf/lib/libc.a(lib_a-utoa.o)
 .riscv.attributes
                0x0000000000000370       0x21 /opt/riscv-gcc/lib/gcc/riscv32-unknown-elf/10.1.0/libgcc.a(_udivdi3.o)
 .riscv.attributes
                0x0000000000000391       0x21 /opt/riscv-gcc/lib/gcc/riscv32-unknown-elf/10.1.0/libgcc.a(_umoddi3.o)
 .riscv.attributes
                0x00000000000003b2       0x21 /opt/riscv-gcc/lib/gcc/riscv32-unknown-elf/10.1.0/libgcc.a(fixdfsi.o)
 .riscv.attributes
                0x00000000000003d3       0x21 /opt/riscv-gcc/lib/gcc/riscv32-unknown-elf/10.1.0/libgcc.a(addsf3.o)
 .riscv.attributes
                0x00000000000003f4       0x21 /opt/riscv-gcc/lib/gcc/riscv32-unknown-elf/10.1.0/libgcc.a(divsf3.o)
 .riscv.attributes
                0x0000000000000415       0x21 /opt/riscv-gcc/lib/gcc/riscv32-unknown-elf/10.1.0/libgcc.a(lesf2.o)
 .riscv.attributes
                0x0000000000000436       0x21 /opt/riscv-gcc/lib/gcc/riscv32-unknown-elf/10.1.0/libgcc.a(mulsf3.o)
 .riscv.attributes
                0x0000000000000457       0x21 /opt/riscv-gcc/lib/gcc/riscv32-unknown-elf/10.1.0/libgcc.a(subsf3.o)
 .riscv.attributes
                0x0000000000000478       0x21 /opt/riscv-gcc/lib/gcc/riscv32-unknown-elf/10.1.0/libgcc.a(fixsfsi.o)
 .riscv.attributes
                0x0000000000000499       0x21 /opt/riscv-gcc/lib/gcc/riscv32-unknown-elf/10.1.0/libgcc.a(floatsisf.o)
 .riscv.attributes
                0x00000000000004ba       0x21 /opt/riscv-gcc/lib/gcc/riscv32-unknown-elf/10.1.0/libgcc.a(floatunsisf.o)
 .riscv.attributes
                0x00000000000004db       0x21 /opt/riscv-gcc/lib/gcc/riscv32-unknown-elf/10.1.0/libgcc.a(extendsfdf2.o)
 .riscv.attributes
                0x00000000000004fc       0x21 /opt/riscv-gcc/lib/gcc/riscv32-unknown-elf/10.1.0/libgcc.a(truncdfsf2.o)
 .riscv.attributes
                0x000000000000051d       0x21 /opt/riscv-gcc/lib/gcc/riscv32-unknown-elf/10.1.0/libgcc.a(_clz.o)
 .riscv.attributes
                0x000000000000053e       0x21 /opt/riscv-gcc/lib/gcc/riscv32-unknown-elf/10.1.0/libgcc.a(_clzsi2.o)
 .riscv.attributes
                0x000000000000055f       0x21 /opt/riscv-gcc/lib/gcc/riscv32-unknown-elf/10.1.0/../../../../riscv32-unknown-elf/lib/libm.a(lib_a-s_ceil.o)
 .riscv.attributes
                0x0000000000000580       0x21 /opt/riscv-gcc/lib/gcc/riscv32-unknown-elf/10.1.0/../../../../riscv32-unknown-elf/lib/libm.a(lib_a-w_log10.o)
 .riscv.attributes
                0x00000000000005a1       0x21 /opt/riscv-gcc/lib/gcc/riscv32-unknown-elf/10.1.0/../../../../riscv32-unknown-elf/lib/libm.a(lib_a-e_log10.o)
 .riscv.attributes
                0x00000000000005c2       0x21 /opt/riscv-gcc/lib/gcc/riscv32-unknown-elf/10.1.0/../../../../riscv32-unknown-elf/lib/libm.a(lib_a-e_log.o)
 .riscv.attributes
                0x00000000000005e3       0x21 /opt/riscv-gcc/lib/gcc/riscv32-unknown-elf/10.1.0/../../../../riscv32-unknown-elf/lib/libm.a(lib_a-s_lib_ver.o)
 .riscv.attributes
                0x0000000000000604       0x21 /opt/riscv-gcc/lib/gcc/riscv32-unknown-elf/10.1.0/../../../../riscv32-unknown-elf/lib/libm.a(lib_a-s_nan.o)
 .riscv.attributes
                0x0000000000000625       0x2b briscits/libbrisc.a(brisc_irq.o)
 .riscv.attributes
                0x0000000000000650       0x2b briscits/libbrisc.a(brisc_thread.o)
 .riscv.attributes
                0x000000000000067b       0x2b briscits/libbrisc.a(brisc_delay.o)
 .riscv.attributes
                0x00000000000006a6       0x2b briscits/libbrisc.a(brisc_sched.o)
 .riscv.attributes
                0x00000000000006d1       0x21 /opt/riscv-gcc/lib/gcc/riscv32-unknown-elf/10.1.0/libgcc.a(adddf3.o)
 .riscv.attributes
                0x00000000000006f2       0x21 /opt/riscv-gcc/lib/gcc/riscv32-unknown-elf/10.1.0/libgcc.a(divdf3.o)
 .riscv.attributes
                0x0000000000000713       0x21 /opt/riscv-gcc/lib/gcc/riscv32-unknown-elf/10.1.0/libgcc.a(eqdf2.o)
 .riscv.attributes
                0x0000000000000734       0x21 /opt/riscv-gcc/lib/gcc/riscv32-unknown-elf/10.1.0/libgcc.a(gedf2.o)
 .riscv.attributes
                0x0000000000000755       0x21 /opt/riscv-gcc/lib/gcc/riscv32-unknown-elf/10.1.0/libgcc.a(ledf2.o)
 .riscv.attributes
                0x0000000000000776       0x21 /opt/riscv-gcc/lib/gcc/riscv32-unknown-elf/10.1.0/libgcc.a(muldf3.o)
 .riscv.attributes
                0x0000000000000797       0x21 /opt/riscv-gcc/lib/gcc/riscv32-unknown-elf/10.1.0/libgcc.a(subdf3.o)
 .riscv.attributes
                0x00000000000007b8       0x21 /opt/riscv-gcc/lib/gcc/riscv32-unknown-elf/10.1.0/libgcc.a(unorddf2.o)
 .riscv.attributes
                0x00000000000007d9       0x21 /opt/riscv-gcc/lib/gcc/riscv32-unknown-elf/10.1.0/libgcc.a(floatsidf.o)
 .riscv.attributes
                0x00000000000007fa       0x21 /opt/riscv-gcc/lib/gcc/riscv32-unknown-elf/10.1.0/../../../../riscv32-unknown-elf/lib/libc.a(lib_a-errno.o)
 .riscv.attributes
                0x000000000000081b       0x21 /opt/riscv-gcc/lib/gcc/riscv32-unknown-elf/10.1.0/../../../../riscv32-unknown-elf/lib/libc.a(lib_a-impure.o)
 .riscv.attributes
                0x000000000000083c       0x21 /opt/riscv-gcc/lib/gcc/riscv32-unknown-elf/10.1.0/../../../../riscv32-unknown-elf/lib/libc.a(lib_a-strncpy.o)

.comment        0x0000000000000000       0x12
 .comment       0x0000000000000000       0x12 lib/xprintf.o
                                         0x13 (size before relaxing)
 .comment       0x0000000000000012       0x13 lib/ftoa.o
 .comment       0x0000000000000012       0x13 chip/gd32/bss_init.o
 .comment       0x0000000000000012       0x13 chip/gd32/n200_func.o
 .comment       0x0000000000000012       0x13 chip/gd32/system_gd32vf103.o
 .comment       0x0000000000000012       0x13 chip/gd32/gd32vf103_gpio.o
 .comment       0x0000000000000012       0x13 chip/gd32/gd32vf103_rcu.o
 .comment       0x0000000000000012       0x13 chip/gd32/gd32vf103_spi.o
 .comment       0x0000000000000012       0x13 chip/gd32/gd32vf103_usart.o
 .comment       0x0000000000000012       0x13 briscits/cpu/riscv/RV32IMAC/cpu.o
 .comment       0x0000000000000012       0x13 bsp/sipeed-longan-nano/main.o
 .comment       0x0000000000000012       0x13 bsp/sipeed-longan-nano/brisc_board.o
 .comment       0x0000000000000012       0x13 bsp/sipeed-longan-nano/brisc_timer.o
 .comment       0x0000000000000012       0x13 bsp/sipeed-longan-nano/rgb_led.o
 .comment       0x0000000000000012       0x13 /opt/riscv-gcc/lib/gcc/riscv32-unknown-elf/10.1.0/../../../../riscv32-unknown-elf/lib/libc.a(lib_a-itoa.o)
 .comment       0x0000000000000012       0x13 /opt/riscv-gcc/lib/gcc/riscv32-unknown-elf/10.1.0/../../../../riscv32-unknown-elf/lib/libc.a(lib_a-memcpy.o)
 .comment       0x0000000000000012       0x13 /opt/riscv-gcc/lib/gcc/riscv32-unknown-elf/10.1.0/../../../../riscv32-unknown-elf/lib/libc.a(lib_a-strcat.o)
 .comment       0x0000000000000012       0x13 /opt/riscv-gcc/lib/gcc/riscv32-unknown-elf/10.1.0/../../../../riscv32-unknown-elf/lib/libc.a(lib_a-strcpy.o)
 .comment       0x0000000000000012       0x13 /opt/riscv-gcc/lib/gcc/riscv32-unknown-elf/10.1.0/../../../../riscv32-unknown-elf/lib/libc.a(lib_a-utoa.o)
 .comment       0x0000000000000012       0x13 /opt/riscv-gcc/lib/gcc/riscv32-unknown-elf/10.1.0/libgcc.a(_udivdi3.o)
 .comment       0x0000000000000012       0x13 /opt/riscv-gcc/lib/gcc/riscv32-unknown-elf/10.1.0/libgcc.a(_umoddi3.o)
 .comment       0x0000000000000012       0x13 /opt/riscv-gcc/lib/gcc/riscv32-unknown-elf/10.1.0/libgcc.a(fixdfsi.o)
 .comment       0x0000000000000012       0x13 /opt/riscv-gcc/lib/gcc/riscv32-unknown-elf/10.1.0/libgcc.a(addsf3.o)
 .comment       0x0000000000000012       0x13 /opt/riscv-gcc/lib/gcc/riscv32-unknown-elf/10.1.0/libgcc.a(divsf3.o)
 .comment       0x0000000000000012       0x13 /opt/riscv-gcc/lib/gcc/riscv32-unknown-elf/10.1.0/libgcc.a(lesf2.o)
 .comment       0x0000000000000012       0x13 /opt/riscv-gcc/lib/gcc/riscv32-unknown-elf/10.1.0/libgcc.a(mulsf3.o)
 .comment       0x0000000000000012       0x13 /opt/riscv-gcc/lib/gcc/riscv32-unknown-elf/10.1.0/libgcc.a(subsf3.o)
 .comment       0x0000000000000012       0x13 /opt/riscv-gcc/lib/gcc/riscv32-unknown-elf/10.1.0/libgcc.a(fixsfsi.o)
 .comment       0x0000000000000012       0x13 /opt/riscv-gcc/lib/gcc/riscv32-unknown-elf/10.1.0/libgcc.a(floatsisf.o)
 .comment       0x0000000000000012       0x13 /opt/riscv-gcc/lib/gcc/riscv32-unknown-elf/10.1.0/libgcc.a(floatunsisf.o)
 .comment       0x0000000000000012       0x13 /opt/riscv-gcc/lib/gcc/riscv32-unknown-elf/10.1.0/libgcc.a(extendsfdf2.o)
 .comment       0x0000000000000012       0x13 /opt/riscv-gcc/lib/gcc/riscv32-unknown-elf/10.1.0/libgcc.a(truncdfsf2.o)
 .comment       0x0000000000000012       0x13 /opt/riscv-gcc/lib/gcc/riscv32-unknown-elf/10.1.0/libgcc.a(_clz.o)
 .comment       0x0000000000000012       0x13 /opt/riscv-gcc/lib/gcc/riscv32-unknown-elf/10.1.0/libgcc.a(_clzsi2.o)
 .comment       0x0000000000000012       0x13 /opt/riscv-gcc/lib/gcc/riscv32-unknown-elf/10.1.0/../../../../riscv32-unknown-elf/lib/libm.a(lib_a-s_ceil.o)
 .comment       0x0000000000000012       0x13 /opt/riscv-gcc/lib/gcc/riscv32-unknown-elf/10.1.0/../../../../riscv32-unknown-elf/lib/libm.a(lib_a-w_log10.o)
 .comment       0x0000000000000012       0x13 /opt/riscv-gcc/lib/gcc/riscv32-unknown-elf/10.1.0/../../../../riscv32-unknown-elf/lib/libm.a(lib_a-e_log10.o)
 .comment       0x0000000000000012       0x13 /opt/riscv-gcc/lib/gcc/riscv32-unknown-elf/10.1.0/../../../../riscv32-unknown-elf/lib/libm.a(lib_a-e_log.o)
 .comment       0x0000000000000012       0x13 /opt/riscv-gcc/lib/gcc/riscv32-unknown-elf/10.1.0/../../../../riscv32-unknown-elf/lib/libm.a(lib_a-s_lib_ver.o)
 .comment       0x0000000000000012       0x13 /opt/riscv-gcc/lib/gcc/riscv32-unknown-elf/10.1.0/../../../../riscv32-unknown-elf/lib/libm.a(lib_a-s_nan.o)
 .comment       0x0000000000000012       0x13 briscits/libbrisc.a(brisc_irq.o)
 .comment       0x0000000000000012       0x13 briscits/libbrisc.a(brisc_thread.o)
 .comment       0x0000000000000012       0x13 briscits/libbrisc.a(brisc_delay.o)
 .comment       0x0000000000000012       0x13 briscits/libbrisc.a(brisc_sched.o)
 .comment       0x0000000000000012       0x13 /opt/riscv-gcc/lib/gcc/riscv32-unknown-elf/10.1.0/libgcc.a(adddf3.o)
 .comment       0x0000000000000012       0x13 /opt/riscv-gcc/lib/gcc/riscv32-unknown-elf/10.1.0/libgcc.a(divdf3.o)
 .comment       0x0000000000000012       0x13 /opt/riscv-gcc/lib/gcc/riscv32-unknown-elf/10.1.0/libgcc.a(eqdf2.o)
 .comment       0x0000000000000012       0x13 /opt/riscv-gcc/lib/gcc/riscv32-unknown-elf/10.1.0/libgcc.a(gedf2.o)
 .comment       0x0000000000000012       0x13 /opt/riscv-gcc/lib/gcc/riscv32-unknown-elf/10.1.0/libgcc.a(ledf2.o)
 .comment       0x0000000000000012       0x13 /opt/riscv-gcc/lib/gcc/riscv32-unknown-elf/10.1.0/libgcc.a(muldf3.o)
 .comment       0x0000000000000012       0x13 /opt/riscv-gcc/lib/gcc/riscv32-unknown-elf/10.1.0/libgcc.a(subdf3.o)
 .comment       0x0000000000000012       0x13 /opt/riscv-gcc/lib/gcc/riscv32-unknown-elf/10.1.0/libgcc.a(unorddf2.o)
 .comment       0x0000000000000012       0x13 /opt/riscv-gcc/lib/gcc/riscv32-unknown-elf/10.1.0/libgcc.a(floatsidf.o)
 .comment       0x0000000000000012       0x13 /opt/riscv-gcc/lib/gcc/riscv32-unknown-elf/10.1.0/../../../../riscv32-unknown-elf/lib/libc.a(lib_a-errno.o)
 .comment       0x0000000000000012       0x13 /opt/riscv-gcc/lib/gcc/riscv32-unknown-elf/10.1.0/../../../../riscv32-unknown-elf/lib/libc.a(lib_a-impure.o)
 .comment       0x0000000000000012       0x13 /opt/riscv-gcc/lib/gcc/riscv32-unknown-elf/10.1.0/../../../../riscv32-unknown-elf/lib/libc.a(lib_a-strncpy.o)

.debug_info     0x0000000000000000     0x5477
 .debug_info    0x0000000000000000      0x7b2 /opt/riscv-gcc/lib/gcc/riscv32-unknown-elf/10.1.0/libgcc.a(_udivdi3.o)
 .debug_info    0x00000000000007b2      0x80c /opt/riscv-gcc/lib/gcc/riscv32-unknown-elf/10.1.0/libgcc.a(_umoddi3.o)
 .debug_info    0x0000000000000fbe      0x1e7 /opt/riscv-gcc/lib/gcc/riscv32-unknown-elf/10.1.0/libgcc.a(fixdfsi.o)
 .debug_info    0x00000000000011a5      0x33c /opt/riscv-gcc/lib/gcc/riscv32-unknown-elf/10.1.0/libgcc.a(addsf3.o)
 .debug_info    0x00000000000014e1      0x3a3 /opt/riscv-gcc/lib/gcc/riscv32-unknown-elf/10.1.0/libgcc.a(divsf3.o)
 .debug_info    0x0000000000001884      0x22a /opt/riscv-gcc/lib/gcc/riscv32-unknown-elf/10.1.0/libgcc.a(lesf2.o)
 .debug_info    0x0000000000001aae      0x394 /opt/riscv-gcc/lib/gcc/riscv32-unknown-elf/10.1.0/libgcc.a(mulsf3.o)
 .debug_info    0x0000000000001e42      0x33c /opt/riscv-gcc/lib/gcc/riscv32-unknown-elf/10.1.0/libgcc.a(subsf3.o)
 .debug_info    0x000000000000217e      0x1c7 /opt/riscv-gcc/lib/gcc/riscv32-unknown-elf/10.1.0/libgcc.a(fixsfsi.o)
 .debug_info    0x0000000000002345      0x23c /opt/riscv-gcc/lib/gcc/riscv32-unknown-elf/10.1.0/libgcc.a(floatsisf.o)
 .debug_info    0x0000000000002581      0x229 /opt/riscv-gcc/lib/gcc/riscv32-unknown-elf/10.1.0/libgcc.a(floatunsisf.o)
 .debug_info    0x00000000000027aa      0x28b /opt/riscv-gcc/lib/gcc/riscv32-unknown-elf/10.1.0/libgcc.a(extendsfdf2.o)
 .debug_info    0x0000000000002a35      0x2a9 /opt/riscv-gcc/lib/gcc/riscv32-unknown-elf/10.1.0/libgcc.a(truncdfsf2.o)
 .debug_info    0x0000000000002cde       0xd7 /opt/riscv-gcc/lib/gcc/riscv32-unknown-elf/10.1.0/libgcc.a(_clz.o)
 .debug_info    0x0000000000002db5      0x144 /opt/riscv-gcc/lib/gcc/riscv32-unknown-elf/10.1.0/libgcc.a(_clzsi2.o)
 .debug_info    0x0000000000002ef9      0x581 /opt/riscv-gcc/lib/gcc/riscv32-unknown-elf/10.1.0/libgcc.a(adddf3.o)
 .debug_info    0x000000000000347a      0x72a /opt/riscv-gcc/lib/gcc/riscv32-unknown-elf/10.1.0/libgcc.a(divdf3.o)
 .debug_info    0x0000000000003ba4      0x255 /opt/riscv-gcc/lib/gcc/riscv32-unknown-elf/10.1.0/libgcc.a(eqdf2.o)
 .debug_info    0x0000000000003df9      0x253 /opt/riscv-gcc/lib/gcc/riscv32-unknown-elf/10.1.0/libgcc.a(gedf2.o)
 .debug_info    0x000000000000404c      0x253 /opt/riscv-gcc/lib/gcc/riscv32-unknown-elf/10.1.0/libgcc.a(ledf2.o)
 .debug_info    0x000000000000429f      0x766 /opt/riscv-gcc/lib/gcc/riscv32-unknown-elf/10.1.0/libgcc.a(muldf3.o)
 .debug_info    0x0000000000004a05      0x581 /opt/riscv-gcc/lib/gcc/riscv32-unknown-elf/10.1.0/libgcc.a(subdf3.o)
 .debug_info    0x0000000000004f86      0x256 /opt/riscv-gcc/lib/gcc/riscv32-unknown-elf/10.1.0/libgcc.a(unorddf2.o)
 .debug_info    0x00000000000051dc      0x29b /opt/riscv-gcc/lib/gcc/riscv32-unknown-elf/10.1.0/libgcc.a(floatsidf.o)

.debug_abbrev   0x0000000000000000     0x205f
 .debug_abbrev  0x0000000000000000      0x19d /opt/riscv-gcc/lib/gcc/riscv32-unknown-elf/10.1.0/libgcc.a(_udivdi3.o)
 .debug_abbrev  0x000000000000019d      0x1b9 /opt/riscv-gcc/lib/gcc/riscv32-unknown-elf/10.1.0/libgcc.a(_umoddi3.o)
 .debug_abbrev  0x0000000000000356      0x15e /opt/riscv-gcc/lib/gcc/riscv32-unknown-elf/10.1.0/libgcc.a(fixdfsi.o)
 .debug_abbrev  0x00000000000004b4      0x161 /opt/riscv-gcc/lib/gcc/riscv32-unknown-elf/10.1.0/libgcc.a(addsf3.o)
 .debug_abbrev  0x0000000000000615      0x14c /opt/riscv-gcc/lib/gcc/riscv32-unknown-elf/10.1.0/libgcc.a(divsf3.o)
 .debug_abbrev  0x0000000000000761      0x14d /opt/riscv-gcc/lib/gcc/riscv32-unknown-elf/10.1.0/libgcc.a(lesf2.o)
 .debug_abbrev  0x00000000000008ae      0x166 /opt/riscv-gcc/lib/gcc/riscv32-unknown-elf/10.1.0/libgcc.a(mulsf3.o)
 .debug_abbrev  0x0000000000000a14      0x161 /opt/riscv-gcc/lib/gcc/riscv32-unknown-elf/10.1.0/libgcc.a(subsf3.o)
 .debug_abbrev  0x0000000000000b75      0x15e /opt/riscv-gcc/lib/gcc/riscv32-unknown-elf/10.1.0/libgcc.a(fixsfsi.o)
 .debug_abbrev  0x0000000000000cd3      0x184 /opt/riscv-gcc/lib/gcc/riscv32-unknown-elf/10.1.0/libgcc.a(floatsisf.o)
 .debug_abbrev  0x0000000000000e57      0x195 /opt/riscv-gcc/lib/gcc/riscv32-unknown-elf/10.1.0/libgcc.a(floatunsisf.o)
 .debug_abbrev  0x0000000000000fec      0x158 /opt/riscv-gcc/lib/gcc/riscv32-unknown-elf/10.1.0/libgcc.a(extendsfdf2.o)
 .debug_abbrev  0x0000000000001144      0x14d /opt/riscv-gcc/lib/gcc/riscv32-unknown-elf/10.1.0/libgcc.a(truncdfsf2.o)
 .debug_abbrev  0x0000000000001291       0x70 /opt/riscv-gcc/lib/gcc/riscv32-unknown-elf/10.1.0/libgcc.a(_clz.o)
 .debug_abbrev  0x0000000000001301       0xca /opt/riscv-gcc/lib/gcc/riscv32-unknown-elf/10.1.0/libgcc.a(_clzsi2.o)
 .debug_abbrev  0x00000000000013cb      0x173 /opt/riscv-gcc/lib/gcc/riscv32-unknown-elf/10.1.0/libgcc.a(adddf3.o)
 .debug_abbrev  0x000000000000153e      0x173 /opt/riscv-gcc/lib/gcc/riscv32-unknown-elf/10.1.0/libgcc.a(divdf3.o)
 .debug_abbrev  0x00000000000016b1      0x14b /opt/riscv-gcc/lib/gcc/riscv32-unknown-elf/10.1.0/libgcc.a(eqdf2.o)
 .debug_abbrev  0x00000000000017fc      0x15e /opt/riscv-gcc/lib/gcc/riscv32-unknown-elf/10.1.0/libgcc.a(gedf2.o)
 .debug_abbrev  0x000000000000195a      0x15e /opt/riscv-gcc/lib/gcc/riscv32-unknown-elf/10.1.0/libgcc.a(ledf2.o)
 .debug_abbrev  0x0000000000001ab8      0x185 /opt/riscv-gcc/lib/gcc/riscv32-unknown-elf/10.1.0/libgcc.a(muldf3.o)
 .debug_abbrev  0x0000000000001c3d      0x173 /opt/riscv-gcc/lib/gcc/riscv32-unknown-elf/10.1.0/libgcc.a(subdf3.o)
 .debug_abbrev  0x0000000000001db0      0x14b /opt/riscv-gcc/lib/gcc/riscv32-unknown-elf/10.1.0/libgcc.a(unorddf2.o)
 .debug_abbrev  0x0000000000001efb      0x164 /opt/riscv-gcc/lib/gcc/riscv32-unknown-elf/10.1.0/libgcc.a(floatsidf.o)

.debug_loc      0x0000000000000000     0x8e06
 .debug_loc     0x0000000000000000      0xbcd /opt/riscv-gcc/lib/gcc/riscv32-unknown-elf/10.1.0/libgcc.a(_udivdi3.o)
 .debug_loc     0x0000000000000bcd      0x930 /opt/riscv-gcc/lib/gcc/riscv32-unknown-elf/10.1.0/libgcc.a(_umoddi3.o)
 .debug_loc     0x00000000000014fd      0x181 /opt/riscv-gcc/lib/gcc/riscv32-unknown-elf/10.1.0/libgcc.a(fixdfsi.o)
 .debug_loc     0x000000000000167e      0x909 /opt/riscv-gcc/lib/gcc/riscv32-unknown-elf/10.1.0/libgcc.a(addsf3.o)
 .debug_loc     0x0000000000001f87      0x74d /opt/riscv-gcc/lib/gcc/riscv32-unknown-elf/10.1.0/libgcc.a(divsf3.o)
 .debug_loc     0x00000000000026d4      0x145 /opt/riscv-gcc/lib/gcc/riscv32-unknown-elf/10.1.0/libgcc.a(lesf2.o)
 .debug_loc     0x0000000000002819      0x5e4 /opt/riscv-gcc/lib/gcc/riscv32-unknown-elf/10.1.0/libgcc.a(mulsf3.o)
 .debug_loc     0x0000000000002dfd      0xc52 /opt/riscv-gcc/lib/gcc/riscv32-unknown-elf/10.1.0/libgcc.a(subsf3.o)
 .debug_loc     0x0000000000003a4f      0x12f /opt/riscv-gcc/lib/gcc/riscv32-unknown-elf/10.1.0/libgcc.a(fixsfsi.o)
 .debug_loc     0x0000000000003b7e      0x191 /opt/riscv-gcc/lib/gcc/riscv32-unknown-elf/10.1.0/libgcc.a(floatsisf.o)
 .debug_loc     0x0000000000003d0f      0x165 /opt/riscv-gcc/lib/gcc/riscv32-unknown-elf/10.1.0/libgcc.a(floatunsisf.o)
 .debug_loc     0x0000000000003e74      0x202 /opt/riscv-gcc/lib/gcc/riscv32-unknown-elf/10.1.0/libgcc.a(extendsfdf2.o)
 .debug_loc     0x0000000000004076      0x33a /opt/riscv-gcc/lib/gcc/riscv32-unknown-elf/10.1.0/libgcc.a(truncdfsf2.o)
 .debug_loc     0x00000000000043b0       0x6b /opt/riscv-gcc/lib/gcc/riscv32-unknown-elf/10.1.0/libgcc.a(_clzsi2.o)
 .debug_loc     0x000000000000441b     0x11ec /opt/riscv-gcc/lib/gcc/riscv32-unknown-elf/10.1.0/libgcc.a(adddf3.o)
 .debug_loc     0x0000000000005607     0x1494 /opt/riscv-gcc/lib/gcc/riscv32-unknown-elf/10.1.0/libgcc.a(divdf3.o)
 .debug_loc     0x0000000000006a9b       0xa4 /opt/riscv-gcc/lib/gcc/riscv32-unknown-elf/10.1.0/libgcc.a(eqdf2.o)
 .debug_loc     0x0000000000006b3f      0x135 /opt/riscv-gcc/lib/gcc/riscv32-unknown-elf/10.1.0/libgcc.a(gedf2.o)
 .debug_loc     0x0000000000006c74      0x135 /opt/riscv-gcc/lib/gcc/riscv32-unknown-elf/10.1.0/libgcc.a(ledf2.o)
 .debug_loc     0x0000000000006da9      0xd56 /opt/riscv-gcc/lib/gcc/riscv32-unknown-elf/10.1.0/libgcc.a(muldf3.o)
 .debug_loc     0x0000000000007aff     0x114d /opt/riscv-gcc/lib/gcc/riscv32-unknown-elf/10.1.0/libgcc.a(subdf3.o)
 .debug_loc     0x0000000000008c4c       0x61 /opt/riscv-gcc/lib/gcc/riscv32-unknown-elf/10.1.0/libgcc.a(unorddf2.o)
 .debug_loc     0x0000000000008cad      0x159 /opt/riscv-gcc/lib/gcc/riscv32-unknown-elf/10.1.0/libgcc.a(floatsidf.o)

.debug_aranges  0x0000000000000000      0x2f8
 .debug_aranges
                0x0000000000000000       0x20 /opt/riscv-gcc/lib/gcc/riscv32-unknown-elf/10.1.0/libgcc.a(_udivdi3.o)
 .debug_aranges
                0x0000000000000020       0x20 /opt/riscv-gcc/lib/gcc/riscv32-unknown-elf/10.1.0/libgcc.a(_umoddi3.o)
 .debug_aranges
                0x0000000000000040       0x20 /opt/riscv-gcc/lib/gcc/riscv32-unknown-elf/10.1.0/libgcc.a(fixdfsi.o)
 .debug_aranges
                0x0000000000000060       0x20 /opt/riscv-gcc/lib/gcc/riscv32-unknown-elf/10.1.0/libgcc.a(addsf3.o)
 .debug_aranges
                0x0000000000000080       0x20 /opt/riscv-gcc/lib/gcc/riscv32-unknown-elf/10.1.0/libgcc.a(divsf3.o)
 .debug_aranges
                0x00000000000000a0       0x20 /opt/riscv-gcc/lib/gcc/riscv32-unknown-elf/10.1.0/libgcc.a(lesf2.o)
 .debug_aranges
                0x00000000000000c0       0x20 /opt/riscv-gcc/lib/gcc/riscv32-unknown-elf/10.1.0/libgcc.a(mulsf3.o)
 .debug_aranges
                0x00000000000000e0       0x20 /opt/riscv-gcc/lib/gcc/riscv32-unknown-elf/10.1.0/libgcc.a(subsf3.o)
 .debug_aranges
                0x0000000000000100       0x20 /opt/riscv-gcc/lib/gcc/riscv32-unknown-elf/10.1.0/libgcc.a(fixsfsi.o)
 .debug_aranges
                0x0000000000000120       0x20 /opt/riscv-gcc/lib/gcc/riscv32-unknown-elf/10.1.0/libgcc.a(floatsisf.o)
 .debug_aranges
                0x0000000000000140       0x20 /opt/riscv-gcc/lib/gcc/riscv32-unknown-elf/10.1.0/libgcc.a(floatunsisf.o)
 .debug_aranges
                0x0000000000000160       0x20 /opt/riscv-gcc/lib/gcc/riscv32-unknown-elf/10.1.0/libgcc.a(extendsfdf2.o)
 .debug_aranges
                0x0000000000000180       0x20 /opt/riscv-gcc/lib/gcc/riscv32-unknown-elf/10.1.0/libgcc.a(truncdfsf2.o)
 .debug_aranges
                0x00000000000001a0       0x18 /opt/riscv-gcc/lib/gcc/riscv32-unknown-elf/10.1.0/libgcc.a(_clz.o)
 .debug_aranges
                0x00000000000001b8       0x20 /opt/riscv-gcc/lib/gcc/riscv32-unknown-elf/10.1.0/libgcc.a(_clzsi2.o)
 .debug_aranges
                0x00000000000001d8       0x20 /opt/riscv-gcc/lib/gcc/riscv32-unknown-elf/10.1.0/libgcc.a(adddf3.o)
 .debug_aranges
                0x00000000000001f8       0x20 /opt/riscv-gcc/lib/gcc/riscv32-unknown-elf/10.1.0/libgcc.a(divdf3.o)
 .debug_aranges
                0x0000000000000218       0x20 /opt/riscv-gcc/lib/gcc/riscv32-unknown-elf/10.1.0/libgcc.a(eqdf2.o)
 .debug_aranges
                0x0000000000000238       0x20 /opt/riscv-gcc/lib/gcc/riscv32-unknown-elf/10.1.0/libgcc.a(gedf2.o)
 .debug_aranges
                0x0000000000000258       0x20 /opt/riscv-gcc/lib/gcc/riscv32-unknown-elf/10.1.0/libgcc.a(ledf2.o)
 .debug_aranges
                0x0000000000000278       0x20 /opt/riscv-gcc/lib/gcc/riscv32-unknown-elf/10.1.0/libgcc.a(muldf3.o)
 .debug_aranges
                0x0000000000000298       0x20 /opt/riscv-gcc/lib/gcc/riscv32-unknown-elf/10.1.0/libgcc.a(subdf3.o)
 .debug_aranges
                0x00000000000002b8       0x20 /opt/riscv-gcc/lib/gcc/riscv32-unknown-elf/10.1.0/libgcc.a(unorddf2.o)
 .debug_aranges
                0x00000000000002d8       0x20 /opt/riscv-gcc/lib/gcc/riscv32-unknown-elf/10.1.0/libgcc.a(floatsidf.o)

.debug_ranges   0x0000000000000000     0x1178
 .debug_ranges  0x0000000000000000       0xf8 /opt/riscv-gcc/lib/gcc/riscv32-unknown-elf/10.1.0/libgcc.a(_udivdi3.o)
 .debug_ranges  0x00000000000000f8       0xd8 /opt/riscv-gcc/lib/gcc/riscv32-unknown-elf/10.1.0/libgcc.a(_umoddi3.o)
 .debug_ranges  0x00000000000001d0       0x18 /opt/riscv-gcc/lib/gcc/riscv32-unknown-elf/10.1.0/libgcc.a(fixdfsi.o)
 .debug_ranges  0x00000000000001e8      0x168 /opt/riscv-gcc/lib/gcc/riscv32-unknown-elf/10.1.0/libgcc.a(addsf3.o)
 .debug_ranges  0x0000000000000350       0xc0 /opt/riscv-gcc/lib/gcc/riscv32-unknown-elf/10.1.0/libgcc.a(divsf3.o)
 .debug_ranges  0x0000000000000410       0x70 /opt/riscv-gcc/lib/gcc/riscv32-unknown-elf/10.1.0/libgcc.a(lesf2.o)
 .debug_ranges  0x0000000000000480       0xa8 /opt/riscv-gcc/lib/gcc/riscv32-unknown-elf/10.1.0/libgcc.a(mulsf3.o)
 .debug_ranges  0x0000000000000528      0x170 /opt/riscv-gcc/lib/gcc/riscv32-unknown-elf/10.1.0/libgcc.a(subsf3.o)
 .debug_ranges  0x0000000000000698       0x18 /opt/riscv-gcc/lib/gcc/riscv32-unknown-elf/10.1.0/libgcc.a(fixsfsi.o)
 .debug_ranges  0x00000000000006b0       0x50 /opt/riscv-gcc/lib/gcc/riscv32-unknown-elf/10.1.0/libgcc.a(floatsisf.o)
 .debug_ranges  0x0000000000000700       0x50 /opt/riscv-gcc/lib/gcc/riscv32-unknown-elf/10.1.0/libgcc.a(floatunsisf.o)
 .debug_ranges  0x0000000000000750       0x38 /opt/riscv-gcc/lib/gcc/riscv32-unknown-elf/10.1.0/libgcc.a(extendsfdf2.o)
 .debug_ranges  0x0000000000000788       0x38 /opt/riscv-gcc/lib/gcc/riscv32-unknown-elf/10.1.0/libgcc.a(truncdfsf2.o)
 .debug_ranges  0x00000000000007c0       0x20 /opt/riscv-gcc/lib/gcc/riscv32-unknown-elf/10.1.0/libgcc.a(_clzsi2.o)
 .debug_ranges  0x00000000000007e0      0x248 /opt/riscv-gcc/lib/gcc/riscv32-unknown-elf/10.1.0/libgcc.a(adddf3.o)
 .debug_ranges  0x0000000000000a28      0x198 /opt/riscv-gcc/lib/gcc/riscv32-unknown-elf/10.1.0/libgcc.a(divdf3.o)
 .debug_ranges  0x0000000000000bc0       0x48 /opt/riscv-gcc/lib/gcc/riscv32-unknown-elf/10.1.0/libgcc.a(eqdf2.o)
 .debug_ranges  0x0000000000000c08       0x50 /opt/riscv-gcc/lib/gcc/riscv32-unknown-elf/10.1.0/libgcc.a(gedf2.o)
 .debug_ranges  0x0000000000000c58       0x50 /opt/riscv-gcc/lib/gcc/riscv32-unknown-elf/10.1.0/libgcc.a(ledf2.o)
 .debug_ranges  0x0000000000000ca8      0x1e0 /opt/riscv-gcc/lib/gcc/riscv32-unknown-elf/10.1.0/libgcc.a(muldf3.o)
 .debug_ranges  0x0000000000000e88      0x250 /opt/riscv-gcc/lib/gcc/riscv32-unknown-elf/10.1.0/libgcc.a(subdf3.o)
 .debug_ranges  0x00000000000010d8       0x38 /opt/riscv-gcc/lib/gcc/riscv32-unknown-elf/10.1.0/libgcc.a(unorddf2.o)
 .debug_ranges  0x0000000000001110       0x68 /opt/riscv-gcc/lib/gcc/riscv32-unknown-elf/10.1.0/libgcc.a(floatsidf.o)

.debug_line     0x0000000000000000     0x9382
 .debug_line    0x0000000000000000      0x74a /opt/riscv-gcc/lib/gcc/riscv32-unknown-elf/10.1.0/libgcc.a(_udivdi3.o)
 .debug_line    0x000000000000074a      0x7ee /opt/riscv-gcc/lib/gcc/riscv32-unknown-elf/10.1.0/libgcc.a(_umoddi3.o)
 .debug_line    0x0000000000000f38      0x20f /opt/riscv-gcc/lib/gcc/riscv32-unknown-elf/10.1.0/libgcc.a(fixdfsi.o)
 .debug_line    0x0000000000001147      0xa2f /opt/riscv-gcc/lib/gcc/riscv32-unknown-elf/10.1.0/libgcc.a(addsf3.o)
 .debug_line    0x0000000000001b76      0x83f /opt/riscv-gcc/lib/gcc/riscv32-unknown-elf/10.1.0/libgcc.a(divsf3.o)
 .debug_line    0x00000000000023b5      0x2e8 /opt/riscv-gcc/lib/gcc/riscv32-unknown-elf/10.1.0/libgcc.a(lesf2.o)
 .debug_line    0x000000000000269d      0x750 /opt/riscv-gcc/lib/gcc/riscv32-unknown-elf/10.1.0/libgcc.a(mulsf3.o)
 .debug_line    0x0000000000002ded      0xa8f /opt/riscv-gcc/lib/gcc/riscv32-unknown-elf/10.1.0/libgcc.a(subsf3.o)
 .debug_line    0x000000000000387c      0x1ff /opt/riscv-gcc/lib/gcc/riscv32-unknown-elf/10.1.0/libgcc.a(fixsfsi.o)
 .debug_line    0x0000000000003a7b      0x337 /opt/riscv-gcc/lib/gcc/riscv32-unknown-elf/10.1.0/libgcc.a(floatsisf.o)
 .debug_line    0x0000000000003db2      0x338 /opt/riscv-gcc/lib/gcc/riscv32-unknown-elf/10.1.0/libgcc.a(floatunsisf.o)
 .debug_line    0x00000000000040ea      0x3a0 /opt/riscv-gcc/lib/gcc/riscv32-unknown-elf/10.1.0/libgcc.a(extendsfdf2.o)
 .debug_line    0x000000000000448a      0x454 /opt/riscv-gcc/lib/gcc/riscv32-unknown-elf/10.1.0/libgcc.a(truncdfsf2.o)
 .debug_line    0x00000000000048de       0x54 /opt/riscv-gcc/lib/gcc/riscv32-unknown-elf/10.1.0/libgcc.a(_clz.o)
 .debug_line    0x0000000000004932       0xe0 /opt/riscv-gcc/lib/gcc/riscv32-unknown-elf/10.1.0/libgcc.a(_clzsi2.o)
 .debug_line    0x0000000000004a12     0x100e /opt/riscv-gcc/lib/gcc/riscv32-unknown-elf/10.1.0/libgcc.a(adddf3.o)
 .debug_line    0x0000000000005a20      0xf65 /opt/riscv-gcc/lib/gcc/riscv32-unknown-elf/10.1.0/libgcc.a(divdf3.o)
 .debug_line    0x0000000000006985      0x24b /opt/riscv-gcc/lib/gcc/riscv32-unknown-elf/10.1.0/libgcc.a(eqdf2.o)
 .debug_line    0x0000000000006bd0      0x2e0 /opt/riscv-gcc/lib/gcc/riscv32-unknown-elf/10.1.0/libgcc.a(gedf2.o)
 .debug_line    0x0000000000006eb0      0x2e0 /opt/riscv-gcc/lib/gcc/riscv32-unknown-elf/10.1.0/libgcc.a(ledf2.o)
 .debug_line    0x0000000000007190      0xda0 /opt/riscv-gcc/lib/gcc/riscv32-unknown-elf/10.1.0/libgcc.a(muldf3.o)
 .debug_line    0x0000000000007f30     0x1073 /opt/riscv-gcc/lib/gcc/riscv32-unknown-elf/10.1.0/libgcc.a(subdf3.o)
 .debug_line    0x0000000000008fa3      0x196 /opt/riscv-gcc/lib/gcc/riscv32-unknown-elf/10.1.0/libgcc.a(unorddf2.o)
 .debug_line    0x0000000000009139      0x249 /opt/riscv-gcc/lib/gcc/riscv32-unknown-elf/10.1.0/libgcc.a(floatsidf.o)

.debug_str      0x0000000000000000      0xd34
 .debug_str     0x0000000000000000      0x26f /opt/riscv-gcc/lib/gcc/riscv32-unknown-elf/10.1.0/libgcc.a(_udivdi3.o)
                                        0x2cf (size before relaxing)
 .debug_str     0x000000000000026f        0xa /opt/riscv-gcc/lib/gcc/riscv32-unknown-elf/10.1.0/libgcc.a(_umoddi3.o)
                                        0x2cf (size before relaxing)
 .debug_str     0x0000000000000279      0x13f /opt/riscv-gcc/lib/gcc/riscv32-unknown-elf/10.1.0/libgcc.a(fixdfsi.o)
                                        0x238 (size before relaxing)
 .debug_str     0x00000000000003b8      0x14f /opt/riscv-gcc/lib/gcc/riscv32-unknown-elf/10.1.0/libgcc.a(addsf3.o)
                                        0x2ed (size before relaxing)
 .debug_str     0x0000000000000507      0x152 /opt/riscv-gcc/lib/gcc/riscv32-unknown-elf/10.1.0/libgcc.a(divsf3.o)
                                        0x357 (size before relaxing)
 .debug_str     0x0000000000000659       0x78 /opt/riscv-gcc/lib/gcc/riscv32-unknown-elf/10.1.0/libgcc.a(lesf2.o)
                                        0x243 (size before relaxing)
 .debug_str     0x00000000000006d1       0x71 /opt/riscv-gcc/lib/gcc/riscv32-unknown-elf/10.1.0/libgcc.a(mulsf3.o)
                                        0x312 (size before relaxing)
 .debug_str     0x0000000000000742       0x37 /opt/riscv-gcc/lib/gcc/riscv32-unknown-elf/10.1.0/libgcc.a(subsf3.o)
                                        0x2ed (size before relaxing)
 .debug_str     0x0000000000000779       0x39 /opt/riscv-gcc/lib/gcc/riscv32-unknown-elf/10.1.0/libgcc.a(fixsfsi.o)
                                        0x226 (size before relaxing)
 .debug_str     0x00000000000007b2       0x6a /opt/riscv-gcc/lib/gcc/riscv32-unknown-elf/10.1.0/libgcc.a(floatsisf.o)
                                        0x2b8 (size before relaxing)
 .debug_str     0x000000000000081c       0x41 /opt/riscv-gcc/lib/gcc/riscv32-unknown-elf/10.1.0/libgcc.a(floatunsisf.o)
                                        0x2b5 (size before relaxing)
 .debug_str     0x000000000000085d       0x6b /opt/riscv-gcc/lib/gcc/riscv32-unknown-elf/10.1.0/libgcc.a(extendsfdf2.o)
                                        0x265 (size before relaxing)
 .debug_str     0x00000000000008c8       0x3f /opt/riscv-gcc/lib/gcc/riscv32-unknown-elf/10.1.0/libgcc.a(truncdfsf2.o)
                                        0x2ba (size before relaxing)
 .debug_str     0x0000000000000907      0x216 /opt/riscv-gcc/lib/gcc/riscv32-unknown-elf/10.1.0/libgcc.a(_clz.o)
 .debug_str     0x0000000000000907      0x233 /opt/riscv-gcc/lib/gcc/riscv32-unknown-elf/10.1.0/libgcc.a(_clzsi2.o)
 .debug_str     0x0000000000000907       0x6d /opt/riscv-gcc/lib/gcc/riscv32-unknown-elf/10.1.0/libgcc.a(adddf3.o)
                                        0x32a (size before relaxing)
 .debug_str     0x0000000000000974      0x116 /opt/riscv-gcc/lib/gcc/riscv32-unknown-elf/10.1.0/libgcc.a(divdf3.o)
                                        0x3ec (size before relaxing)
 .debug_str     0x0000000000000a8a       0x35 /opt/riscv-gcc/lib/gcc/riscv32-unknown-elf/10.1.0/libgcc.a(eqdf2.o)
                                        0x23b (size before relaxing)
 .debug_str     0x0000000000000abf       0x35 /opt/riscv-gcc/lib/gcc/riscv32-unknown-elf/10.1.0/libgcc.a(gedf2.o)
                                        0x25f (size before relaxing)
 .debug_str     0x0000000000000af4       0x35 /opt/riscv-gcc/lib/gcc/riscv32-unknown-elf/10.1.0/libgcc.a(ledf2.o)
                                        0x25f (size before relaxing)
 .debug_str     0x0000000000000b29      0x15c /opt/riscv-gcc/lib/gcc/riscv32-unknown-elf/10.1.0/libgcc.a(muldf3.o)
                                        0x444 (size before relaxing)
 .debug_str     0x0000000000000c85       0x37 /opt/riscv-gcc/lib/gcc/riscv32-unknown-elf/10.1.0/libgcc.a(subdf3.o)
                                        0x32a (size before relaxing)
 .debug_str     0x0000000000000cbc       0x3b /opt/riscv-gcc/lib/gcc/riscv32-unknown-elf/10.1.0/libgcc.a(unorddf2.o)
                                        0x241 (size before relaxing)
 .debug_str     0x0000000000000cf7       0x3d /opt/riscv-gcc/lib/gcc/riscv32-unknown-elf/10.1.0/libgcc.a(floatsidf.o)
                                        0x2d7 (size before relaxing)

.debug_frame    0x0000000000000000      0x444
 .debug_frame   0x0000000000000000       0x20 /opt/riscv-gcc/lib/gcc/riscv32-unknown-elf/10.1.0/libgcc.a(fixdfsi.o)
 .debug_frame   0x0000000000000020       0x40 /opt/riscv-gcc/lib/gcc/riscv32-unknown-elf/10.1.0/libgcc.a(addsf3.o)
 .debug_frame   0x0000000000000060       0x4c /opt/riscv-gcc/lib/gcc/riscv32-unknown-elf/10.1.0/libgcc.a(divsf3.o)
 .debug_frame   0x00000000000000ac       0x20 /opt/riscv-gcc/lib/gcc/riscv32-unknown-elf/10.1.0/libgcc.a(lesf2.o)
 .debug_frame   0x00000000000000cc       0x48 /opt/riscv-gcc/lib/gcc/riscv32-unknown-elf/10.1.0/libgcc.a(mulsf3.o)
 .debug_frame   0x0000000000000114       0x40 /opt/riscv-gcc/lib/gcc/riscv32-unknown-elf/10.1.0/libgcc.a(subsf3.o)
 .debug_frame   0x0000000000000154       0x20 /opt/riscv-gcc/lib/gcc/riscv32-unknown-elf/10.1.0/libgcc.a(fixsfsi.o)
 .debug_frame   0x0000000000000174       0x38 /opt/riscv-gcc/lib/gcc/riscv32-unknown-elf/10.1.0/libgcc.a(floatsisf.o)
 .debug_frame   0x00000000000001ac       0x34 /opt/riscv-gcc/lib/gcc/riscv32-unknown-elf/10.1.0/libgcc.a(floatunsisf.o)
 .debug_frame   0x00000000000001e0       0x38 /opt/riscv-gcc/lib/gcc/riscv32-unknown-elf/10.1.0/libgcc.a(extendsfdf2.o)
 .debug_frame   0x0000000000000218       0x20 /opt/riscv-gcc/lib/gcc/riscv32-unknown-elf/10.1.0/libgcc.a(truncdfsf2.o)
 .debug_frame   0x0000000000000238       0x20 /opt/riscv-gcc/lib/gcc/riscv32-unknown-elf/10.1.0/libgcc.a(_clzsi2.o)
 .debug_frame   0x0000000000000258       0x44 /opt/riscv-gcc/lib/gcc/riscv32-unknown-elf/10.1.0/libgcc.a(adddf3.o)
 .debug_frame   0x000000000000029c       0x58 /opt/riscv-gcc/lib/gcc/riscv32-unknown-elf/10.1.0/libgcc.a(divdf3.o)
 .debug_frame   0x00000000000002f4       0x20 /opt/riscv-gcc/lib/gcc/riscv32-unknown-elf/10.1.0/libgcc.a(eqdf2.o)
 .debug_frame   0x0000000000000314       0x20 /opt/riscv-gcc/lib/gcc/riscv32-unknown-elf/10.1.0/libgcc.a(gedf2.o)
 .debug_frame   0x0000000000000334       0x20 /opt/riscv-gcc/lib/gcc/riscv32-unknown-elf/10.1.0/libgcc.a(ledf2.o)
 .debug_frame   0x0000000000000354       0x54 /opt/riscv-gcc/lib/gcc/riscv32-unknown-elf/10.1.0/libgcc.a(muldf3.o)
 .debug_frame   0x00000000000003a8       0x44 /opt/riscv-gcc/lib/gcc/riscv32-unknown-elf/10.1.0/libgcc.a(subdf3.o)
 .debug_frame   0x00000000000003ec       0x20 /opt/riscv-gcc/lib/gcc/riscv32-unknown-elf/10.1.0/libgcc.a(unorddf2.o)
 .debug_frame   0x000000000000040c       0x38 /opt/riscv-gcc/lib/gcc/riscv32-unknown-elf/10.1.0/libgcc.a(floatsidf.o)
